Archive member included because of file (symbol)

c:/program files (x86)/atmel/atmel toolchain/arm gcc/native/4.8.1426/arm-gnu-toolchain/bin/../lib/gcc/arm-none-eabi/4.8.3/../../../../arm-none-eabi/lib/armv6-m\libstdc++_s.a(pure.o)
                              Wire/Wire.o (__cxa_pure_virtual)
c:/program files (x86)/atmel/atmel toolchain/arm gcc/native/4.8.1426/arm-gnu-toolchain/bin/../lib/gcc/arm-none-eabi/4.8.3/../../../../arm-none-eabi/lib/armv6-m\libstdc++_s.a(eh_terminate.o)
                              c:/program files (x86)/atmel/atmel toolchain/arm gcc/native/4.8.1426/arm-gnu-toolchain/bin/../lib/gcc/arm-none-eabi/4.8.3/../../../../arm-none-eabi/lib/armv6-m\libstdc++_s.a(pure.o) (std::terminate())
c:/program files (x86)/atmel/atmel toolchain/arm gcc/native/4.8.1426/arm-gnu-toolchain/bin/../lib/gcc/arm-none-eabi/4.8.3/../../../../arm-none-eabi/lib/armv6-m\libstdc++_s.a(eh_unex_handler.o)
                              c:/program files (x86)/atmel/atmel toolchain/arm gcc/native/4.8.1426/arm-gnu-toolchain/bin/../lib/gcc/arm-none-eabi/4.8.3/../../../../arm-none-eabi/lib/armv6-m\libstdc++_s.a(eh_terminate.o) (__cxxabiv1::__unexpected_handler)
c:/program files (x86)/atmel/atmel toolchain/arm gcc/native/4.8.1426/arm-gnu-toolchain/bin/../lib/gcc/arm-none-eabi/4.8.3/../../../../arm-none-eabi/lib/armv6-m\libstdc++_s.a(eh_term_handler.o)
                              c:/program files (x86)/atmel/atmel toolchain/arm gcc/native/4.8.1426/arm-gnu-toolchain/bin/../lib/gcc/arm-none-eabi/4.8.3/../../../../arm-none-eabi/lib/armv6-m\libstdc++_s.a(eh_terminate.o) (__cxxabiv1::__terminate_handler)
c:/program files (x86)/atmel/atmel toolchain/arm gcc/native/4.8.1426/arm-gnu-toolchain/bin/../lib/gcc/arm-none-eabi/4.8.3/../../../../arm-none-eabi/lib/armv6-m\libstdc++_s.a(vterminate.o)
                              c:/program files (x86)/atmel/atmel toolchain/arm gcc/native/4.8.1426/arm-gnu-toolchain/bin/../lib/gcc/arm-none-eabi/4.8.3/../../../../arm-none-eabi/lib/armv6-m\libstdc++_s.a(eh_term_handler.o) (__gnu_cxx::__verbose_terminate_handler())
c:/program files (x86)/atmel/atmel toolchain/arm gcc/native/4.8.1426/arm-gnu-toolchain/bin/../lib/gcc/arm-none-eabi/4.8.3/../../../../arm-none-eabi/lib/armv6-m\libstdc++_s.a(eh_type.o)
                              c:/program files (x86)/atmel/atmel toolchain/arm gcc/native/4.8.1426/arm-gnu-toolchain/bin/../lib/gcc/arm-none-eabi/4.8.3/../../../../arm-none-eabi/lib/armv6-m\libstdc++_s.a(vterminate.o) (__cxa_current_exception_type)
c:/program files (x86)/atmel/atmel toolchain/arm gcc/native/4.8.1426/arm-gnu-toolchain/bin/../lib/gcc/arm-none-eabi/4.8.3/../../../../arm-none-eabi/lib/armv6-m\libstdc++_s.a(cp-demangle.o)
                              c:/program files (x86)/atmel/atmel toolchain/arm gcc/native/4.8.1426/arm-gnu-toolchain/bin/../lib/gcc/arm-none-eabi/4.8.3/../../../../arm-none-eabi/lib/armv6-m\libstdc++_s.a(vterminate.o) (__cxa_demangle)
c:/program files (x86)/atmel/atmel toolchain/arm gcc/native/4.8.1426/arm-gnu-toolchain/bin/../lib/gcc/arm-none-eabi/4.8.3/../../../../arm-none-eabi/lib/armv6-m\libstdc++_s.a(eh_globals.o)
                              c:/program files (x86)/atmel/atmel toolchain/arm gcc/native/4.8.1426/arm-gnu-toolchain/bin/../lib/gcc/arm-none-eabi/4.8.3/../../../../arm-none-eabi/lib/armv6-m\libstdc++_s.a(eh_type.o) (__cxa_get_globals)
c:/program files (x86)/atmel/atmel toolchain/arm gcc/native/4.8.1426/arm-gnu-toolchain/bin/../lib/gcc/arm-none-eabi/4.8.3/../../../../arm-none-eabi/lib/armv6-m\libm.a(lib_a-s_fpclassify.o)
                              core/Print.o (__fpclassifyd)
c:/program files (x86)/atmel/atmel toolchain/arm gcc/native/4.8.1426/arm-gnu-toolchain/bin/../lib/gcc/arm-none-eabi/4.8.3/armv6-m\libgcc.a(_udivsi3.o)
                              core/itoa.o (__aeabi_uidiv)
c:/program files (x86)/atmel/atmel toolchain/arm gcc/native/4.8.1426/arm-gnu-toolchain/bin/../lib/gcc/arm-none-eabi/4.8.3/armv6-m\libgcc.a(_divsi3.o)
                              core/SERCOM.o (__aeabi_idiv)
c:/program files (x86)/atmel/atmel toolchain/arm gcc/native/4.8.1426/arm-gnu-toolchain/bin/../lib/gcc/arm-none-eabi/4.8.3/armv6-m\libgcc.a(_dvmd_tls.o)
                              c:/program files (x86)/atmel/atmel toolchain/arm gcc/native/4.8.1426/arm-gnu-toolchain/bin/../lib/gcc/arm-none-eabi/4.8.3/armv6-m\libgcc.a(_udivsi3.o) (__aeabi_idiv0)
c:/program files (x86)/atmel/atmel toolchain/arm gcc/native/4.8.1426/arm-gnu-toolchain/bin/../lib/gcc/arm-none-eabi/4.8.3/armv6-m\libgcc.a(_arm_cmpdf2.o)
                              core/Print.o (__aeabi_dcmplt)
c:/program files (x86)/atmel/atmel toolchain/arm gcc/native/4.8.1426/arm-gnu-toolchain/bin/../lib/gcc/arm-none-eabi/4.8.3/armv6-m\libgcc.a(_fixunssfsi.o)
                              core/SERCOM.o (__aeabi_f2uiz)
c:/program files (x86)/atmel/atmel toolchain/arm gcc/native/4.8.1426/arm-gnu-toolchain/bin/../lib/gcc/arm-none-eabi/4.8.3/armv6-m\libgcc.a(_fixunsdfsi.o)
[...]
Memory Configuration

Name             Origin             Length             Attributes
FLASH            0x00000000         0x00040000         xr
RAM              0x20000000         0x00008000         xrw
*default*        0x00000000         0xffffffff

Linker script and memory map

LOAD c:/program files (x86)/atmel/atmel toolchain/arm gcc/native/4.8.1426/arm-gnu-toolchain/bin/../lib/gcc/arm-none-eabi/4.8.3/armv6-m/crti.o
LOAD c:/program files (x86)/atmel/atmel toolchain/arm gcc/native/4.8.1426/arm-gnu-toolchain/bin/../lib/gcc/arm-none-eabi/4.8.3/armv6-m/crtbegin.o
LOAD c:/program files (x86)/atmel/atmel toolchain/arm gcc/native/4.8.1426/arm-gnu-toolchain/bin/../lib/gcc/arm-none-eabi/4.8.3/../../../../arm-none-eabi/lib/armv6-m/crt0.o
LOAD LiquidCrystal_I2C.o
LOAD SPI/SPI.o
LOAD Wire/Wire.o
LOAD variant/variant.o
LOAD core/delay.o
LOAD core/hooks.o
LOAD core/IPAddress.o
LOAD core/itoa.o
LOAD core/main.o
LOAD core/Print.o
LOAD core/Reset.o
LOAD core/RingBuffer.o
LOAD core/SERCOM.o
LOAD core/startup.o
LOAD core/Stream.o
LOAD core/syscalls.o
LOAD core/Uart.o
LOAD core/WInterrupts.o
LOAD core/wiring.o
LOAD core/wiring_analog.o
LOAD core/wiring_digital.o
LOAD core/wiring_shift.o
LOAD core/WMath.o
LOAD core/WString.o
LOAD test.o
START GROUP
END GROUP
LOAD c:/program files (x86)/atmel/atmel toolchain/arm gcc/native/4.8.1426/arm-gnu-toolchain/bin/../lib/gcc/arm-none-eabi/4.8.3/../../../../arm-none-eabi/lib/armv6-m\libstdc++_s.a
LOAD c:/program files (x86)/atmel/atmel toolchain/arm gcc/native/4.8.1426/arm-gnu-toolchain/bin/../lib/gcc/arm-none-eabi/4.8.3/../../../../arm-none-eabi/lib/armv6-m\libm.a
START GROUP
LOAD c:/program files (x86)/atmel/atmel toolchain/arm gcc/native/4.8.1426/arm-gnu-toolchain/bin/../lib/gcc/arm-none-eabi/4.8.3/armv6-m\libgcc.a
LOAD c:/program files (x86)/atmel/atmel toolchain/arm gcc/native/4.8.1426/arm-gnu-toolchain/bin/../lib/gcc/arm-none-eabi/4.8.3/../../../../arm-none-eabi/lib/armv6-m\libc_s.a
END GROUP
START GROUP
LOAD c:/program files (x86)/atmel/atmel toolchain/arm gcc/native/4.8.1426/arm-gnu-toolchain/bin/../lib/gcc/arm-none-eabi/4.8.3/armv6-m\libgcc.a
LOAD c:/program files (x86)/atmel/atmel toolchain/arm gcc/native/4.8.1426/arm-gnu-toolchain/bin/../lib/gcc/arm-none-eabi/4.8.3/../../../../arm-none-eabi/lib/armv6-m\libc_s.a
END GROUP
LOAD c:/program files (x86)/atmel/atmel toolchain/arm gcc/native/4.8.1426/arm-gnu-toolchain/bin/../lib/gcc/arm-none-eabi/4.8.3/armv6-m/crtend.o
LOAD c:/program files (x86)/atmel/atmel toolchain/arm gcc/native/4.8.1426/arm-gnu-toolchain/bin/../lib/gcc/arm-none-eabi/4.8.3/armv6-m/crtn.o

.text           0x00000000     0x52f8
 *(.isr_vector)
 .isr_vector    0x00000000       0xb0 core/startup.o
                0x00000000                exception_table
 *(.text*)
 .text          0x000000b0       0xbc c:/program files (x86)/atmel/atmel toolchain/arm gcc/native/4.8.1426/arm-gnu-toolchain/bin/../lib/gcc/arm-none-eabi/4.8.3/armv6-m/crtbegin.o
 .text._ZN17LiquidCrystal_I2CC2Ehhh
                0x0000016c       0x18 LiquidCrystal_I2C.o
                0x0000016c                LiquidCrystal_I2C::LiquidCrystal_I2C(unsigned char, unsigned char, unsigned char)
                0x0000016c                LiquidCrystal_I2C::LiquidCrystal_I2C(unsigned char, unsigned char, unsigned char)
 .text._ZN17LiquidCrystal_I2C13expanderWriteEh
                0x00000184       0x34 LiquidCrystal_I2C.o
                0x00000184                LiquidCrystal_I2C::expanderWrite(unsigned char)
 .text._ZN17LiquidCrystal_I2C9backlightEv
                0x000001b8       0x14 LiquidCrystal_I2C.o
                0x000001b8                LiquidCrystal_I2C::backlight()
 .text._ZN17LiquidCrystal_I2C11pulseEnableEh
                0x000001cc       0x28 LiquidCrystal_I2C.o
                0x000001cc                LiquidCrystal_I2C::pulseEnable(unsigned char)
 .text._ZN17LiquidCrystal_I2C10write4bitsEh
                0x000001f4       0x1c LiquidCrystal_I2C.o
                0x000001f4                LiquidCrystal_I2C::write4bits(unsigned char)
 .text._ZN17LiquidCrystal_I2C4sendEhh
                0x00000210       0x24 LiquidCrystal_I2C.o
                0x00000210                LiquidCrystal_I2C::send(unsigned char, unsigned char)
 .text._ZN17LiquidCrystal_I2C5writeEh
                0x00000234       0x10 LiquidCrystal_I2C.o
                0x00000234                LiquidCrystal_I2C::write(unsigned char)
 .text._ZN17LiquidCrystal_I2C5clearEv
                0x00000244       0x1c LiquidCrystal_I2C.o
                0x00000244                LiquidCrystal_I2C::clear()
 .text._ZN17LiquidCrystal_I2C4homeEv
                0x00000260       0x1c LiquidCrystal_I2C.o
                0x00000260                LiquidCrystal_I2C::home()
 .text._ZN17LiquidCrystal_I2C9setCursorEhh
                0x0000027c       0x3c LiquidCrystal_I2C.o
                0x0000027c                LiquidCrystal_I2C::setCursor(unsigned char, unsigned char)
 .text._ZN17LiquidCrystal_I2C7displayEv
                0x000002b8       0x1c LiquidCrystal_I2C.o
                0x000002b8                LiquidCrystal_I2C::display()
 .text._ZN17LiquidCrystal_I2C5beginEhhh
                0x000002d4       0xc4 LiquidCrystal_I2C.o
                0x000002d4                LiquidCrystal_I2C::begin(unsigned char, unsigned char, unsigned char)
 .text._ZN17LiquidCrystal_I2C9init_privEv
                0x00000398       0x28 LiquidCrystal_I2C.o
                0x00000398                LiquidCrystal_I2C::init_priv()
 .text._ZN17LiquidCrystal_I2C4initEv
                0x000003c0        0xc LiquidCrystal_I2C.o
                0x000003c0                LiquidCrystal_I2C::init()
 .text._ZN8SPIClassC2EP6SERCOM
                0x000003cc       0x28 SPI/SPI.o
                0x000003cc                SPIClass::SPIClass(SERCOM*)
                0x000003cc                SPIClass::SPIClass(SERCOM*)
 .text._GLOBAL__sub_I__ZN8SPIClassC2EP6SERCOM
                0x000003f4       0x18 SPI/SPI.o
 .text._ZN7TwoWire5writeEPKhj
                0x0000040c       0x30 Wire/Wire.o
                0x0000040c                TwoWire::write(unsigned char const*, unsigned int)
 .text._ZN7TwoWire5flushEv
                0x0000043c        0x4 Wire/Wire.o
                0x0000043c                TwoWire::flush()
 .text._ZN7TwoWire9availableEv
                0x00000440       0x10 Wire/Wire.o
                0x00000440                TwoWire::available()
 .text._ZN7TwoWire4readEv
                0x00000450       0x10 Wire/Wire.o
                0x00000450                TwoWire::read()
 .text._ZN7TwoWire5writeEh
                0x00000460       0x50 Wire/Wire.o
                0x00000460                TwoWire::write(unsigned char)
 .text._ZN7TwoWire4peekEv
                0x000004b0       0x10 Wire/Wire.o
                0x000004b0                TwoWire::peek()
 .text._ZN7TwoWireC2EP6SERCOM
                0x000004c0       0x34 Wire/Wire.o
                0x000004c0                TwoWire::TwoWire(SERCOM*)
                0x000004c0                TwoWire::TwoWire(SERCOM*)
 .text._ZN7TwoWire5beginEv
                0x000004f4       0x40 Wire/Wire.o
                0x000004f4                TwoWire::begin()
 .text._ZN7TwoWire11requestFromEhjb
                0x00000534       0x8c Wire/Wire.o
                0x00000534                TwoWire::requestFrom(unsigned char, unsigned int, bool)
 .text._ZN7TwoWire11requestFromEhj
                0x000005c0       0x10 Wire/Wire.o
                0x000005c0                TwoWire::requestFrom(unsigned char, unsigned int)
 .text._ZN7TwoWire17beginTransmissionEh
                0x000005d0       0x18 Wire/Wire.o
                0x000005d0                TwoWire::beginTransmission(unsigned char)
 .text._ZN7TwoWire15endTransmissionEb
                0x000005e8       0x9c Wire/Wire.o
                0x000005e8                TwoWire::endTransmission(bool)
 .text._ZN7TwoWire15endTransmissionEv
                0x00000684       0x10 Wire/Wire.o
                0x00000684                TwoWire::endTransmission()
 .text._ZN7TwoWire9onServiceEv
                0x00000694       0x90 Wire/Wire.o
                0x00000694                TwoWire::onService()
 .text.SERCOM3_Handler
                0x00000724       0x14 Wire/Wire.o
                0x00000724                SERCOM3_Handler
 .text._GLOBAL__sub_I__ZN7TwoWireC2EP6SERCOM
                0x00000738       0x18 Wire/Wire.o
 .text._GLOBAL__sub_I_g_APinDescription
                0x00000750       0x84 variant/variant.o
 .text.delay    0x000007d4       0x24 core/delay.o
                0x000007d4                delay
 .text.SysTick_Handler
                0x000007f8       0x10 core/delay.o
                0x000007f8                SysTick_Handler
 .text.__empty  0x00000808        0x4 core/hooks.o
                0x00000808                yield
 .text._ZNK9IPAddress7printToER5Print
                0x0000080c       0x58 core/IPAddress.o
                0x0000080c                IPAddress::printTo(Print&) const
 .text._ZN9IPAddressC2Ehhhh
                0x00000864       0x1c core/IPAddress.o
                0x00000864                IPAddress::IPAddress(unsigned char, unsigned char, unsigned char, unsigned char)
                0x00000864                IPAddress::IPAddress(unsigned char, unsigned char, unsigned char, unsigned char)
 .text._GLOBAL__sub_I__ZN9IPAddressC2Ev
                0x00000880       0x20 core/IPAddress.o
 .text.main     0x000008a0       0x40 core/main.o
                0x000008a0                main
 .text._ZN5Print5writeEPKhj
                0x000008e0       0x2c core/Print.o
                0x000008e0                Print::write(unsigned char const*, unsigned int)
 .text._ZN5Print5printEPKc
                0x0000090c       0x24 core/Print.o
                0x0000090c                Print::print(char const*)
 .text._ZN5Print5printEc
                0x00000930        0xc core/Print.o
                0x00000930                Print::print(char)
 .text._ZN5Print7printlnEv
                0x0000093c       0x1c core/Print.o
                0x0000093c                Print::println()
 .text._ZN5Print7printlnEPKc
                0x00000958       0x1c core/Print.o
                0x00000958                Print::println(char const*)
 .text._ZN5Print11printNumberEmh
                0x00000974       0x7c core/Print.o
                0x00000974                Print::printNumber(unsigned long, unsigned char)
 .text._ZN5Print5printEmi
                0x000009f0       0x1c core/Print.o
                0x000009f0                Print::print(unsigned long, int)
 .text._ZN5Print5printEhi
                0x00000a0c        0xc core/Print.o
                0x00000a0c                Print::print(unsigned char, int)
 .text._ZN10RingBufferC2Ev
                0x00000a18       0x1c core/RingBuffer.o
                0x00000a18                RingBuffer::RingBuffer()
                0x00000a18                RingBuffer::RingBuffer()
 .text._ZN10RingBuffer10store_charEh
                0x00000a34       0x18 core/RingBuffer.o
                0x00000a34                RingBuffer::store_char(unsigned char)
 .text._ZN10RingBuffer5clearEv
                0x00000a4c        0x8 core/RingBuffer.o
                0x00000a4c                RingBuffer::clear()
 .text._ZN10RingBuffer9read_charEv
                0x00000a54       0x1c core/RingBuffer.o
                0x00000a54                RingBuffer::read_char()
 .text._ZN10RingBuffer9availableEv
                0x00000a70       0x10 core/RingBuffer.o
                0x00000a70                RingBuffer::available()
 .text._ZN10RingBuffer4peekEv
                0x00000a80       0x14 core/RingBuffer.o
                0x00000a80                RingBuffer::peek()
 .text._ZN10RingBuffer6isFullEv
                0x00000a94       0x14 core/RingBuffer.o
                0x00000a94                RingBuffer::isFull()
 .text._ZN6SERCOMC2EP6Sercom
                0x00000aa8        0x4 core/SERCOM.o
                0x00000aa8                SERCOM::SERCOM(Sercom*)
                0x00000aa8                SERCOM::SERCOM(Sercom*)
 .text._ZN6SERCOM9initFrameE18SercomUartCharSize15SercomDataOrder16SercomParityMode19SercomNumberStopBit
                0x00000aac       0x4c core/SERCOM.o
                0x00000aac                SERCOM::initFrame(SercomUartCharSize, SercomDataOrder, SercomParityMode, SercomNumberStopBit)
 .text._ZN6SERCOM8initPadsE15SercomUartTXPad11SercomRXPad
                0x00000af8       0x28 core/SERCOM.o
                0x00000af8                SERCOM::initPads(SercomUartTXPad, SercomRXPad)
 .text._ZN6SERCOM9resetUARTEv
                0x00000b20       0x1c core/SERCOM.o
                0x00000b20                SERCOM::resetUART()
 .text._ZN6SERCOM10enableUARTEv
                0x00000b3c       0x14 core/SERCOM.o
                0x00000b3c                SERCOM::enableUART()
 .text._ZN6SERCOM9flushUARTEv
                0x00000b50        0xc core/SERCOM.o
                0x00000b50                SERCOM::flushUART()
 .text._ZN6SERCOM15clearStatusUARTEv
                0x00000b5c        0x8 core/SERCOM.o
                0x00000b5c                SERCOM::clearStatusUART()
 .text._ZN6SERCOM17availableDataUARTEv
                0x00000b64        0xc core/SERCOM.o
                0x00000b64                SERCOM::availableDataUART()
 .text._ZN6SERCOM25isBufferOverflowErrorUARTEv
                0x00000b70        0xc core/SERCOM.o
                0x00000b70                SERCOM::isBufferOverflowErrorUART()
 .text._ZN6SERCOM16isFrameErrorUARTEv
                0x00000b7c        0xc core/SERCOM.o
                0x00000b7c                SERCOM::isFrameErrorUART()
 .text._ZN6SERCOM17isParityErrorUARTEv
                0x00000b88        0xc core/SERCOM.o
                0x00000b88                SERCOM::isParityErrorUART()
 .text._ZN6SERCOM12readDataUARTEv
                0x00000b94        0x8 core/SERCOM.o
                0x00000b94                SERCOM::readDataUART()
 .text._ZN6SERCOM13writeDataUARTEh
                0x00000b9c       0x18 core/SERCOM.o
                0x00000b9c                SERCOM::writeDataUART(unsigned char)
 .text._ZN6SERCOM9resetWIREEv
                0x00000bb4       0x1c core/SERCOM.o
                0x00000bb4                SERCOM::resetWIRE()
 .text._ZN6SERCOM10enableWIREEv
                0x00000bd0       0x28 core/SERCOM.o
                0x00000bd0                SERCOM::enableWIRE()
 .text._ZN6SERCOM18prepareNackBitWIREEv
                0x00000bf8       0x10 core/SERCOM.o
                0x00000bf8                SERCOM::prepareNackBitWIRE()
 .text._ZN6SERCOM17prepareAckBitWIREEv
                0x00000c08       0x10 core/SERCOM.o
                0x00000c08                SERCOM::prepareAckBitWIRE()
 .text._ZN6SERCOM22prepareCommandBitsWireE23SercomMasterCommandWire
                0x00000c18       0x24 core/SERCOM.o
                0x00000c18                SERCOM::prepareCommandBitsWire(SercomMasterCommandWire)
 .text._ZN6SERCOM21startTransmissionWIREEh23SercomWireReadWriteFlag
                0x00000c3c       0x4c core/SERCOM.o
                0x00000c3c                SERCOM::startTransmissionWIRE(unsigned char, SercomWireReadWriteFlag)
 .text._ZN6SERCOM18sendDataMasterWIREEh
                0x00000c88       0x1c core/SERCOM.o
                0x00000c88                SERCOM::sendDataMasterWIRE(unsigned char)
 .text._ZN6SERCOM17sendDataSlaveWIREEh
                0x00000ca4       0x1c core/SERCOM.o
                0x00000ca4                SERCOM::sendDataSlaveWIRE(unsigned char)
 .text._ZN6SERCOM12isMasterWIREEv
                0x00000cc0       0x14 core/SERCOM.o
                0x00000cc0                SERCOM::isMasterWIRE()
 .text._ZN6SERCOM11isSlaveWIREEv
                0x00000cd4       0x14 core/SERCOM.o
                0x00000cd4                SERCOM::isSlaveWIRE()
 .text._ZN6SERCOM15isDataReadyWIREEv
                0x00000ce8        0xc core/SERCOM.o
                0x00000ce8                SERCOM::isDataReadyWIRE()
 .text._ZN6SERCOM18isStopDetectedWIREEv
                0x00000cf4        0xc core/SERCOM.o
                0x00000cf4                SERCOM::isStopDetectedWIRE()
 .text._ZN6SERCOM21isRestartDetectedWIREEv
                0x00000d00        0xc core/SERCOM.o
                0x00000d00                SERCOM::isRestartDetectedWIRE()
 .text._ZN6SERCOM14isAddressMatchEv
                0x00000d0c        0xc core/SERCOM.o
                0x00000d0c                SERCOM::isAddressMatch()
 .text._ZN6SERCOM25isMasterReadOperationWIREEv
                0x00000d18        0xc core/SERCOM.o
                0x00000d18                SERCOM::isMasterReadOperationWIRE()
 .text._ZN6SERCOM12readDataWIREEv
                0x00000d24       0x24 core/SERCOM.o
                0x00000d24                SERCOM::readDataWIRE()
 .text._ZN6SERCOM13initClockNVICEv
                0x00000d48       0xb8 core/SERCOM.o
                0x00000d48                SERCOM::initClockNVIC()
 .text._ZN6SERCOM8initUARTE14SercomUartMode20SercomUartSampleRatem
                0x00000e00       0xa4 core/SERCOM.o
                0x00000e00                SERCOM::initUART(SercomUartMode, SercomUartSampleRate, unsigned long)
 .text._ZN6SERCOM14initMasterWIREEm
                0x00000ea4       0x44 core/SERCOM.o
                0x00000ea4                SERCOM::initMasterWIRE(unsigned long)
 .text.NMI_Handler
                0x00000ee8        0x4 core/startup.o
                0x00000ee8                NMI_Handler
 .text.HardFault_Handler
                0x00000eec        0x4 core/startup.o
                0x00000eec                HardFault_Handler
 .text.SVC_Handler
                0x00000ef0        0x4 core/startup.o
                0x00000ef0                SVC_Handler
 .text.PendSV_Handler
                0x00000ef4        0x4 core/startup.o
                0x00000ef4                PendSV_Handler
 .text.Dummy_Handler
                0x00000ef8        0x4 core/startup.o
                0x00000ef8                DMAC_Handler
                0x00000ef8                AC_Handler
                0x00000ef8                TC7_Handler
                0x00000ef8                SERCOM1_Handler
                0x00000ef8                ADC_Handler
                0x00000ef8                TCC1_Handler
                0x00000ef8                SERCOM2_Handler
                0x00000ef8                TCC0_Handler
                0x00000ef8                RTC_Handler
                0x00000ef8                TC6_Handler
                0x00000ef8                WDT_Handler
                0x00000ef8                TC4_Handler
                0x00000ef8                USB_Handler
                0x00000ef8                TC3_Handler
                0x00000ef8                Dummy_Handler
                0x00000ef8                PM_Handler
                0x00000ef8                TCC2_Handler
                0x00000ef8                EVSYS_Handler
                0x00000ef8                SERCOM4_Handler
                0x00000ef8                I2S_Handler
                0x00000ef8                NVMCTRL_Handler
                0x00000ef8                DAC_Handler
                0x00000ef8                PTC_Handler
                0x00000ef8                TC5_Handler
                0x00000ef8                SYSCTRL_Handler
 .text.SystemInit
                0x00000efc      0x15c core/startup.o
                0x00000efc                SystemInit
 .text.Reset_Handler
                0x00001058       0x9c core/startup.o
                0x00001058                Reset_Handler
 .text._sbrk    0x000010f4       0x38 core/syscalls.o
                0x000010f4                _sbrk
 .text._close   0x0000112c        0x8 core/syscalls.o
                0x0000112c                _close
 .text._fstat   0x00001134        0xc core/syscalls.o
                0x00001134                _fstat
 .text._isatty  0x00001140        0x4 core/syscalls.o
                0x00001140                _isatty
 .text._lseek   0x00001144        0x4 core/syscalls.o
                0x00001144                _lseek
 .text._read    0x00001148        0x4 core/syscalls.o
                0x00001148                _read
 .text._write   0x0000114c       0x28 core/syscalls.o
                0x0000114c                _write
 .text._exit    0x00001174       0x14 core/syscalls.o
                0x00001174                _exit
 .text._kill    0x00001188        0x4 core/syscalls.o
                0x00001188                _kill
 .text._getpid  0x0000118c        0x8 core/syscalls.o
                0x0000118c                _getpid
 .text._ZN4UartcvbEv
                0x00001194        0x4 core/Uart.o
                0x00001194                Uart::operator bool()
 .text._ZN4Uart3endEv
                0x00001198       0x1c core/Uart.o
                0x00001198                Uart::end()
 .text._ZN4Uart5flushEv
                0x000011b4       0x10 core/Uart.o
                0x000011b4                Uart::flush()
 .text._ZN4Uart9availableEv
                0x000011c4       0x10 core/Uart.o
                0x000011c4                Uart::available()
 .text._ZN4Uart4peekEv
                0x000011d4       0x10 core/Uart.o
                0x000011d4                Uart::peek()
 .text._ZN4Uart4readEv
                0x000011e4       0x10 core/Uart.o
                0x000011e4                Uart::read()
 .text._ZN4Uart5writeEh
                0x000011f4       0x10 core/Uart.o
                0x000011f4                Uart::write(unsigned char)
 .text._ZN4UartC2EP6SERCOMhh
                0x00001204       0x5c core/Uart.o
                0x00001204                Uart::Uart(SERCOM*, unsigned char, unsigned char)
                0x00001204                Uart::Uart(SERCOM*, unsigned char, unsigned char)
 .text._ZN4Uart10IrqHandlerEv
                0x00001260       0x60 core/Uart.o
                0x00001260                Uart::IrqHandler()
 .text._ZN4Uart16extractNbStopBitEh
                0x000012c0       0x10 core/Uart.o
                0x000012c0                Uart::extractNbStopBit(unsigned char)
 .text._ZN4Uart15extractCharSizeEh
                0x000012d0        0x4 core/Uart.o
                0x000012d0                Uart::extractCharSize(unsigned char)
 .text._ZN4Uart13extractParityEh
                0x000012d4       0x18 core/Uart.o
                0x000012d4                Uart::extractParity(unsigned char)
 .text._ZN4Uart5beginEmh
                0x000012ec       0x70 core/Uart.o
                0x000012ec                Uart::begin(unsigned long, unsigned char)
 .text._ZN4Uart5beginEm
                0x0000135c       0x10 core/Uart.o
                0x0000135c                Uart::begin(unsigned long)
 .text.SERCOM0_Handler
                0x0000136c       0x14 core/Uart.o
                0x0000136c                SERCOM0_Handler
 .text.SERCOM5_Handler
                0x00001380       0x14 core/Uart.o
                0x00001380                SERCOM5_Handler
 .text.EIC_Handler
                0x00001394       0x5c core/WInterrupts.o
                0x00001394                EIC_Handler
 .text.init     0x000013f0       0xb8 core/wiring.o
                0x000013f0                init
 .text.pinMode  0x000014a8       0xc0 core/wiring_digital.o
                0x000014a8                pinMode
 .text.pinPeripheral
                0x00001568       0xf8 core/wiring_digital.o
                0x00001568                pinPeripheral
 .text._Z8bcdToDech
                0x00001660       0x14 test.o
                0x00001660                bcdToDec(unsigned char)
 .text._Z15LCDSpecialPrinth
                0x00001674       0x28 test.o
                0x00001674                LCDSpecialPrint(unsigned char)
 .text._GLOBAL__sub_I_lcd
                0x0000169c       0x18 test.o
 .text._Z10updateTimev
                0x000016b4       0x9c test.o
                0x000016b4                updateTime()
 .text.loop     0x00001750      0x140 test.o
                0x00001750                loop
 .text.setup    0x00001890       0x5c test.o
                0x00001890                setup
 .text          0x000018ec       0x9c c:/program files (x86)/atmel/atmel toolchain/arm gcc/native/4.8.1426/arm-gnu-toolchain/bin/../lib/gcc/arm-none-eabi/4.8.3/armv6-m\libgcc.a(_udivsi3.o)
                0x000018ec                __aeabi_uidiv
                0x000018ec                __udivsi3
                0x00001974                __aeabi_uidivmod
 .text          0x00001988       0xc0 c:/program files (x86)/atmel/atmel toolchain/arm gcc/native/4.8.1426/arm-gnu-toolchain/bin/../lib/gcc/arm-none-eabi/4.8.3/armv6-m\libgcc.a(_divsi3.o)
                0x00001988                __divsi3
                0x00001988                __aeabi_idiv
                0x00001a34                __aeabi_idivmod
 .text          0x00001a48        0x4 c:/program files (x86)/atmel/atmel toolchain/arm gcc/native/4.8.1426/arm-gnu-toolchain/bin/../lib/gcc/arm-none-eabi/4.8.3/armv6-m\libgcc.a(_dvmd_tls.o)
                0x00001a48                __aeabi_idiv0
                0x00001a48                __aeabi_ldiv0
 .text          0x00001a4c       0x30 c:/program files (x86)/atmel/atmel toolchain/arm gcc/native/4.8.1426/arm-gnu-toolchain/bin/../lib/gcc/arm-none-eabi/4.8.3/armv6-m\libgcc.a(_fixunssfsi.o)
                0x00001a4c                __fixunssfsi
                0x00001a4c                __aeabi_f2uiz
 .text          0x00001a7c      0x24c c:/program files (x86)/atmel/atmel toolchain/arm gcc/native/4.8.1426/arm-gnu-toolchain/bin/../lib/gcc/arm-none-eabi/4.8.3/armv6-m\libgcc.a(divsf3.o)
                0x00001a7c                __aeabi_fdiv
 .text          0x00001cc8      0x258 c:/program files (x86)/atmel/atmel toolchain/arm gcc/native/4.8.1426/arm-gnu-toolchain/bin/../lib/gcc/arm-none-eabi/4.8.3/armv6-m\libgcc.a(mulsf3.o)
                0x00001cc8                __aeabi_fmul
 .text          0x00001f20      0x2ec c:/program files (x86)/atmel/atmel toolchain/arm gcc/native/4.8.1426/arm-gnu-toolchain/bin/../lib/gcc/arm-none-eabi/4.8.3/armv6-m\libgcc.a(subsf3.o)
                0x00001f20                __aeabi_fsub
 .text          0x0000220c       0x40 c:/program files (x86)/atmel/atmel toolchain/arm gcc/native/4.8.1426/arm-gnu-toolchain/bin/../lib/gcc/arm-none-eabi/4.8.3/armv6-m\libgcc.a(fixsfsi.o)
                0x0000220c                __aeabi_f2iz
 .text          0x0000224c       0xa0 c:/program files (x86)/atmel/atmel toolchain/arm gcc/native/4.8.1426/arm-gnu-toolchain/bin/../lib/gcc/arm-none-eabi/4.8.3/armv6-m\libgcc.a(floatunsisf.o)
                0x0000224c                __aeabi_ui2f
 .text          0x000022ec       0x74 c:/program files (x86)/atmel/atmel toolchain/arm gcc/native/4.8.1426/arm-gnu-toolchain/bin/../lib/gcc/arm-none-eabi/4.8.3/armv6-m\libgcc.a(_arm_cmpsf2.o)
                0x000022ec                __aeabi_cfrcmple
                0x000022f4                __aeabi_cfcmpeq
                0x000022f4                __aeabi_cfcmple
                0x00002304                __aeabi_fcmpeq
                0x00002310                __aeabi_fcmplt
                0x00002324                __aeabi_fcmple
                0x00002338                __aeabi_fcmpgt
                0x0000234c                __aeabi_fcmpge
 .text          0x00002360       0x3c c:/program files (x86)/atmel/atmel toolchain/arm gcc/native/4.8.1426/arm-gnu-toolchain/bin/../lib/gcc/arm-none-eabi/4.8.3/armv6-m\libgcc.a(_clzsi2.o)
                0x00002360                __clzsi2
 .text          0x0000239c       0x50 c:/program files (x86)/atmel/atmel toolchain/arm gcc/native/4.8.1426/arm-gnu-toolchain/bin/../lib/gcc/arm-none-eabi/4.8.3/armv6-m\libgcc.a(eqsf2.o)
                0x0000239c                __eqsf2
                0x0000239c                __nesf2
 .text          0x000023ec       0x90 c:/program files (x86)/atmel/atmel toolchain/arm gcc/native/4.8.1426/arm-gnu-toolchain/bin/../lib/gcc/arm-none-eabi/4.8.3/armv6-m\libgcc.a(gesf2.o)
                0x000023ec                __gesf2
                0x000023ec                __gtsf2
 .text          0x0000247c       0x90 c:/program files (x86)/atmel/atmel toolchain/arm gcc/native/4.8.1426/arm-gnu-toolchain/bin/../lib/gcc/arm-none-eabi/4.8.3/armv6-m\libgcc.a(lesf2.o)
                0x0000247c                __ltsf2
                0x0000247c                __lesf2
 .text          0x0000250c       0x10 c:/program files (x86)/atmel/atmel toolchain/arm gcc/native/4.8.1426/arm-gnu-toolchain/bin/../lib/gcc/arm-none-eabi/4.8.3/../../../../arm-none-eabi/lib/armv6-m\libc_s.a(lib_a-abort.o)
                0x0000250c                abort
 .text          0x0000251c       0x48 c:/program files (x86)/atmel/atmel toolchain/arm gcc/native/4.8.1426/arm-gnu-toolchain/bin/../lib/gcc/arm-none-eabi/4.8.3/../../../../arm-none-eabi/lib/armv6-m\libc_s.a(lib_a-assert.o)
                0x0000251c                __assert_func
                0x00002558                __assert
 .text          0x00002564       0x3c c:/program files (x86)/atmel/atmel toolchain/arm gcc/native/4.8.1426/arm-gnu-toolchain/bin/../lib/gcc/arm-none-eabi/4.8.3/../../../../arm-none-eabi/lib/armv6-m\libc_s.a(lib_a-fprintf.o)
                0x00002564                _fprintf_r
                0x00002564                _fiprintf_r
                0x0000257c                fiprintf
                0x0000257c                fprintf
 .text          0x000025a0      0x318 c:/program files (x86)/atmel/atmel toolchain/arm gcc/native/4.8.1426/arm-gnu-toolchain/bin/../lib/gcc/arm-none-eabi/4.8.3/../../../../arm-none-eabi/lib/armv6-m\libc_s.a(lib_a-fvwrite.o)
                0x000025a0                __sfvwrite_r
 .text          0x000028b8       0x48 c:/program files (x86)/atmel/atmel toolchain/arm gcc/native/4.8.1426/arm-gnu-toolchain/bin/../lib/gcc/arm-none-eabi/4.8.3/../../../../arm-none-eabi/lib/armv6-m\libc_s.a(lib_a-init.o)
                0x000028b8                __libc_init_array
 .text          0x00002900      0x508 c:/program files (x86)/atmel/atmel toolchain/arm gcc/native/4.8.1426/arm-gnu-toolchain/bin/../lib/gcc/arm-none-eabi/4.8.3/../../../../arm-none-eabi/lib/armv6-m\libc_s.a(lib_a-mallocr.o)
                0x00002900                _malloc_r
 .text          0x00002e08       0x84 c:/program files (x86)/atmel/atmel toolchain/arm gcc/native/4.8.1426/arm-gnu-toolchain/bin/../lib/gcc/arm-none-eabi/4.8.3/../../../../arm-none-eabi/lib/armv6-m\libc_s.a(lib_a-memchr-stub.o)
                0x00002e08                memchr
 .text          0x00002e8c       0x84 c:/program files (x86)/atmel/atmel toolchain/arm gcc/native/4.8.1426/arm-gnu-toolchain/bin/../lib/gcc/arm-none-eabi/4.8.3/../../../../arm-none-eabi/lib/armv6-m\libc_s.a(lib_a-memcpy-stub.o)
                0x00002e8c                memcpy
 .text          0x00002f10       0xa4 c:/program files (x86)/atmel/atmel toolchain/arm gcc/native/4.8.1426/arm-gnu-toolchain/bin/../lib/gcc/arm-none-eabi/4.8.3/../../../../arm-none-eabi/lib/armv6-m\libc_s.a(lib_a-memmove.o)
                0x00002f10                memmove
 .text          0x00002fb4       0xbc c:/program files (x86)/atmel/atmel toolchain/arm gcc/native/4.8.1426/arm-gnu-toolchain/bin/../lib/gcc/arm-none-eabi/4.8.3/../../../../arm-none-eabi/lib/armv6-m\libc_s.a(lib_a-memset.o)
                0x00002fb4                memset
 .text          0x00003070        0x8 c:/program files (x86)/atmel/atmel toolchain/arm gcc/native/4.8.1426/arm-gnu-toolchain/bin/../lib/gcc/arm-none-eabi/4.8.3/../../../../arm-none-eabi/lib/armv6-m\libc_s.a(lib_a-mlock.o)
                0x00003070                __malloc_lock
                0x00003074                __malloc_unlock
 .text          0x00003078       0x68 c:/program files (x86)/atmel/atmel toolchain/arm gcc/native/4.8.1426/arm-gnu-toolchain/bin/../lib/gcc/arm-none-eabi/4.8.3/../../../../arm-none-eabi/lib/armv6-m\libc_s.a(lib_a-printf.o)
                0x00003078                _printf_r
                0x00003078                _iprintf_r
                0x000030a8                iprintf
                0x000030a8                printf
 .text          0x000030e0      0x360 c:/program files (x86)/atmel/atmel toolchain/arm gcc/native/4.8.1426/arm-gnu-toolchain/bin/../lib/gcc/arm-none-eabi/4.8.3/../../../../arm-none-eabi/lib/armv6-m\libc_s.a(lib_a-reallocr.o)
                0x000030e0                _realloc_r
 .text          0x00003440       0x24 c:/program files (x86)/atmel/atmel toolchain/arm gcc/native/4.8.1426/arm-gnu-toolchain/bin/../lib/gcc/arm-none-eabi/4.8.3/../../../../arm-none-eabi/lib/armv6-m\libc_s.a(lib_a-sbrkr.o)
                0x00003440                _sbrk_r
 .text          0x00003464      0x160 c:/program files (x86)/atmel/atmel toolchain/arm gcc/native/4.8.1426/arm-gnu-toolchain/bin/../lib/gcc/arm-none-eabi/4.8.3/../../../../arm-none-eabi/lib/armv6-m\libc_s.a(lib_a-signal.o)
                0x00003464                _init_signal_r
                0x00003498                _signal_r
                0x000034d0                _raise_r
                0x00003528                __sigtramp_r
                0x00003574                raise
                0x00003588                signal
                0x000035a0                _init_signal
                0x000035b0                __sigtramp
 .text          0x000035c4       0x30 c:/program files (x86)/atmel/atmel toolchain/arm gcc/native/4.8.1426/arm-gnu-toolchain/bin/../lib/gcc/arm-none-eabi/4.8.3/../../../../arm-none-eabi/lib/armv6-m\libc_s.a(lib_a-signalr.o)
                0x000035c4                _kill_r
                0x000035ec                _getpid_r
 .text          0x000035f4       0x14 c:/program files (x86)/atmel/atmel toolchain/arm gcc/native/4.8.1426/arm-gnu-toolchain/bin/../lib/gcc/arm-none-eabi/4.8.3/../../../../arm-none-eabi/lib/armv6-m\libc_s.a(lib_a-strcmp.o)
                0x000035f4                strcmp
 .text          0x00003608       0x10 c:/program files (x86)/atmel/atmel toolchain/arm gcc/native/4.8.1426/arm-gnu-toolchain/bin/../lib/gcc/arm-none-eabi/4.8.3/../../../../arm-none-eabi/lib/armv6-m\libc_s.a(lib_a-strlen.o)
                0x00003608                strlen
 .text          0x00003618      0x388 c:/program files (x86)/atmel/atmel toolchain/arm gcc/native/4.8.1426/arm-gnu-toolchain/bin/../lib/gcc/arm-none-eabi/4.8.3/../../../../arm-none-eabi/lib/armv6-m\libc_s.a(lib_a-vfprintf_i.o)
                0x00003618                _printf_common
                0x00003728                _printf_i
 .text          0x000039a0      0x3d0 c:/program files (x86)/atmel/atmel toolchain/arm gcc/native/4.8.1426/arm-gnu-toolchain/bin/../lib/gcc/arm-none-eabi/4.8.3/../../../../arm-none-eabi/lib/armv6-m\libc_s.a(lib_a-vfprintf.o)
                0x000039cc                __sfputs_r
                0x00003a44                __sprint_r
                0x00003ac4                _vfiprintf_r
                0x00003ac4                _vfprintf_r
                0x00003d54                vfprintf
                0x00003d54                vfiprintf
 .text          0x00003d70      0x100 c:/program files (x86)/atmel/atmel toolchain/arm gcc/native/4.8.1426/arm-gnu-toolchain/bin/../lib/gcc/arm-none-eabi/4.8.3/../../../../arm-none-eabi/lib/armv6-m\libc_s.a(lib_a-wbuf.o)
                0x00003d70                __swbuf_r
                0x00003e58                __swbuf
 .text          0x00003e70       0x28 c:/program files (x86)/atmel/atmel toolchain/arm gcc/native/4.8.1426/arm-gnu-toolchain/bin/../lib/gcc/arm-none-eabi/4.8.3/../../../../arm-none-eabi/lib/armv6-m\libc_s.a(lib_a-writer.o)
                0x00003e70                _write_r
 .text          0x00003e98      0x100 c:/program files (x86)/atmel/atmel toolchain/arm gcc/native/4.8.1426/arm-gnu-toolchain/bin/../lib/gcc/arm-none-eabi/4.8.3/../../../../arm-none-eabi/lib/armv6-m\libc_s.a(lib_a-wsetup.o)
                0x00003e98                __swsetup_r
 .text          0x00003f98      0x1dc c:/program files (x86)/atmel/atmel toolchain/arm gcc/native/4.8.1426/arm-gnu-toolchain/bin/../lib/gcc/arm-none-eabi/4.8.3/../../../../arm-none-eabi/lib/armv6-m\libc_s.a(lib_a-fflush.o)
                0x00003f98                __sflush_r
                0x000040ec                _fflush_r
                0x0000414c                fflush
 .text          0x00004174      0x268 c:/program files (x86)/atmel/atmel toolchain/arm gcc/native/4.8.1426/arm-gnu-toolchain/bin/../lib/gcc/arm-none-eabi/4.8.3/../../../../arm-none-eabi/lib/armv6-m\libc_s.a(lib_a-findfp.o)
                0x0000417c                _cleanup_r
                0x000041b4                __sfmoreglue
                0x000041e4                _cleanup
                0x000041f4                __sinit
                0x00004310                __sfp
                0x0000439c                __sfp_lock_acquire
                0x000043a0                __sfp_lock_release
                0x000043a4                __sinit_lock_acquire
                0x000043a8                __sinit_lock_release
                0x000043ac                __fp_lock_all
                0x000043c4                __fp_unlock_all
 .text          0x000043dc      0x120 c:/program files (x86)/atmel/atmel toolchain/arm gcc/native/4.8.1426/arm-gnu-toolchain/bin/../lib/gcc/arm-none-eabi/4.8.3/../../../../arm-none-eabi/lib/armv6-m\libc_s.a(lib_a-fputwc.o)
                0x000043dc                _fputwc_r
                0x000044a0                fputwc
 .text          0x000044fc      0x230 c:/program files (x86)/atmel/atmel toolchain/arm gcc/native/4.8.1426/arm-gnu-toolchain/bin/../lib/gcc/arm-none-eabi/4.8.3/../../../../arm-none-eabi/lib/armv6-m\libc_s.a(lib_a-freer.o)
                0x000044fc                _malloc_trim_r
                0x0000459c                _free_r
 .text          0x0000472c       0x90 c:/program files (x86)/atmel/atmel toolchain/arm gcc/native/4.8.1426/arm-gnu-toolchain/bin/../lib/gcc/arm-none-eabi/4.8.3/../../../../arm-none-eabi/lib/armv6-m\libc_s.a(lib_a-fwalk.o)
                0x0000472c                _fwalk
                0x00004770                _fwalk_reent
 .text          0x000047bc       0x98 c:/program files (x86)/atmel/atmel toolchain/arm gcc/native/4.8.1426/arm-gnu-toolchain/bin/../lib/gcc/arm-none-eabi/4.8.3/../../../../arm-none-eabi/lib/armv6-m\libc_s.a(lib_a-locale.o)
                0x000047bc                _setlocale_r
                0x00004800                __locale_charset
                0x00004808                __locale_mb_cur_max
                0x00004814                __locale_msgcharset
                0x00004820                __locale_cjk_lang
                0x00004824                _localeconv_r
                0x00004830                setlocale
                0x00004848                localeconv
 .text          0x00004854       0xe0 c:/program files (x86)/atmel/atmel toolchain/arm gcc/native/4.8.1426/arm-gnu-toolchain/bin/../lib/gcc/arm-none-eabi/4.8.3/../../../../arm-none-eabi/lib/armv6-m\libc_s.a(lib_a-makebuf.o)
                0x00004854                __smakebuf_r
 .text          0x00004934       0x9c c:/program files (x86)/atmel/atmel toolchain/arm gcc/native/4.8.1426/arm-gnu-toolchain/bin/../lib/gcc/arm-none-eabi/4.8.3/../../../../arm-none-eabi/lib/armv6-m\libc_s.a(lib_a-stdio.o)
                0x00004934                __sread
                0x0000495c                __seofread
                0x00004960                __swrite
                0x00004998                __sseek
                0x000049c4                __sclose
 .text          0x000049d0       0xb4 c:/program files (x86)/atmel/atmel toolchain/arm gcc/native/4.8.1426/arm-gnu-toolchain/bin/../lib/gcc/arm-none-eabi/4.8.3/../../../../arm-none-eabi/lib/armv6-m\libc_s.a(lib_a-wcrtomb.o)
                0x000049d0                _wcrtomb_r
                0x00004a28                wcrtomb
 .text          0x00004a84       0x50 c:/program files (x86)/atmel/atmel toolchain/arm gcc/native/4.8.1426/arm-gnu-toolchain/bin/../lib/gcc/arm-none-eabi/4.8.3/../../../../arm-none-eabi/lib/armv6-m\libc_s.a(lib_a-wctomb_r.o)
                0x00004a84                __ascii_wctomb
                0x00004aa0                _wctomb_r
 .text          0x00004ad4       0x24 c:/program files (x86)/atmel/atmel toolchain/arm gcc/native/4.8.1426/arm-gnu-toolchain/bin/../lib/gcc/arm-none-eabi/4.8.3/../../../../arm-none-eabi/lib/armv6-m\libc_s.a(lib_a-closer.o)
                0x00004ad4                _close_r
 .text          0x00004af8       0x28 c:/program files (x86)/atmel/atmel toolchain/arm gcc/native/4.8.1426/arm-gnu-toolchain/bin/../lib/gcc/arm-none-eabi/4.8.3/../../../../arm-none-eabi/lib/armv6-m\libc_s.a(lib_a-fstatr.o)
                0x00004af8                _fstat_r
 .text          0x00004b20       0x24 c:/program files (x86)/atmel/atmel toolchain/arm gcc/native/4.8.1426/arm-gnu-toolchain/bin/../lib/gcc/arm-none-eabi/4.8.3/../../../../arm-none-eabi/lib/armv6-m\libc_s.a(lib_a-isattyr.o)
                0x00004b20                _isatty_r
 .text          0x00004b44       0x28 c:/program files (x86)/atmel/atmel toolchain/arm gcc/native/4.8.1426/arm-gnu-toolchain/bin/../lib/gcc/arm-none-eabi/4.8.3/../../../../arm-none-eabi/lib/armv6-m\libc_s.a(lib_a-lseekr.o)
                0x00004b44                _lseek_r
 .text          0x00004b6c       0x28 c:/program files (x86)/atmel/atmel toolchain/arm gcc/native/4.8.1426/arm-gnu-toolchain/bin/../lib/gcc/arm-none-eabi/4.8.3/../../../../arm-none-eabi/lib/armv6-m\libc_s.a(lib_a-readr.o)
                0x00004b6c                _read_r
 *(.init)
 .init          0x00004b94        0x4 c:/program files (x86)/atmel/atmel toolchain/arm gcc/native/4.8.1426/arm-gnu-toolchain/bin/../lib/gcc/arm-none-eabi/4.8.3/armv6-m/crti.o
                0x00004b94                _init
 .init          0x00004b98        0x8 c:/program files (x86)/atmel/atmel toolchain/arm gcc/native/4.8.1426/arm-gnu-toolchain/bin/../lib/gcc/arm-none-eabi/4.8.3/armv6-m/crtn.o
 *(.fini)
 .fini          0x00004ba0        0x4 c:/program files (x86)/atmel/atmel toolchain/arm gcc/native/4.8.1426/arm-gnu-toolchain/bin/../lib/gcc/arm-none-eabi/4.8.3/armv6-m/crti.o
                0x00004ba0                _fini
 .fini          0x00004ba4        0x8 c:/program files (x86)/atmel/atmel toolchain/arm gcc/native/4.8.1426/arm-gnu-toolchain/bin/../lib/gcc/arm-none-eabi/4.8.3/armv6-m/crtn.o
 *crtbegin.o(.ctors)
 *crtbegin?.o(.ctors)
 *(EXCLUDE_FILE(*crtend.o *crtend?.o) .ctors)
 *(SORT(.ctors.*))
 *(.ctors)
 *crtbegin.o(.dtors)
 *crtbegin?.o(.dtors)
 *(EXCLUDE_FILE(*crtend.o *crtend?.o) .dtors)
 *(SORT(.dtors.*))
 *(.dtors)
 *(.rodata*)
 *fill*         0x00004bac        0x4 
 .rodata._ZTV17LiquidCrystal_I2C
                0x00004bb0       0x10 LiquidCrystal_I2C.o
                0x00004bb0                vtable for LiquidCrystal_I2C
 .rodata        0x00004bc0       0x10 LiquidCrystal_I2C.o
 .rodata.str1.4
                0x00004bd0       0x32 SPI/SPI.o
                                 0x34 (size before relaxing)
 *fill*         0x00004c02        0x2 
 .rodata._ZZN8SPIClassC1EP6SERCOME19__PRETTY_FUNCTION__
                0x00004c04       0x1c SPI/SPI.o
 .rodata._ZTV7TwoWire
                0x00004c20       0x20 Wire/Wire.o
                0x00004c20                vtable for TwoWire
 .rodata.g_APinDescription
                0x00004c40      0x480 variant/variant.o
                0x00004c40                g_APinDescription
 .rodata._ZTV9IPAddress
                0x000050c0       0x10 core/IPAddress.o
                0x000050c0                vtable for IPAddress
 .rodata.str1.4
                0x000050d0       0x19 core/syscalls.o
                                 0x1c (size before relaxing)
 *fill*         0x000050e9        0x7 
 .rodata._ZTV4Uart
                0x000050f0       0x30 core/Uart.o
                0x000050f0                vtable for Uart
 .rodata.pinPeripheral
                0x00005120       0x34 core/wiring_digital.o
 .rodata.str1.4
                0x00005154       0x2e test.o
                                 0x34 (size before relaxing)
 *fill*         0x00005182        0x2 
 .rodata        0x00005184       0x40 c:/program files (x86)/atmel/atmel toolchain/arm gcc/native/4.8.1426/arm-gnu-toolchain/bin/../lib/gcc/arm-none-eabi/4.8.3/armv6-m\libgcc.a(divsf3.o)
 .rodata        0x000051c4       0x40 c:/program files (x86)/atmel/atmel toolchain/arm gcc/native/4.8.1426/arm-gnu-toolchain/bin/../lib/gcc/arm-none-eabi/4.8.3/armv6-m\libgcc.a(mulsf3.o)
 .rodata.str1.4
                0x00005204       0x3f c:/program files (x86)/atmel/atmel toolchain/arm gcc/native/4.8.1426/arm-gnu-toolchain/bin/../lib/gcc/arm-none-eabi/4.8.3/../../../../arm-none-eabi/lib/armv6-m\libc_s.a(lib_a-assert.o)
                                 0x44 (size before relaxing)
 *fill*         0x00005243        0x1 
 .rodata        0x00005244        0x4 c:/program files (x86)/atmel/atmel toolchain/arm gcc/native/4.8.1426/arm-gnu-toolchain/bin/../lib/gcc/arm-none-eabi/4.8.3/../../../../arm-none-eabi/lib/armv6-m\libc_s.a(lib_a-impure.o)
                0x00005244                _global_impure_ptr
 .rodata.str1.4
                0x00005248        0x2 c:/program files (x86)/atmel/atmel toolchain/arm gcc/native/4.8.1426/arm-gnu-toolchain/bin/../lib/gcc/arm-none-eabi/4.8.3/../../../../arm-none-eabi/lib/armv6-m\libc_s.a(lib_a-impure.o)
                                  0x4 (size before relaxing)
 *fill*         0x0000524a        0x2 
 .rodata.str1.4
                0x0000524c       0x25 c:/program files (x86)/atmel/atmel toolchain/arm gcc/native/4.8.1426/arm-gnu-toolchain/bin/../lib/gcc/arm-none-eabi/4.8.3/../../../../arm-none-eabi/lib/armv6-m\libc_s.a(lib_a-vfprintf_i.o)
                                 0x28 (size before relaxing)
 *fill*         0x00005271        0x3 
 .rodata.str1.4
                0x00005274       0x13 c:/program files (x86)/atmel/atmel toolchain/arm gcc/native/4.8.1426/arm-gnu-toolchain/bin/../lib/gcc/arm-none-eabi/4.8.3/../../../../arm-none-eabi/lib/armv6-m\libc_s.a(lib_a-vfprintf.o)
                                 0x14 (size before relaxing)
 *fill*         0x00005287        0x1 
 .rodata        0x00005288       0x60 c:/program files (x86)/atmel/atmel toolchain/arm gcc/native/4.8.1426/arm-gnu-toolchain/bin/../lib/gcc/arm-none-eabi/4.8.3/../../../../arm-none-eabi/lib/armv6-m\libc_s.a(lib_a-findfp.o)
                0x00005288                __sf_fake_stderr
                0x000052a8                __sf_fake_stdout
                0x000052c8                __sf_fake_stdin
 .rodata.str1.4
                0x000052e8        0xc c:/program files (x86)/atmel/atmel toolchain/arm gcc/native/4.8.1426/arm-gnu-toolchain/bin/../lib/gcc/arm-none-eabi/4.8.3/../../../../arm-none-eabi/lib/armv6-m\libc_s.a(lib_a-locale.o)
                                 0x14 (size before relaxing)
 *(.eh_frame*)
 .eh_frame      0x000052f4        0x0 c:/program files (x86)/atmel/atmel toolchain/arm gcc/native/4.8.1426/arm-gnu-toolchain/bin/../lib/gcc/arm-none-eabi/4.8.3/armv6-m/crtbegin.o
 .eh_frame      0x000052f4        0x4 c:/program files (x86)/atmel/atmel toolchain/arm gcc/native/4.8.1426/arm-gnu-toolchain/bin/../lib/gcc/arm-none-eabi/4.8.3/armv6-m/crtend.o

.glue_7         0x000052f8        0x0
 .glue_7        0x00000000        0x0 linker stubs

.glue_7t        0x000052f8        0x0
 .glue_7t       0x00000000        0x0 linker stubs

.vfp11_veneer   0x000052f8        0x0
 .vfp11_veneer  0x00000000        0x0 linker stubs

.v4_bx          0x000052f8        0x0
 .v4_bx         0x00000000        0x0 linker stubs

.iplt           0x000052f8        0x0
 .iplt          0x00000000        0x0 c:/program files (x86)/atmel/atmel toolchain/arm gcc/native/4.8.1426/arm-gnu-toolchain/bin/../lib/gcc/arm-none-eabi/4.8.3/armv6-m/crtbegin.o

.rel.dyn        0x000052f8        0x0
 .rel.iplt      0x00000000        0x0 c:/program files (x86)/atmel/atmel toolchain/arm gcc/native/4.8.1426/arm-gnu-toolchain/bin/../lib/gcc/arm-none-eabi/4.8.3/armv6-m/crtbegin.o

.ARM.extab
 *(.ARM.extab* .gnu.linkonce.armextab.*)
                0x000052f8                __exidx_start = .

.ARM.exidx
 *(.ARM.exidx* .gnu.linkonce.armexidx.*)
                0x000052f8                __exidx_end = .
                0x000052f8                __etext = .

.data           0x20000000      0x5a8 load address 0x000052f8
                0x20000000                __data_start__ = .
 *(vtable)
 *(.data*)
 .data.SystemCoreClock
                0x20000000        0x4 core/wiring.o
                0x20000000                SystemCoreClock
 .data          0x20000004       0xf4 c:/program files (x86)/atmel/atmel toolchain/arm gcc/native/4.8.1426/arm-gnu-toolchain/bin/../lib/gcc/arm-none-eabi/4.8.3/../../../../arm-none-eabi/lib/armv6-m\libc_s.a(lib_a-impure.o)
                0x20000004                _impure_ptr
 .data          0x200000f8      0x410 c:/program files (x86)/atmel/atmel toolchain/arm gcc/native/4.8.1426/arm-gnu-toolchain/bin/../lib/gcc/arm-none-eabi/4.8.3/../../../../arm-none-eabi/lib/armv6-m\libc_s.a(lib_a-mallocr.o)
                0x200000f8                __malloc_av_
                0x20000500                __malloc_sbrk_base
                0x20000504                __malloc_trim_threshold
 .data          0x20000508       0x7c c:/program files (x86)/atmel/atmel toolchain/arm gcc/native/4.8.1426/arm-gnu-toolchain/bin/../lib/gcc/arm-none-eabi/4.8.3/../../../../arm-none-eabi/lib/armv6-m\libc_s.a(lib_a-locale.o)
                0x20000528                __mb_cur_max
 .data          0x20000584        0x4 c:/program files (x86)/atmel/atmel toolchain/arm gcc/native/4.8.1426/arm-gnu-toolchain/bin/../lib/gcc/arm-none-eabi/4.8.3/../../../../arm-none-eabi/lib/armv6-m\libc_s.a(lib_a-wctomb_r.o)
                0x20000584                __wctomb
                0x20000588                . = ALIGN (0x4)
                0x20000588                PROVIDE (__preinit_array_start, .)
 *(.preinit_array)
                0x20000588                PROVIDE (__preinit_array_end, .)
                0x20000588                . = ALIGN (0x4)
                0x20000588                PROVIDE (__init_array_start, .)
 *(SORT(.init_array.*))
 *(.init_array)
 .init_array    0x20000588        0x4 c:/program files (x86)/atmel/atmel toolchain/arm gcc/native/4.8.1426/arm-gnu-toolchain/bin/../lib/gcc/arm-none-eabi/4.8.3/armv6-m/crtbegin.o
 .init_array    0x2000058c        0x4 SPI/SPI.o
 .init_array    0x20000590        0x4 Wire/Wire.o
 .init_array    0x20000594        0x4 variant/variant.o
 .init_array    0x20000598        0x4 core/IPAddress.o
 .init_array    0x2000059c        0x4 test.o
                0x200005a0                PROVIDE (__init_array_end, .)
                0x200005a0                . = ALIGN (0x4)
                0x200005a0                PROVIDE (__fini_array_start, .)
 *(SORT(.fini_array.*))
 *(.fini_array)
 .fini_array    0x200005a0        0x4 c:/program files (x86)/atmel/atmel toolchain/arm gcc/native/4.8.1426/arm-gnu-toolchain/bin/../lib/gcc/arm-none-eabi/4.8.3/armv6-m/crtbegin.o
                0x200005a4                PROVIDE (__fini_array_end, .)
 *(.jcr*)
 .jcr           0x200005a4        0x0 c:/program files (x86)/atmel/atmel toolchain/arm gcc/native/4.8.1426/arm-gnu-toolchain/bin/../lib/gcc/arm-none-eabi/4.8.3/armv6-m/crtbegin.o
 .jcr           0x200005a4        0x4 c:/program files (x86)/atmel/atmel toolchain/arm gcc/native/4.8.1426/arm-gnu-toolchain/bin/../lib/gcc/arm-none-eabi/4.8.3/armv6-m/crtend.o
                0x200005a8                . = ALIGN (0x4)
                0x200005a8                __data_end__ = .

.tm_clone_table
                0x200005a8        0x0 load address 0x000058a0
 .tm_clone_table
                0x200005a8        0x0 c:/program files (x86)/atmel/atmel toolchain/arm gcc/native/4.8.1426/arm-gnu-toolchain/bin/../lib/gcc/arm-none-eabi/4.8.3/armv6-m/crtbegin.o
 .tm_clone_table
                0x200005a8        0x0 c:/program files (x86)/atmel/atmel toolchain/arm gcc/native/4.8.1426/arm-gnu-toolchain/bin/../lib/gcc/arm-none-eabi/4.8.3/armv6-m/crtend.o

.igot.plt       0x200005a8        0x0 load address 0x000058a0
 .igot.plt      0x00000000        0x0 c:/program files (x86)/atmel/atmel toolchain/arm gcc/native/4.8.1426/arm-gnu-toolchain/bin/../lib/gcc/arm-none-eabi/4.8.3/armv6-m/crtbegin.o

.bss            0x200005a8      0x294 load address 0x000058a0
                0x200005a8                . = ALIGN (0x4)
                0x200005a8                __bss_start__ = .
 *(.bss*)
 .bss           0x200005a8       0x1c c:/program files (x86)/atmel/atmel toolchain/arm gcc/native/4.8.1426/arm-gnu-toolchain/bin/../lib/gcc/arm-none-eabi/4.8.3/armv6-m/crtbegin.o
 .bss.SPI       0x200005c4        0x4 SPI/SPI.o
                0x200005c4                SPI
 .bss.Wire      0x200005c8       0xb4 Wire/Wire.o
                0x200005c8                Wire
 .bss.Serial    0x2000067c       0x5c variant/variant.o
                0x2000067c                Serial
 .bss.Serial5   0x200006d8       0x5c variant/variant.o
                0x200006d8                Serial5
 .bss.sercom3   0x20000734        0x4 variant/variant.o
                0x20000734                sercom3
 .bss.sercom0   0x20000738        0x4 variant/variant.o
                0x20000738                sercom0
 .bss.sercom1   0x2000073c        0x4 variant/variant.o
                0x2000073c                sercom1
 .bss.sercom2   0x20000740        0x4 variant/variant.o
                0x20000740                sercom2
 .bss.sercom4   0x20000744        0x4 variant/variant.o
                0x20000744                sercom4
 .bss.sercom5   0x20000748        0x4 variant/variant.o
                0x20000748                sercom5
 .bss._ulTickCount
                0x2000074c        0x4 core/delay.o
 .bss._ZL11INADDR_NONE
                0x20000750        0x8 core/IPAddress.o
 .bss.heap.10533
                0x20000758        0x4 core/syscalls.o
 .bss.callbacksInt
                0x2000075c       0x88 core/WInterrupts.o
 .bss.valueTemp
                0x200007e4        0x2 test.o
                0x200007e4                valueTemp
 *fill*         0x200007e6        0x2 
 .bss.timeRtc   0x200007e8        0x8 test.o
                0x200007e8                timeRtc
 .bss.a         0x200007f0        0x1 test.o
                0x200007f0                a
 .bss.b         0x200007f1        0x1 test.o
                0x200007f1                b
 *fill*         0x200007f2        0x2 
 .bss.lcd       0x200007f4       0x10 test.o
                0x200007f4                lcd
 .bss           0x20000804       0x34 c:/program files (x86)/atmel/atmel toolchain/arm gcc/native/4.8.1426/arm-gnu-toolchain/bin/../lib/gcc/arm-none-eabi/4.8.3/../../../../arm-none-eabi/lib/armv6-m\libc_s.a(lib_a-mallocr.o)
                0x20000804                __malloc_top_pad
                0x20000808                __malloc_current_mallinfo
                0x20000830                __malloc_max_sbrked_mem
                0x20000834                __malloc_max_total_mem
 *(COMMON)
 COMMON         0x20000838        0x4 c:/program files (x86)/atmel/atmel toolchain/arm gcc/native/4.8.1426/arm-gnu-toolchain/bin/../lib/gcc/arm-none-eabi/4.8.3/../../../../arm-none-eabi/lib/armv6-m\libc_s.a(lib_a-reent.o)
                0x20000838                errno
                0x2000083c                . = ALIGN (0x4)
                0x2000083c                __bss_end__ = .

.heap           0x2000083c        0x0
                0x2000083c                __end__ = .
                0x2000083c                PROVIDE (end, .)
 *(.heap*)
                0x2000083c                __HeapLimit = .

.stack_dummy    0x2000083c        0x0
 *(.stack*)
                0x20008000                __StackTop = (ORIGIN (RAM) + 0x8000)
                0x20008000                __StackLimit = (__StackTop - SIZEOF (.stack_dummy))
                0x20008000                PROVIDE (__stack, __StackTop)
                0x20007fff                __ram_end__ = ((ORIGIN (RAM) + 0x8000) - 0x1)
                0x00000001                ASSERT ((__StackLimit >= __HeapLimit), region RAM overflowed with stack)
OUTPUT(test.elf elf32-littlearm)

.ARM.attributes
                0x00000000       0x28
 .ARM.attributes
                0x00000000       0x1e c:/program files (x86)/atmel/atmel toolchain/arm gcc/native/4.8.1426/arm-gnu-toolchain/bin/../lib/gcc/arm-none-eabi/4.8.3/armv6-m/crti.o
 .ARM.attributes
                0x0000001e       0x2c c:/program files (x86)/atmel/atmel toolchain/arm gcc/native/4.8.1426/arm-gnu-toolchain/bin/../lib/gcc/arm-none-eabi/4.8.3/armv6-m/crtbegin.o
 .ARM.attributes
                0x0000004a       0x32 LiquidCrystal_I2C.o
 .ARM.attributes
                0x0000007c       0x32 SPI/SPI.o
 .ARM.attributes
                0x000000ae       0x32 Wire/Wire.o
 .ARM.attributes
                0x000000e0       0x32 variant/variant.o
 .ARM.attributes
                0x00000112       0x32 core/delay.o
 .ARM.attributes
                0x00000144       0x32 core/hooks.o
 .ARM.attributes
                0x00000176       0x32 core/IPAddress.o
 .ARM.attributes
                0x000001a8       0x32 core/main.o
 .ARM.attributes
                0x000001da       0x32 core/Print.o
 .ARM.attributes
                0x0000020c       0x32 core/RingBuffer.o
 .ARM.attributes
                0x0000023e       0x32 core/SERCOM.o
 .ARM.attributes
                0x00000270       0x32 core/startup.o
 .ARM.attributes
                0x000002a2       0x32 core/syscalls.o
 .ARM.attributes
                0x000002d4       0x32 core/Uart.o
 .ARM.attributes
                0x00000306       0x32 core/WInterrupts.o
 .ARM.attributes
                0x00000338       0x32 core/wiring.o
 .ARM.attributes
                0x0000036a       0x32 core/wiring_digital.o
 .ARM.attributes
                0x0000039c       0x32 test.o
 .ARM.attributes
                0x000003ce       0x1e c:/program files (x86)/atmel/atmel toolchain/arm gcc/native/4.8.1426/arm-gnu-toolchain/bin/../lib/gcc/arm-none-eabi/4.8.3/armv6-m\libgcc.a(_udivsi3.o)
 .ARM.attributes
                0x000003ec       0x1e c:/program files (x86)/atmel/atmel toolchain/arm gcc/native/4.8.1426/arm-gnu-toolchain/bin/../lib/gcc/arm-none-eabi/4.8.3/armv6-m\libgcc.a(_divsi3.o)
 .ARM.attributes
                0x0000040a       0x1e c:/program files (x86)/atmel/atmel toolchain/arm gcc/native/4.8.1426/arm-gnu-toolchain/bin/../lib/gcc/arm-none-eabi/4.8.3/armv6-m\libgcc.a(_dvmd_tls.o)
 .ARM.attributes
                0x00000428       0x2c c:/program files (x86)/atmel/atmel toolchain/arm gcc/native/4.8.1426/arm-gnu-toolchain/bin/../lib/gcc/arm-none-eabi/4.8.3/armv6-m\libgcc.a(_fixunssfsi.o)
 .ARM.attributes
                0x00000454       0x2c c:/program files (x86)/atmel/atmel toolchain/arm gcc/native/4.8.1426/arm-gnu-toolchain/bin/../lib/gcc/arm-none-eabi/4.8.3/armv6-m\libgcc.a(divsf3.o)
 .ARM.attributes
                0x00000480       0x2c c:/program files (x86)/atmel/atmel toolchain/arm gcc/native/4.8.1426/arm-gnu-toolchain/bin/../lib/gcc/arm-none-eabi/4.8.3/armv6-m\libgcc.a(mulsf3.o)
 .ARM.attributes
                0x000004ac       0x2c c:/program files (x86)/atmel/atmel toolchain/arm gcc/native/4.8.1426/arm-gnu-toolchain/bin/../lib/gcc/arm-none-eabi/4.8.3/armv6-m\libgcc.a(subsf3.o)
 .ARM.attributes
                0x000004d8       0x2c c:/program files (x86)/atmel/atmel toolchain/arm gcc/native/4.8.1426/arm-gnu-toolchain/bin/../lib/gcc/arm-none-eabi/4.8.3/armv6-m\libgcc.a(fixsfsi.o)
 .ARM.attributes
                0x00000504       0x2c c:/program files (x86)/atmel/atmel toolchain/arm gcc/native/4.8.1426/arm-gnu-toolchain/bin/../lib/gcc/arm-none-eabi/4.8.3/armv6-m\libgcc.a(floatunsisf.o)
 .ARM.attributes
                0x00000530       0x1e c:/program files (x86)/atmel/atmel toolchain/arm gcc/native/4.8.1426/arm-gnu-toolchain/bin/../lib/gcc/arm-none-eabi/4.8.3/armv6-m\libgcc.a(_arm_cmpsf2.o)
 .ARM.attributes
                0x0000054e       0x1e c:/program files (x86)/atmel/atmel toolchain/arm gcc/native/4.8.1426/arm-gnu-toolchain/bin/../lib/gcc/arm-none-eabi/4.8.3/armv6-m\libgcc.a(_clzsi2.o)
 .ARM.attributes
                0x0000056c       0x2c c:/program files (x86)/atmel/atmel toolchain/arm gcc/native/4.8.1426/arm-gnu-toolchain/bin/../lib/gcc/arm-none-eabi/4.8.3/armv6-m\libgcc.a(eqsf2.o)
 .ARM.attributes
                0x00000598       0x2c c:/program files (x86)/atmel/atmel toolchain/arm gcc/native/4.8.1426/arm-gnu-toolchain/bin/../lib/gcc/arm-none-eabi/4.8.3/armv6-m\libgcc.a(gesf2.o)
 .ARM.attributes
                0x000005c4       0x2c c:/program files (x86)/atmel/atmel toolchain/arm gcc/native/4.8.1426/arm-gnu-toolchain/bin/../lib/gcc/arm-none-eabi/4.8.3/armv6-m\libgcc.a(lesf2.o)
 .ARM.attributes
                0x000005f0       0x2c c:/program files (x86)/atmel/atmel toolchain/arm gcc/native/4.8.1426/arm-gnu-toolchain/bin/../lib/gcc/arm-none-eabi/4.8.3/../../../../arm-none-eabi/lib/armv6-m\libc_s.a(lib_a-abort.o)
 .ARM.attributes
                0x0000061c       0x2c c:/program files (x86)/atmel/atmel toolchain/arm gcc/native/4.8.1426/arm-gnu-toolchain/bin/../lib/gcc/arm-none-eabi/4.8.3/../../../../arm-none-eabi/lib/armv6-m\libc_s.a(lib_a-assert.o)
 .ARM.attributes
                0x00000648       0x2c c:/program files (x86)/atmel/atmel toolchain/arm gcc/native/4.8.1426/arm-gnu-toolchain/bin/../lib/gcc/arm-none-eabi/4.8.3/../../../../arm-none-eabi/lib/armv6-m\libc_s.a(lib_a-fprintf.o)
 .ARM.attributes
                0x00000674       0x2c c:/program files (x86)/atmel/atmel toolchain/arm gcc/native/4.8.1426/arm-gnu-toolchain/bin/../lib/gcc/arm-none-eabi/4.8.3/../../../../arm-none-eabi/lib/armv6-m\libc_s.a(lib_a-fvwrite.o)
 .ARM.attributes
                0x000006a0       0x2c c:/program files (x86)/atmel/atmel toolchain/arm gcc/native/4.8.1426/arm-gnu-toolchain/bin/../lib/gcc/arm-none-eabi/4.8.3/../../../../arm-none-eabi/lib/armv6-m\libc_s.a(lib_a-impure.o)
 .ARM.attributes
                0x000006cc       0x2c c:/program files (x86)/atmel/atmel toolchain/arm gcc/native/4.8.1426/arm-gnu-toolchain/bin/../lib/gcc/arm-none-eabi/4.8.3/../../../../arm-none-eabi/lib/armv6-m\libc_s.a(lib_a-init.o)
 .ARM.attributes
                0x000006f8       0x2c c:/program files (x86)/atmel/atmel toolchain/arm gcc/native/4.8.1426/arm-gnu-toolchain/bin/../lib/gcc/arm-none-eabi/4.8.3/../../../../arm-none-eabi/lib/armv6-m\libc_s.a(lib_a-mallocr.o)
 .ARM.attributes
                0x00000724       0x2c c:/program files (x86)/atmel/atmel toolchain/arm gcc/native/4.8.1426/arm-gnu-toolchain/bin/../lib/gcc/arm-none-eabi/4.8.3/../../../../arm-none-eabi/lib/armv6-m\libc_s.a(lib_a-memchr-stub.o)
 .ARM.attributes
                0x00000750       0x2c c:/program files (x86)/atmel/atmel toolchain/arm gcc/native/4.8.1426/arm-gnu-toolchain/bin/../lib/gcc/arm-none-eabi/4.8.3/../../../../arm-none-eabi/lib/armv6-m\libc_s.a(lib_a-memcpy-stub.o)
 .ARM.attributes
                0x0000077c       0x2c c:/program files (x86)/atmel/atmel toolchain/arm gcc/native/4.8.1426/arm-gnu-toolchain/bin/../lib/gcc/arm-none-eabi/4.8.3/../../../../arm-none-eabi/lib/armv6-m\libc_s.a(lib_a-memmove.o)
 .ARM.attributes
                0x000007a8       0x2c c:/program files (x86)/atmel/atmel toolchain/arm gcc/native/4.8.1426/arm-gnu-toolchain/bin/../lib/gcc/arm-none-eabi/4.8.3/../../../../arm-none-eabi/lib/armv6-m\libc_s.a(lib_a-memset.o)
 .ARM.attributes
                0x000007d4       0x2c c:/program files (x86)/atmel/atmel toolchain/arm gcc/native/4.8.1426/arm-gnu-toolchain/bin/../lib/gcc/arm-none-eabi/4.8.3/../../../../arm-none-eabi/lib/armv6-m\libc_s.a(lib_a-mlock.o)
 .ARM.attributes
                0x00000800       0x2c c:/program files (x86)/atmel/atmel toolchain/arm gcc/native/4.8.1426/arm-gnu-toolchain/bin/../lib/gcc/arm-none-eabi/4.8.3/../../../../arm-none-eabi/lib/armv6-m\libc_s.a(lib_a-printf.o)
 .ARM.attributes
                0x0000082c       0x2c c:/program files (x86)/atmel/atmel toolchain/arm gcc/native/4.8.1426/arm-gnu-toolchain/bin/../lib/gcc/arm-none-eabi/4.8.3/../../../../arm-none-eabi/lib/armv6-m\libc_s.a(lib_a-reallocr.o)
 .ARM.attributes
                0x00000858       0x2c c:/program files (x86)/atmel/atmel toolchain/arm gcc/native/4.8.1426/arm-gnu-toolchain/bin/../lib/gcc/arm-none-eabi/4.8.3/../../../../arm-none-eabi/lib/armv6-m\libc_s.a(lib_a-reent.o)
 .ARM.attributes
                0x00000884       0x2c c:/program files (x86)/atmel/atmel toolchain/arm gcc/native/4.8.1426/arm-gnu-toolchain/bin/../lib/gcc/arm-none-eabi/4.8.3/../../../../arm-none-eabi/lib/armv6-m\libc_s.a(lib_a-sbrkr.o)
 .ARM.attributes
                0x000008b0       0x2c c:/program files (x86)/atmel/atmel toolchain/arm gcc/native/4.8.1426/arm-gnu-toolchain/bin/../lib/gcc/arm-none-eabi/4.8.3/../../../../arm-none-eabi/lib/armv6-m\libc_s.a(lib_a-signal.o)
 .ARM.attributes
                0x000008dc       0x2c c:/program files (x86)/atmel/atmel toolchain/arm gcc/native/4.8.1426/arm-gnu-toolchain/bin/../lib/gcc/arm-none-eabi/4.8.3/../../../../arm-none-eabi/lib/armv6-m\libc_s.a(lib_a-signalr.o)
 .ARM.attributes
                0x00000908       0x1c c:/program files (x86)/atmel/atmel toolchain/arm gcc/native/4.8.1426/arm-gnu-toolchain/bin/../lib/gcc/arm-none-eabi/4.8.3/../../../../arm-none-eabi/lib/armv6-m\libc_s.a(lib_a-strcmp.o)
 .ARM.attributes
                0x00000924       0x2c c:/program files (x86)/atmel/atmel toolchain/arm gcc/native/4.8.1426/arm-gnu-toolchain/bin/../lib/gcc/arm-none-eabi/4.8.3/../../../../arm-none-eabi/lib/armv6-m\libc_s.a(lib_a-strlen.o)
 .ARM.attributes
                0x00000950       0x2c c:/program files (x86)/atmel/atmel toolchain/arm gcc/native/4.8.1426/arm-gnu-toolchain/bin/../lib/gcc/arm-none-eabi/4.8.3/../../../../arm-none-eabi/lib/armv6-m\libc_s.a(lib_a-vfprintf_i.o)
 .ARM.attributes
                0x0000097c       0x2c c:/program files (x86)/atmel/atmel toolchain/arm gcc/native/4.8.1426/arm-gnu-toolchain/bin/../lib/gcc/arm-none-eabi/4.8.3/../../../../arm-none-eabi/lib/armv6-m\libc_s.a(lib_a-vfprintf.o)
 .ARM.attributes
                0x000009a8       0x2c c:/program files (x86)/atmel/atmel toolchain/arm gcc/native/4.8.1426/arm-gnu-toolchain/bin/../lib/gcc/arm-none-eabi/4.8.3/../../../../arm-none-eabi/lib/armv6-m\libc_s.a(lib_a-wbuf.o)
 .ARM.attributes
                0x000009d4       0x2c c:/program files (x86)/atmel/atmel toolchain/arm gcc/native/4.8.1426/arm-gnu-toolchain/bin/../lib/gcc/arm-none-eabi/4.8.3/../../../../arm-none-eabi/lib/armv6-m\libc_s.a(lib_a-writer.o)
 .ARM.attributes
                0x00000a00       0x2c c:/program files (x86)/atmel/atmel toolchain/arm gcc/native/4.8.1426/arm-gnu-toolchain/bin/../lib/gcc/arm-none-eabi/4.8.3/../../../../arm-none-eabi/lib/armv6-m\libc_s.a(lib_a-wsetup.o)
 .ARM.attributes
                0x00000a2c       0x2c c:/program files (x86)/atmel/atmel toolchain/arm gcc/native/4.8.1426/arm-gnu-toolchain/bin/../lib/gcc/arm-none-eabi/4.8.3/../../../../arm-none-eabi/lib/armv6-m\libc_s.a(lib_a-fflush.o)
 .ARM.attributes
                0x00000a58       0x2c c:/program files (x86)/atmel/atmel toolchain/arm gcc/native/4.8.1426/arm-gnu-toolchain/bin/../lib/gcc/arm-none-eabi/4.8.3/../../../../arm-none-eabi/lib/armv6-m\libc_s.a(lib_a-findfp.o)
 .ARM.attributes
                0x00000a84       0x2c c:/program files (x86)/atmel/atmel toolchain/arm gcc/native/4.8.1426/arm-gnu-toolchain/bin/../lib/gcc/arm-none-eabi/4.8.3/../../../../arm-none-eabi/lib/armv6-m\libc_s.a(lib_a-fputwc.o)
 .ARM.attributes
                0x00000ab0       0x2c c:/program files (x86)/atmel/atmel toolchain/arm gcc/native/4.8.1426/arm-gnu-toolchain/bin/../lib/gcc/arm-none-eabi/4.8.3/../../../../arm-none-eabi/lib/armv6-m\libc_s.a(lib_a-freer.o)
 .ARM.attributes
                0x00000adc       0x2c c:/program files (x86)/atmel/atmel toolchain/arm gcc/native/4.8.1426/arm-gnu-toolchain/bin/../lib/gcc/arm-none-eabi/4.8.3/../../../../arm-none-eabi/lib/armv6-m\libc_s.a(lib_a-fwalk.o)
 .ARM.attributes
                0x00000b08       0x2c c:/program files (x86)/atmel/atmel toolchain/arm gcc/native/4.8.1426/arm-gnu-toolchain/bin/../lib/gcc/arm-none-eabi/4.8.3/../../../../arm-none-eabi/lib/armv6-m\libc_s.a(lib_a-locale.o)
 .ARM.attributes
                0x00000b34       0x2c c:/program files (x86)/atmel/atmel toolchain/arm gcc/native/4.8.1426/arm-gnu-toolchain/bin/../lib/gcc/arm-none-eabi/4.8.3/../../../../arm-none-eabi/lib/armv6-m\libc_s.a(lib_a-makebuf.o)
 .ARM.attributes
                0x00000b60       0x2c c:/program files (x86)/atmel/atmel toolchain/arm gcc/native/4.8.1426/arm-gnu-toolchain/bin/../lib/gcc/arm-none-eabi/4.8.3/../../../../arm-none-eabi/lib/armv6-m\libc_s.a(lib_a-stdio.o)
 .ARM.attributes
                0x00000b8c       0x2c c:/program files (x86)/atmel/atmel toolchain/arm gcc/native/4.8.1426/arm-gnu-toolchain/bin/../lib/gcc/arm-none-eabi/4.8.3/../../../../arm-none-eabi/lib/armv6-m\libc_s.a(lib_a-wcrtomb.o)
 .ARM.attributes
                0x00000bb8       0x2c c:/program files (x86)/atmel/atmel toolchain/arm gcc/native/4.8.1426/arm-gnu-toolchain/bin/../lib/gcc/arm-none-eabi/4.8.3/../../../../arm-none-eabi/lib/armv6-m\libc_s.a(lib_a-wctomb_r.o)
 .ARM.attributes
                0x00000be4       0x2c c:/program files (x86)/atmel/atmel toolchain/arm gcc/native/4.8.1426/arm-gnu-toolchain/bin/../lib/gcc/arm-none-eabi/4.8.3/../../../../arm-none-eabi/lib/armv6-m\libc_s.a(lib_a-closer.o)
 .ARM.attributes
                0x00000c10       0x2c c:/program files (x86)/atmel/atmel toolchain/arm gcc/native/4.8.1426/arm-gnu-toolchain/bin/../lib/gcc/arm-none-eabi/4.8.3/../../../../arm-none-eabi/lib/armv6-m\libc_s.a(lib_a-fstatr.o)
 .ARM.attributes
                0x00000c3c       0x2c c:/program files (x86)/atmel/atmel toolchain/arm gcc/native/4.8.1426/arm-gnu-toolchain/bin/../lib/gcc/arm-none-eabi/4.8.3/../../../../arm-none-eabi/lib/armv6-m\libc_s.a(lib_a-isattyr.o)
 .ARM.attributes
                0x00000c68       0x2c c:/program files (x86)/atmel/atmel toolchain/arm gcc/native/4.8.1426/arm-gnu-toolchain/bin/../lib/gcc/arm-none-eabi/4.8.3/../../../../arm-none-eabi/lib/armv6-m\libc_s.a(lib_a-lseekr.o)
 .ARM.attributes
                0x00000c94       0x2c c:/program files (x86)/atmel/atmel toolchain/arm gcc/native/4.8.1426/arm-gnu-toolchain/bin/../lib/gcc/arm-none-eabi/4.8.3/../../../../arm-none-eabi/lib/armv6-m\libc_s.a(lib_a-readr.o)
 .ARM.attributes
                0x00000cc0       0x2c c:/program files (x86)/atmel/atmel toolchain/arm gcc/native/4.8.1426/arm-gnu-toolchain/bin/../lib/gcc/arm-none-eabi/4.8.3/armv6-m/crtend.o
 .ARM.attributes
                0x00000cec       0x1e c:/program files (x86)/atmel/atmel toolchain/arm gcc/native/4.8.1426/arm-gnu-toolchain/bin/../lib/gcc/arm-none-eabi/4.8.3/armv6-m/crtn.o

.comment        0x00000000       0x71
 .comment       0x00000000       0x71 c:/program files (x86)/atmel/atmel toolchain/arm gcc/native/4.8.1426/arm-gnu-toolchain/bin/../lib/gcc/arm-none-eabi/4.8.3/armv6-m/crtbegin.o
                                 0x72 (size before relaxing)
 .comment       0x00000000       0x72 LiquidCrystal_I2C.o
 .comment       0x00000000       0x72 SPI/SPI.o
 .comment       0x00000000       0x72 Wire/Wire.o
 .comment       0x00000000       0x72 variant/variant.o
 .comment       0x00000000       0x72 core/delay.o
 .comment       0x00000000       0x72 core/hooks.o
 .comment       0x00000000       0x72 core/IPAddress.o
 .comment       0x00000000       0x72 core/main.o
 .comment       0x00000000       0x72 core/Print.o
 .comment       0x00000000       0x72 core/RingBuffer.o
 .comment       0x00000000       0x72 core/SERCOM.o
 .comment       0x00000000       0x72 core/startup.o
 .comment       0x00000000       0x72 core/syscalls.o
 .comment       0x00000000       0x72 core/Uart.o
 .comment       0x00000000       0x72 core/WInterrupts.o
 .comment       0x00000000       0x72 core/wiring.o
 .comment       0x00000000       0x72 core/wiring_digital.o
 .comment       0x00000000       0x72 test.o
 .comment       0x00000000       0x72 c:/program files (x86)/atmel/atmel toolchain/arm gcc/native/4.8.1426/arm-gnu-toolchain/bin/../lib/gcc/arm-none-eabi/4.8.3/armv6-m/crtend.o

.debug_info     0x00000000    0x211f4
 .debug_info    0x00000000     0x1a43 LiquidCrystal_I2C.o
 .debug_info    0x00001a43     0x3076 SPI/SPI.o
 .debug_info    0x00004ab9     0x4993 Wire/Wire.o
 .debug_info    0x0000944c     0x55f7 variant/variant.o
 .debug_info    0x0000ea43      0x326 core/delay.o
 .debug_info    0x0000ed69       0x72 core/hooks.o
 .debug_info    0x0000eddb      0x8de core/IPAddress.o
 .debug_info    0x0000f6b9      0x15b core/main.o
 .debug_info    0x0000f814     0x24c6 core/Print.o
 .debug_info    0x00011cda      0x476 core/RingBuffer.o
 .debug_info    0x00012150     0x3c1b core/SERCOM.o
 .debug_info    0x00015d6b     0x2527 core/startup.o
 .debug_info    0x00018292      0x4ed core/syscalls.o
 .debug_info    0x0001877f     0x4723 core/Uart.o
 .debug_info    0x0001cea2     0x168e core/WInterrupts.o
 .debug_info    0x0001e530     0x1a2e core/wiring.o
 .debug_info    0x0001ff5e      0xb2a core/wiring_digital.o
 .debug_info    0x00020a88      0x76c test.o

.debug_abbrev   0x00000000     0x30ca
 .debug_abbrev  0x00000000      0x3c7 LiquidCrystal_I2C.o
 .debug_abbrev  0x000003c7      0x41e SPI/SPI.o
 .debug_abbrev  0x000007e5      0x56c Wire/Wire.o
 .debug_abbrev  0x00000d51      0x30d variant/variant.o
 .debug_abbrev  0x0000105e      0x147 core/delay.o
 .debug_abbrev  0x000011a5       0x4e core/hooks.o
 .debug_abbrev  0x000011f3      0x2dd core/IPAddress.o
 .debug_abbrev  0x000014d0       0x9b core/main.o
 .debug_abbrev  0x0000156b      0x3ad core/Print.o
 .debug_abbrev  0x00001918      0x228 core/RingBuffer.o
 .debug_abbrev  0x00001b40      0x471 core/SERCOM.o
 .debug_abbrev  0x00001fb1      0x203 core/startup.o
 .debug_abbrev  0x000021b4      0x16c core/syscalls.o
 .debug_abbrev  0x00002320      0x4cd core/Uart.o
 .debug_abbrev  0x000027ed      0x28c core/WInterrupts.o
 .debug_abbrev  0x00002a79      0x26c core/wiring.o
 .debug_abbrev  0x00002ce5      0x201 core/wiring_digital.o
 .debug_abbrev  0x00002ee6      0x1e4 test.o

.debug_loc      0x00000000     0x5808
 .debug_loc     0x00000000     0x10f4 LiquidCrystal_I2C.o
 .debug_loc     0x000010f4      0x38c SPI/SPI.o
 .debug_loc     0x00001480      0x703 Wire/Wire.o
 .debug_loc     0x00001b83       0x20 variant/variant.o
 .debug_loc     0x00001ba3      0x176 core/delay.o
 .debug_loc     0x00001d19      0x3d9 core/IPAddress.o
 .debug_loc     0x000020f2       0x20 core/main.o
 .debug_loc     0x00002112     0x173b core/Print.o
 .debug_loc     0x0000384d      0x1f6 core/RingBuffer.o
 .debug_loc     0x00003a43      0xc9f core/SERCOM.o
 .debug_loc     0x000046e2       0xa3 core/startup.o
 .debug_loc     0x00004785      0x272 core/syscalls.o
 .debug_loc     0x000049f7      0x5c1 core/Uart.o
 .debug_loc     0x00004fb8      0x358 core/WInterrupts.o
 .debug_loc     0x00005310      0x111 core/wiring.o
 .debug_loc     0x00005421      0x2b8 core/wiring_digital.o
 .debug_loc     0x000056d9      0x12f test.o

.debug_aranges  0x00000000      0x8d0
 .debug_aranges
                0x00000000      0x170 LiquidCrystal_I2C.o
 .debug_aranges
                0x00000170       0x68 SPI/SPI.o
 .debug_aranges
                0x000001d8       0xb0 Wire/Wire.o
 .debug_aranges
                0x00000288       0x20 variant/variant.o
 .debug_aranges
                0x000002a8       0x38 core/delay.o
 .debug_aranges
                0x000002e0       0x30 core/hooks.o
 .debug_aranges
                0x00000310       0x60 core/IPAddress.o
 .debug_aranges
                0x00000370       0x20 core/main.o
 .debug_aranges
                0x00000390       0xe8 core/Print.o
 .debug_aranges
                0x00000478       0x58 core/RingBuffer.o
 .debug_aranges
                0x000004d0      0x1c0 core/SERCOM.o
 .debug_aranges
                0x00000690       0x50 core/startup.o
 .debug_aranges
                0x000006e0       0x70 core/syscalls.o
 .debug_aranges
                0x00000750       0xa0 core/Uart.o
 .debug_aranges
                0x000007f0       0x30 core/WInterrupts.o
 .debug_aranges
                0x00000820       0x28 core/wiring.o
 .debug_aranges
                0x00000848       0x38 core/wiring_digital.o
 .debug_aranges
                0x00000880       0x50 test.o

.debug_ranges   0x00000000      0x828
 .debug_ranges  0x00000000      0x160 LiquidCrystal_I2C.o
 .debug_ranges  0x00000160       0x58 SPI/SPI.o
 .debug_ranges  0x000001b8       0xb8 Wire/Wire.o
 .debug_ranges  0x00000270       0x10 variant/variant.o
 .debug_ranges  0x00000280       0x28 core/delay.o
 .debug_ranges  0x000002a8       0x20 core/hooks.o
 .debug_ranges  0x000002c8       0x68 core/IPAddress.o
 .debug_ranges  0x00000330       0x10 core/main.o
 .debug_ranges  0x00000340      0x120 core/Print.o
 .debug_ranges  0x00000460       0x48 core/RingBuffer.o
 .debug_ranges  0x000004a8      0x1b0 core/SERCOM.o
 .debug_ranges  0x00000658       0x40 core/startup.o
 .debug_ranges  0x00000698       0x60 core/syscalls.o
 .debug_ranges  0x000006f8       0x90 core/Uart.o
 .debug_ranges  0x00000788       0x20 core/WInterrupts.o
 .debug_ranges  0x000007a8       0x18 core/wiring.o
 .debug_ranges  0x000007c0       0x28 core/wiring_digital.o
 .debug_ranges  0x000007e8       0x40 test.o

.debug_macro    0x00000000    0x194f4
 .debug_macro   0x00000000      0x5f7 LiquidCrystal_I2C.o
 .debug_macro   0x000005f7      0x83e LiquidCrystal_I2C.o
 .debug_macro   0x00000e35       0x16 LiquidCrystal_I2C.o
 .debug_macro   0x00000e4b       0x52 LiquidCrystal_I2C.o
 .debug_macro   0x00000e9d       0x35 LiquidCrystal_I2C.o
 .debug_macro   0x00000ed2       0xa2 LiquidCrystal_I2C.o
 .debug_macro   0x00000f74      0x20e LiquidCrystal_I2C.o
 .debug_macro   0x00001182       0x82 LiquidCrystal_I2C.o
 .debug_macro   0x00001204      0x452 LiquidCrystal_I2C.o
 .debug_macro   0x00001656       0x16 LiquidCrystal_I2C.o
 .debug_macro   0x0000166c       0x97 LiquidCrystal_I2C.o
 .debug_macro   0x00001703       0x10 LiquidCrystal_I2C.o
 .debug_macro   0x00001713       0x7f LiquidCrystal_I2C.o
 .debug_macro   0x00001792       0x3a LiquidCrystal_I2C.o
 .debug_macro   0x000017cc       0x52 LiquidCrystal_I2C.o
 .debug_macro   0x0000181e       0x16 LiquidCrystal_I2C.o
 .debug_macro   0x00001834       0x43 LiquidCrystal_I2C.o
 .debug_macro   0x00001877      0x180 LiquidCrystal_I2C.o
 .debug_macro   0x000019f7       0x10 LiquidCrystal_I2C.o
 .debug_macro   0x00001a07       0x22 LiquidCrystal_I2C.o
 .debug_macro   0x00001a29       0xbd LiquidCrystal_I2C.o
 .debug_macro   0x00001ae6       0x16 LiquidCrystal_I2C.o
 .debug_macro   0x00001afc      0x14a LiquidCrystal_I2C.o
 .debug_macro   0x00001c46       0x16 LiquidCrystal_I2C.o
 .debug_macro   0x00001c5c       0x35 LiquidCrystal_I2C.o
 .debug_macro   0x00001c91       0x22 LiquidCrystal_I2C.o
 .debug_macro   0x00001cb3      0x2b8 LiquidCrystal_I2C.o
 .debug_macro   0x00001f6b       0x10 LiquidCrystal_I2C.o
 .debug_macro   0x00001f7b       0x3a LiquidCrystal_I2C.o
 .debug_macro   0x00001fb5       0x94 LiquidCrystal_I2C.o
 .debug_macro   0x00002049       0x1c LiquidCrystal_I2C.o
 .debug_macro   0x00002065       0xca LiquidCrystal_I2C.o
 .debug_macro   0x0000212f       0xd7 LiquidCrystal_I2C.o
 .debug_macro   0x00002206      0xd93 LiquidCrystal_I2C.o
 .debug_macro   0x00002f99      0x3a9 LiquidCrystal_I2C.o
 .debug_macro   0x00003342       0x40 LiquidCrystal_I2C.o
 .debug_macro   0x00003382       0x3a LiquidCrystal_I2C.o
 .debug_macro   0x000033bc       0x1f LiquidCrystal_I2C.o
 .debug_macro   0x000033db      0x250 LiquidCrystal_I2C.o
 .debug_macro   0x0000362b      0x682 LiquidCrystal_I2C.o
 .debug_macro   0x00003cad      0x8bf LiquidCrystal_I2C.o
 .debug_macro   0x0000456c      0x235 LiquidCrystal_I2C.o
 .debug_macro   0x000047a1      0xc67 LiquidCrystal_I2C.o
 .debug_macro   0x00005408      0x4ce LiquidCrystal_I2C.o
 .debug_macro   0x000058d6      0x9f8 LiquidCrystal_I2C.o
 .debug_macro   0x000062ce      0x82b LiquidCrystal_I2C.o
 .debug_macro   0x00006af9      0x24b LiquidCrystal_I2C.o
 .debug_macro   0x00006d44      0x906 LiquidCrystal_I2C.o
 .debug_macro   0x0000764a      0x225 LiquidCrystal_I2C.o
 .debug_macro   0x0000786f      0x77b LiquidCrystal_I2C.o
 .debug_macro   0x00007fea       0x5e LiquidCrystal_I2C.o
 .debug_macro   0x00008048      0x626 LiquidCrystal_I2C.o
 .debug_macro   0x0000866e      0x3b6 LiquidCrystal_I2C.o
 .debug_macro   0x00008a24      0xc55 LiquidCrystal_I2C.o
 .debug_macro   0x00009679     0x1092 LiquidCrystal_I2C.o
 .debug_macro   0x0000a70b      0xc3c LiquidCrystal_I2C.o
 .debug_macro   0x0000b347      0x6bf LiquidCrystal_I2C.o
 .debug_macro   0x0000ba06     0x1873 LiquidCrystal_I2C.o
 .debug_macro   0x0000d279     0x13be LiquidCrystal_I2C.o
 .debug_macro   0x0000e637      0x34e LiquidCrystal_I2C.o
 .debug_macro   0x0000e985       0x7c LiquidCrystal_I2C.o
 .debug_macro   0x0000ea01       0xa0 LiquidCrystal_I2C.o
 .debug_macro   0x0000eaa1       0x4c LiquidCrystal_I2C.o
 .debug_macro   0x0000eaed       0xc4 LiquidCrystal_I2C.o
 .debug_macro   0x0000ebb1       0x94 LiquidCrystal_I2C.o
 .debug_macro   0x0000ec45       0x5e LiquidCrystal_I2C.o
 .debug_macro   0x0000eca3      0x364 LiquidCrystal_I2C.o
 .debug_macro   0x0000f007       0x82 LiquidCrystal_I2C.o
 .debug_macro   0x0000f089       0xb8 LiquidCrystal_I2C.o
 .debug_macro   0x0000f141       0xa0 LiquidCrystal_I2C.o
 .debug_macro   0x0000f1e1       0xb8 LiquidCrystal_I2C.o
 .debug_macro   0x0000f299       0x1c LiquidCrystal_I2C.o
 .debug_macro   0x0000f2b5       0x1c LiquidCrystal_I2C.o
 .debug_macro   0x0000f2d1       0x1c LiquidCrystal_I2C.o
 .debug_macro   0x0000f2ed       0x7c LiquidCrystal_I2C.o
 .debug_macro   0x0000f369      0x1c6 LiquidCrystal_I2C.o
 .debug_macro   0x0000f52f       0xdc LiquidCrystal_I2C.o
 .debug_macro   0x0000f60b      0x12f LiquidCrystal_I2C.o
 .debug_macro   0x0000f73a      0x12f LiquidCrystal_I2C.o
 .debug_macro   0x0000f869      0x12f LiquidCrystal_I2C.o
 .debug_macro   0x0000f998      0x12f LiquidCrystal_I2C.o
 .debug_macro   0x0000fac7      0x12f LiquidCrystal_I2C.o
 .debug_macro   0x0000fbf6      0x12f LiquidCrystal_I2C.o
 .debug_macro   0x0000fd25      0x11e LiquidCrystal_I2C.o
 .debug_macro   0x0000fe43       0xe2 LiquidCrystal_I2C.o
 .debug_macro   0x0000ff25       0xe2 LiquidCrystal_I2C.o
 .debug_macro   0x00010007       0xe2 LiquidCrystal_I2C.o
 .debug_macro   0x000100e9      0x12c LiquidCrystal_I2C.o
 .debug_macro   0x00010215      0x100 LiquidCrystal_I2C.o
 .debug_macro   0x00010315       0xf4 LiquidCrystal_I2C.o
 .debug_macro   0x00010409      0x408 LiquidCrystal_I2C.o
 .debug_macro   0x00010811       0x40 LiquidCrystal_I2C.o
 .debug_macro   0x00010851      0x345 LiquidCrystal_I2C.o
 .debug_macro   0x00010b96     0x17e6 LiquidCrystal_I2C.o
 .debug_macro   0x0001237c       0x4a LiquidCrystal_I2C.o
 .debug_macro   0x000123c6       0xa6 LiquidCrystal_I2C.o
 .debug_macro   0x0001246c       0x16 LiquidCrystal_I2C.o
 .debug_macro   0x00012482      0x150 LiquidCrystal_I2C.o
 .debug_macro   0x000125d2       0x10 LiquidCrystal_I2C.o
 .debug_macro   0x000125e2       0xe2 LiquidCrystal_I2C.o
 .debug_macro   0x000126c4       0x16 LiquidCrystal_I2C.o
 .debug_macro   0x000126da       0x10 LiquidCrystal_I2C.o
 .debug_macro   0x000126ea       0x10 LiquidCrystal_I2C.o
 .debug_macro   0x000126fa       0xef LiquidCrystal_I2C.o
 .debug_macro   0x000127e9      0x329 LiquidCrystal_I2C.o
 .debug_macro   0x00012b12       0x4c LiquidCrystal_I2C.o
 .debug_macro   0x00012b5e       0x16 LiquidCrystal_I2C.o
 .debug_macro   0x00012b74       0x10 LiquidCrystal_I2C.o
 .debug_macro   0x00012b84       0x3a LiquidCrystal_I2C.o
 .debug_macro   0x00012bbe      0x120 LiquidCrystal_I2C.o
 .debug_macro   0x00012cde       0xe3 LiquidCrystal_I2C.o
 .debug_macro   0x00012dc1       0x28 LiquidCrystal_I2C.o
 .debug_macro   0x00012de9       0x28 LiquidCrystal_I2C.o
 .debug_macro   0x00012e11       0x22 LiquidCrystal_I2C.o
 .debug_macro   0x00012e33       0x7c LiquidCrystal_I2C.o
 .debug_macro   0x00012eaf      0x21c LiquidCrystal_I2C.o
 .debug_macro   0x000130cb       0x10 LiquidCrystal_I2C.o
 .debug_macro   0x000130db      0x10d LiquidCrystal_I2C.o
 .debug_macro   0x000131e8      0x519 SPI/SPI.o
 .debug_macro   0x00013701      0x14a SPI/SPI.o
 .debug_macro   0x0001384b       0x10 SPI/SPI.o
 .debug_macro   0x0001385b       0x1c SPI/SPI.o
 .debug_macro   0x00013877       0x16 SPI/SPI.o
 .debug_macro   0x0001388d      0x508 Wire/Wire.o
 .debug_macro   0x00013d95      0x166 Wire/Wire.o
 .debug_macro   0x00013efb      0x214 Wire/Wire.o
 .debug_macro   0x0001410f       0x1c Wire/Wire.o
 .debug_macro   0x0001412b      0x4eb variant/variant.o
 .debug_macro   0x00014616      0x4fa core/delay.o
 .debug_macro   0x00014b10      0x81a core/delay.o
 .debug_macro   0x0001532a       0xa3 core/delay.o
 .debug_macro   0x000153cd      0x250 core/delay.o
 .debug_macro   0x0001561d       0x97 core/delay.o
 .debug_macro   0x000156b4       0xef core/delay.o
 .debug_macro   0x000157a3       0x43 core/delay.o
 .debug_macro   0x000157e6       0x52 core/delay.o
 .debug_macro   0x00015838       0x35 core/delay.o
 .debug_macro   0x0001586d      0x2a3 core/delay.o
 .debug_macro   0x00015b10       0xde core/delay.o
 .debug_macro   0x00015bee       0x8e core/delay.o
 .debug_macro   0x00015c7c       0x11 core/hooks.o
 .debug_macro   0x00015c8d      0x5cf core/IPAddress.o
 .debug_macro   0x0001625c      0x10e core/IPAddress.o
 .debug_macro   0x0001636a      0x5c7 core/main.o
 .debug_macro   0x00016931      0x5bb core/Print.o
 .debug_macro   0x00016eec       0xf4 core/RingBuffer.o
 .debug_macro   0x00016fe0      0x4f2 core/SERCOM.o
 .debug_macro   0x000174d2       0x3a core/SERCOM.o
 .debug_macro   0x0001750c      0x3fc core/startup.o
 .debug_macro   0x00017908      0x3da core/syscalls.o
 .debug_macro   0x00017ce2       0x10 core/syscalls.o
 .debug_macro   0x00017cf2      0x23b core/syscalls.o
 .debug_macro   0x00017f2d      0x4ae core/Uart.o
 .debug_macro   0x000183db      0x425 core/WInterrupts.o
 .debug_macro   0x00018800       0x22 core/WInterrupts.o
 .debug_macro   0x00018822      0x3f0 core/wiring.o
 .debug_macro   0x00018c12      0x2f8 core/wiring_digital.o
 .debug_macro   0x00018f0a      0x5ea test.o

.debug_line     0x00000000     0xac88
 .debug_line    0x00000000      0xf0e LiquidCrystal_I2C.o
 .debug_line    0x00000f0e      0xab1 SPI/SPI.o
 .debug_line    0x000019bf      0xb99 Wire/Wire.o
 .debug_line    0x00002558      0x99b variant/variant.o
 .debug_line    0x00002ef3      0x929 core/delay.o
 .debug_line    0x0000381c       0x6b core/hooks.o
 .debug_line    0x00003887      0xb7e core/IPAddress.o
 .debug_line    0x00004405      0xad2 core/main.o
 .debug_line    0x00004ed7      0xd48 core/Print.o
 .debug_line    0x00005c1f      0x38f core/RingBuffer.o
 .debug_line    0x00005fae      0xe90 core/SERCOM.o
 .debug_line    0x00006e3e      0x88b core/startup.o
 .debug_line    0x000076c9      0x807 core/syscalls.o
 .debug_line    0x00007ed0      0xab9 core/Uart.o
 .debug_line    0x00008989      0x826 core/WInterrupts.o
 .debug_line    0x000091af      0x7dc core/wiring.o
 .debug_line    0x0000998b      0x722 core/wiring_digital.o
 .debug_line    0x0000a0ad      0xbdb test.o

.debug_str      0x00000000    0x76fea
 .debug_str     0x00000000    0x71245 LiquidCrystal_I2C.o
                              0x7160f (size before relaxing)
 .debug_str     0x00071245     0x1bed SPI/SPI.o
                              0x6f972 (size before relaxing)
 .debug_str     0x00072e32      0xf36 Wire/Wire.o
                              0x70308 (size before relaxing)
 .debug_str     0x00073d68      0x88a variant/variant.o
                              0x6fe05 (size before relaxing)
 .debug_str     0x000745f2      0x384 core/delay.o
                              0x6ec5c (size before relaxing)
 .debug_str     0x00074976       0x33 core/hooks.o
                               0x2364 (size before relaxing)
 .debug_str     0x000749a9      0x22d core/IPAddress.o
                              0x70bb4 (size before relaxing)
 .debug_str     0x00074bd6       0x30 core/main.o
                              0x708f0 (size before relaxing)
 .debug_str     0x00074c06      0x39c core/Print.o
                              0x7153a (size before relaxing)
 .debug_str     0x00074fa2       0x3d core/RingBuffer.o
                               0x5442 (size before relaxing)
 .debug_str     0x00074fdf      0x428 core/SERCOM.o
                              0x6f29b (size before relaxing)
 .debug_str     0x00075407      0xa87 core/startup.o
                              0x6a3e9 (size before relaxing)
 .debug_str     0x00075e8e      0x5e0 core/syscalls.o
                              0x69485 (size before relaxing)
 .debug_str     0x0007646e      0x1b8 core/Uart.o
                              0x6f73d (size before relaxing)
 .debug_str     0x00076626      0x3c7 core/WInterrupts.o
                              0x6b32a (size before relaxing)
 .debug_str     0x000769ed      0x2b7 core/wiring.o
                              0x6a02d (size before relaxing)
 .debug_str     0x00076ca4      0x1c7 core/wiring_digital.o
                              0x67808 (size before relaxing)
 .debug_str     0x00076e6b      0x17f test.o
                              0x70cfb (size before relaxing)

.debug_frame    0x00000000     0x234c
 .debug_frame   0x00000000      0x3f8 LiquidCrystal_I2C.o
 .debug_frame   0x000003f8       0xfc SPI/SPI.o
 .debug_frame   0x000004f4      0x1fc Wire/Wire.o
 .debug_frame   0x000006f0       0x2c variant/variant.o
 .debug_frame   0x0000071c       0x74 core/delay.o
 .debug_frame   0x00000790       0x40 core/hooks.o
 .debug_frame   0x000007d0      0x100 core/IPAddress.o
 .debug_frame   0x000008d0       0x2c core/main.o
 .debug_frame   0x000008fc      0x2e8 core/Print.o
 .debug_frame   0x00000be4       0xa0 core/RingBuffer.o
 .debug_frame   0x00000c84      0x420 core/SERCOM.o
 .debug_frame   0x000010a4       0x88 core/startup.o
 .debug_frame   0x0000112c       0xc8 core/syscalls.o
 .debug_frame   0x000011f4      0x19c core/Uart.o
 .debug_frame   0x00001390       0x6c core/WInterrupts.o
 .debug_frame   0x000013fc       0x48 core/wiring.o
 .debug_frame   0x00001444       0x7c core/wiring_digital.o
 .debug_frame   0x000014c0       0xcc test.o
 .debug_frame   0x0000158c       0x20 c:/program files (x86)/atmel/atmel toolchain/arm gcc/native/4.8.1426/arm-gnu-toolchain/bin/../lib/gcc/arm-none-eabi/4.8.3/armv6-m\libgcc.a(_udivsi3.o)
 .debug_frame   0x000015ac       0x20 c:/program files (x86)/atmel/atmel toolchain/arm gcc/native/4.8.1426/arm-gnu-toolchain/bin/../lib/gcc/arm-none-eabi/4.8.3/armv6-m\libgcc.a(_divsi3.o)
 .debug_frame   0x000015cc       0x28 c:/program files (x86)/atmel/atmel toolchain/arm gcc/native/4.8.1426/arm-gnu-toolchain/bin/../lib/gcc/arm-none-eabi/4.8.3/armv6-m\libgcc.a(_fixunssfsi.o)
 .debug_frame   0x000015f4       0x3c c:/program files (x86)/atmel/atmel toolchain/arm gcc/native/4.8.1426/arm-gnu-toolchain/bin/../lib/gcc/arm-none-eabi/4.8.3/armv6-m\libgcc.a(divsf3.o)
 .debug_frame   0x00001630       0x3c c:/program files (x86)/atmel/atmel toolchain/arm gcc/native/4.8.1426/arm-gnu-toolchain/bin/../lib/gcc/arm-none-eabi/4.8.3/armv6-m\libgcc.a(mulsf3.o)
 .debug_frame   0x0000166c       0x30 c:/program files (x86)/atmel/atmel toolchain/arm gcc/native/4.8.1426/arm-gnu-toolchain/bin/../lib/gcc/arm-none-eabi/4.8.3/armv6-m\libgcc.a(subsf3.o)
 .debug_frame   0x0000169c       0x20 c:/program files (x86)/atmel/atmel toolchain/arm gcc/native/4.8.1426/arm-gnu-toolchain/bin/../lib/gcc/arm-none-eabi/4.8.3/armv6-m\libgcc.a(fixsfsi.o)
 .debug_frame   0x000016bc       0x28 c:/program files (x86)/atmel/atmel toolchain/arm gcc/native/4.8.1426/arm-gnu-toolchain/bin/../lib/gcc/arm-none-eabi/4.8.3/armv6-m\libgcc.a(floatunsisf.o)
 .debug_frame   0x000016e4       0x2c c:/program files (x86)/atmel/atmel toolchain/arm gcc/native/4.8.1426/arm-gnu-toolchain/bin/../lib/gcc/arm-none-eabi/4.8.3/armv6-m\libgcc.a(eqsf2.o)
 .debug_frame   0x00001710       0x30 c:/program files (x86)/atmel/atmel toolchain/arm gcc/native/4.8.1426/arm-gnu-toolchain/bin/../lib/gcc/arm-none-eabi/4.8.3/armv6-m\libgcc.a(gesf2.o)
 .debug_frame   0x00001740       0x30 c:/program files (x86)/atmel/atmel toolchain/arm gcc/native/4.8.1426/arm-gnu-toolchain/bin/../lib/gcc/arm-none-eabi/4.8.3/armv6-m\libgcc.a(lesf2.o)
 .debug_frame   0x00001770       0x28 c:/program files (x86)/atmel/atmel toolchain/arm gcc/native/4.8.1426/arm-gnu-toolchain/bin/../lib/gcc/arm-none-eabi/4.8.3/../../../../arm-none-eabi/lib/armv6-m\libc_s.a(lib_a-abort.o)
 .debug_frame   0x00001798       0x44 c:/program files (x86)/atmel/atmel toolchain/arm gcc/native/4.8.1426/arm-gnu-toolchain/bin/../lib/gcc/arm-none-eabi/4.8.3/../../../../arm-none-eabi/lib/armv6-m\libc_s.a(lib_a-assert.o)
 .debug_frame   0x000017dc       0x48 c:/program files (x86)/atmel/atmel toolchain/arm gcc/native/4.8.1426/arm-gnu-toolchain/bin/../lib/gcc/arm-none-eabi/4.8.3/../../../../arm-none-eabi/lib/armv6-m\libc_s.a(lib_a-fprintf.o)
 .debug_frame   0x00001824       0x3c c:/program files (x86)/atmel/atmel toolchain/arm gcc/native/4.8.1426/arm-gnu-toolchain/bin/../lib/gcc/arm-none-eabi/4.8.3/../../../../arm-none-eabi/lib/armv6-m\libc_s.a(lib_a-fvwrite.o)
 .debug_frame   0x00001860       0x2c c:/program files (x86)/atmel/atmel toolchain/arm gcc/native/4.8.1426/arm-gnu-toolchain/bin/../lib/gcc/arm-none-eabi/4.8.3/../../../../arm-none-eabi/lib/armv6-m\libc_s.a(lib_a-init.o)
 .debug_frame   0x0000188c       0x3c c:/program files (x86)/atmel/atmel toolchain/arm gcc/native/4.8.1426/arm-gnu-toolchain/bin/../lib/gcc/arm-none-eabi/4.8.3/../../../../arm-none-eabi/lib/armv6-m\libc_s.a(lib_a-mallocr.o)
 .debug_frame   0x000018c8       0x30 c:/program files (x86)/atmel/atmel toolchain/arm gcc/native/4.8.1426/arm-gnu-toolchain/bin/../lib/gcc/arm-none-eabi/4.8.3/../../../../arm-none-eabi/lib/armv6-m\libc_s.a(lib_a-memchr-stub.o)
 .debug_frame   0x000018f8       0x30 c:/program files (x86)/atmel/atmel toolchain/arm gcc/native/4.8.1426/arm-gnu-toolchain/bin/../lib/gcc/arm-none-eabi/4.8.3/../../../../arm-none-eabi/lib/armv6-m\libc_s.a(lib_a-memcpy-stub.o)
 .debug_frame   0x00001928       0x30 c:/program files (x86)/atmel/atmel toolchain/arm gcc/native/4.8.1426/arm-gnu-toolchain/bin/../lib/gcc/arm-none-eabi/4.8.3/../../../../arm-none-eabi/lib/armv6-m\libc_s.a(lib_a-memmove.o)
 .debug_frame   0x00001958       0x38 c:/program files (x86)/atmel/atmel toolchain/arm gcc/native/4.8.1426/arm-gnu-toolchain/bin/../lib/gcc/arm-none-eabi/4.8.3/../../../../arm-none-eabi/lib/armv6-m\libc_s.a(lib_a-memset.o)