###############################################################################
#
# IAR ELF Linker V7.10.1.6676/W32 for ARM                 15/Jul/2014  15:52:18
# Copyright 2007-2014 IAR Systems AB.
#
#    Output file  =  
#        E:\Arduino
#        2014\ArduinoZero\hardware\arduino\samd\bootloaders\zero\Release\Exe\samd21_sam_ba.out
#    Map file     =  
#        E:\Arduino
#        2014\ArduinoZero\hardware\arduino\samd\bootloaders\zero\Release\List\samd21_sam_ba.map
#    Command line =  
#        "E:\Arduino
#        2014\ArduinoZero\hardware\arduino\samd\bootloaders\zero\Release\Obj\cdc_enumerate.o"
#        "E:\Arduino
#        2014\ArduinoZero\hardware\arduino\samd\bootloaders\zero\Release\Obj\interrupt_sam_nvic.o"
#        "E:\Arduino
#        2014\ArduinoZero\hardware\arduino\samd\bootloaders\zero\Release\Obj\main.o"
#        "E:\Arduino
#        2014\ArduinoZero\hardware\arduino\samd\bootloaders\zero\Release\Obj\sam_ba_monitor.o"
#        "E:\Arduino
#        2014\ArduinoZero\hardware\arduino\samd\bootloaders\zero\Release\Obj\startup_samd21.o"
#        "E:\Arduino
#        2014\ArduinoZero\hardware\arduino\samd\bootloaders\zero\Release\Obj\uart_driver.o"
#        "E:\Arduino
#        2014\ArduinoZero\hardware\arduino\samd\bootloaders\zero\Release\Obj\usart_sam_ba.o"
#        -o "E:\Arduino
#        2014\ArduinoZero\hardware\arduino\samd\bootloaders\zero\Release\Exe\samd21_sam_ba.out"
#        --redirect _Printf=_PrintfFull --redirect _Scanf=_ScanfFull --map
#        "E:\Arduino
#        2014\ArduinoZero\hardware\arduino\samd\bootloaders\zero\Release\List\samd21_sam_ba.map"
#        --config "E:\Arduino
#        2014\ArduinoZero\hardware\arduino\samd\bootloaders\zero\samd21_sam_ba.icf"
#        --entry __iar_program_start --inline --vfe
#
###############################################################################

*******************************************************************************
*** RUNTIME MODEL ATTRIBUTES
***

CppFlavor       = *
__SystemLibrary = DLib


*******************************************************************************
*** PLACEMENT SUMMARY
***

"A1":  place at 0x00000000 { ro section .intvec };
"P1":  place in [from 0x00000000 to 0x0003ffff] { ro };
"P2":  place in [from 0x20000000 to 0x20007fff] { rw, block CSTACK, block HEAP };

  Section            Kind        Address    Size  Object
  -------            ----        -------    ----  ------
"A1":                                       0xb0
  .intvec                     0x00000000    0xb0  <Block>
    .intvec          const    0x00000000    0xb0  startup_samd21.o [1]
                            - 0x000000b0    0xb0

"P1":                                     0x1430
  .text              ro code  0x000000b0   0x754  cdc_enumerate.o [1]
  .text              ro code  0x00000804    0x34  ABImemset.o [4]
  .text              ro code  0x00000838    0x5c  ABImemcpy.o [4]
  .text              ro code  0x00000894   0x43c  usart_sam_ba.o [1]
  .text              ro code  0x00000cd0    0xec  uart_driver.o [1]
  .text              ro code  0x00000dbc   0x3b8  sam_ba_monitor.o [1]
  .text              ro code  0x00001174    0x10  strlen.o [4]
  .text              ro code  0x00001184   0x1ec  main.o [1]
  .text              ro code  0x00001370    0x30  copy_init3.o [4]
  .text              ro code  0x000013a0    0x2a  zero_init3.o [4]
  .text              ro code  0x000013cc    0x28  data_init.o [4]
  .iar.init_table    const    0x000013f4    0x24  - Linker created -
  .text              ro code  0x00001418    0x20  startup_samd21.o [1]
  .text              ro code  0x00001438     0xc  cstartup_M.o [4]
  .text              ro code  0x00001444    0x1a  cmain.o [4]
  .text              ro code  0x0000145e     0x8  exit.o [3]
  .text              ro code  0x00001468     0xa  cexit.o [4]
  .text              ro code  0x00001474     0xc  XXexit.o [4]
  .rodata            const    0x00001480     0x0  zero_init3.o [4]
  .rodata            const    0x00001480     0x0  copy_init3.o [4]
  Initializer bytes  ro data  0x00001480    0x60  <for P2 s0>
                            - 0x000014e0  0x1430

"P2", part 1 of 3:                          0x60
  P2 s0                       0x20000000    0x60  <Init block>
    .data            inited   0x20000000    0x58  cdc_enumerate.o [1]
    .data            inited   0x20000058     0x8  interrupt_sam_nvic.o [1]
                            - 0x20000060    0x60

"P2", part 2 of 3:                         0x208
  .bss               zero     0x20000060   0x114  cdc_enumerate.o [1]
  .bss               zero     0x20000174    0x80  cdc_enumerate.o [1]
  .bss               zero     0x200001f4    0x64  sam_ba_monitor.o [1]
  .bss               zero     0x20000258     0xa  usart_sam_ba.o [1]
  .bss               zero     0x20000262     0x1  cdc_enumerate.o [1]
  .bss               zero     0x20000263     0x1  main.o [1]
  .bss               zero     0x20000264     0x1  uart_driver.o [1]
                            - 0x20000265   0x205

"P2", part 3 of 3:                         0x200
  CSTACK                      0x20000268   0x200  <Block>
    CSTACK           uninit   0x20000268   0x200  <Block tail>
                            - 0x20000468   0x200


*******************************************************************************
*** INIT TABLE
***

          Address     Size
          -------     ----
Zero (__iar_zero_init3)
    1 destination range, total size 0x205:
          0x20000060  0x205

Copy (__iar_copy_init3)
    1 source range, total size 0x60:
          0x00001480   0x60
    1 destination range, total size 0x60:
          0x20000000   0x60



*******************************************************************************
*** MODULE SUMMARY
***

    Module                ro code  ro data  rw data
    ------                -------  -------  -------
E:\Arduino 2014\ArduinoZero\hardware\arduino\samd\bootloaders\zero\Release\Obj: [1]
    cdc_enumerate.o         1 876       88      493
    interrupt_sam_nvic.o                 8        8
    main.o                    492                 1
    sam_ba_monitor.o          952               100
    startup_samd21.o           32      176
    uart_driver.o             236                 1
    usart_sam_ba.o          1 084                10
    -----------------------------------------------
    Total:                  4 672      272      613

command line: [2]
    -----------------------------------------------
    Total:

dl6M_tln.a: [3]
    exit.o                      8
    -----------------------------------------------
    Total:                      8

rt6M_tl.a: [4]
    ABImemcpy.o                92
    ABImemset.o                52
    XXexit.o                   12
    cexit.o                    10
    cmain.o                    26
    copy_init3.o               48
    cstartup_M.o               12
    data_init.o                40
    strlen.o                   16
    zero_init3.o               42
    -----------------------------------------------
    Total:                    350

    Gaps                        6
    Linker created                      36      512
---------------------------------------------------
    Grand Total:            5 036      308    1 125


*******************************************************************************
*** ENTRY LIST
***

Entry                      Address   Size  Type      Object
-----                      -------   ----  ----      ------
.intvec$$Base           0x00000000          --   Gb  - Linker created -
.intvec$$Limit          0x000000b0          --   Gb  - Linker created -
?main                   0x00001445         Code  Gb  cmain.o [4]
AC_Handler              0x00001419    0x2  Code  Wk  startup_samd21.o [1]
ADC_Handler             0x00001419    0x2  Code  Wk  startup_samd21.o [1]
AT91F_CDC_Enumerate     0x0000039d  0x2e4  Code  Lc  cdc_enumerate.o [1]
AT91F_CDC_Open          0x000001a1   0x20  Code  Gb  cdc_enumerate.o [1]
AT91F_InitUSB           0x000000b1   0xea  Code  Gb  cdc_enumerate.o [1]
AT91F_USB_SendZlp       0x00000327   0x28  Code  Gb  cdc_enumerate.o [1]
CSTACK$$Base            0x20000268          --   Gb  - Linker created -
CSTACK$$Limit           0x20000468          --   Gb  - Linker created -
DAC_Handler             0x00001419    0x2  Code  Wk  startup_samd21.o [1]
DMAC_Handler            0x00001419    0x2  Code  Wk  startup_samd21.o [1]
Dummy_Handler           0x00001419    0x2  Code  Gb  startup_samd21.o [1]
EIC_Handler             0x00001419    0x2  Code  Wk  startup_samd21.o [1]
EVSYS_Handler           0x00001419    0x2  Code  Wk  startup_samd21.o [1]
HardFault_Handler       0x00001419    0x2  Code  Wk  startup_samd21.o [1]
I2S_Handler             0x00001419    0x2  Code  Wk  startup_samd21.o [1]
NMI_Handler             0x00001419    0x2  Code  Wk  startup_samd21.o [1]
NVMCTRL_Handler         0x00001419    0x2  Code  Wk  startup_samd21.o [1]
PM_Handler              0x00001419    0x2  Code  Wk  startup_samd21.o [1]
PTC_Handler             0x00001419    0x2  Code  Wk  startup_samd21.o [1]
PendSV_Handler          0x00001419    0x2  Code  Wk  startup_samd21.o [1]
RTC_Handler             0x00001419    0x2  Code  Wk  startup_samd21.o [1]
Region$$Table$$Base     0x000013f4          --   Gb  - Linker created -
Region$$Table$$Limit    0x00001418          --   Gb  - Linker created -
Reset_Handler           0x00001431    0x8  Code  Gb  startup_samd21.o [1]
RomBOOT_Version         0x00001170    0x4  Data  Gb  sam_ba_monitor.o [1]
SERCOM0_Handler         0x00001419    0x2  Code  Wk  startup_samd21.o [1]
SERCOM1_Handler         0x00001419    0x2  Code  Wk  startup_samd21.o [1]
SERCOM2_Handler         0x00001419    0x2  Code  Wk  startup_samd21.o [1]
SERCOM3_Handler         0x00001419    0x2  Code  Wk  startup_samd21.o [1]
SERCOM4_Handler         0x00001419    0x2  Code  Wk  startup_samd21.o [1]
SERCOM5_Handler         0x00001419    0x2  Code  Wk  startup_samd21.o [1]
SVC_Handler             0x00001419    0x2  Code  Wk  startup_samd21.o [1]
SYSCTRL_Handler         0x00001419    0x2  Code  Wk  startup_samd21.o [1]
SysTick_Handler         0x00001419    0x2  Code  Wk  startup_samd21.o [1]
TC3_Handler             0x00001419    0x2  Code  Wk  startup_samd21.o [1]
TC4_Handler             0x00001419    0x2  Code  Wk  startup_samd21.o [1]
TC5_Handler             0x00001419    0x2  Code  Wk  startup_samd21.o [1]
TC6_Handler             0x00001419    0x2  Code  Wk  startup_samd21.o [1]
TC7_Handler             0x00001419    0x2  Code  Wk  startup_samd21.o [1]
TCC0_Handler            0x00001419    0x2  Code  Wk  startup_samd21.o [1]
TCC1_Handler            0x00001419    0x2  Code  Wk  startup_samd21.o [1]
TCC2_Handler            0x00001419    0x2  Code  Wk  startup_samd21.o [1]
USB_Handler             0x00001419    0x2  Code  Wk  startup_samd21.o [1]
USB_IsConfigured        0x000001c1   0x78  Code  Lc  cdc_enumerate.o [1]
USB_Read                0x00000239   0x70  Code  Lc  cdc_enumerate.o [1]
USB_Write               0x000002a9   0x7e  Code  Lc  cdc_enumerate.o [1]
WDT_Handler             0x00001419    0x2  Code  Wk  startup_samd21.o [1]
__aeabi_memclr4         0x00000835         Code  Gb  ABImemset.o [4]
__aeabi_memclr8         0x00000835         Code  Gb  ABImemset.o [4]
__aeabi_memcpy          0x00000839         Code  Gb  ABImemcpy.o [4]
__aeabi_memcpy4         0x00000861         Code  Gb  ABImemcpy.o [4]
__aeabi_memcpy8         0x00000861         Code  Gb  ABImemcpy.o [4]
__cmain                 0x00001445         Code  Gb  cmain.o [4]
__exit                  0x00001475         Code  Gb  XXexit.o [4]
__iar_Memset4_word      0x00000805         Code  Gb  ABImemset.o [4]
__iar_copy_init3        0x00001371   0x30  Code  Gb  copy_init3.o [4]
__iar_data_init3        0x000013cd   0x28  Code  Gb  data_init.o [4]
__iar_program_start     0x00001439         Code  Gb  cstartup_M.o [4]
__iar_zero_init3        0x000013a1   0x2a  Code  Gb  zero_init3.o [4]
__low_level_init        0x0000141b    0xe  Code  Gb  startup_samd21.o [1]
__vector_table          0x00000000   0xb0  Data  Gb  startup_samd21.o [1]
_call_main              0x00001451         Code  Gb  cmain.o [4]
_exit                   0x00001469         Code  Gb  cexit.o [4]
_main                   0x0000145b         Code  Gb  cmain.o [4]
add_crc                 0x000009ad   0x24  Code  Gb  usart_sam_ba.o [1]
b_sam_ba_interface_usart
                        0x200001f5    0x1  Data  Gb  sam_ba_monitor.o [1]
b_sharp_received        0x20000258    0x1  Data  Gb  usart_sam_ba.o [1]
b_terminal_mode         0x200001f4    0x1  Data  Gb  sam_ba_monitor.o [1]
cdc_getc                0x000006c9   0x68  Code  Gb  cdc_enumerate.o [1]
cdc_is_rx_ready         0x00000731   0x1c  Code  Gb  cdc_enumerate.o [1]
cdc_putc                0x000006ad   0x12  Code  Gb  cdc_enumerate.o [1]
cdc_read_buf            0x00000765   0x1e  Code  Gb  cdc_enumerate.o [1]
cdc_read_buf_xmd        0x00000783   0x66  Code  Gb  cdc_enumerate.o [1]
cdc_write_buf           0x00000751   0x14  Code  Gb  cdc_enumerate.o [1]
cfgDescriptor           0x2000000c   0x44  Data  Gb  cdc_enumerate.o [1]
command                 0x200001f6    0x1  Data  Gb  sam_ba_monitor.o [1]
cpu_irq_critical_section_counter
                        0x2000005c    0x4  Data  Lc  interrupt_sam_nvic.o [1]
cpu_irq_prev_interrupt_state
                        0x20000058    0x1  Data  Lc  interrupt_sam_nvic.o [1]
current_number          0x20000200    0x4  Data  Gb  sam_ba_monitor.o [1]
data                    0x20000218   0x40  Data  Gb  sam_ba_monitor.o [1]
devDescriptor           0x00000680   0x14  Data  Gb  cdc_enumerate.o [1]
error_timeout           0x2000025d    0x1  Data  Gb  usart_sam_ba.o [1]
exit                    0x0000145f    0x8  Code  Gb  exit.o [3]
g_interrupt_enabled     0x20000059    0x1  Data  Gb  interrupt_sam_nvic.o [1]
getPacket               0x00000a37   0x7c  Code  Gb  usart_sam_ba.o [1]
getbytes                0x000009d1   0x66  Code  Lc  usart_sam_ba.o [1]
i                       0x20000204    0x4  Data  Gb  sam_ba_monitor.o [1]
idx_rx_read             0x20000259    0x1  Data  Gb  usart_sam_ba.o [1]
idx_rx_write            0x2000025a    0x1  Data  Gb  usart_sam_ba.o [1]
idx_tx_read             0x2000025b    0x1  Data  Gb  usart_sam_ba.o [1]
idx_tx_write            0x2000025c    0x1  Data  Gb  usart_sam_ba.o [1]
j                       0x200001f7    0x1  Data  Gb  sam_ba_monitor.o [1]
length                  0x20000208    0x4  Data  Gb  sam_ba_monitor.o [1]
line_coding             0x20000050    0x8  Data  Lc  cdc_enumerate.o [1]
main                    0x0000128d   0x94  Code  Gb  main.o [1]
main_b_cdc_enable       0x20000263    0x1  Data  Lc  main.o [1]
mode_of_transfer        0x2000025e    0x1  Data  Gb  usart_sam_ba.o [1]
pCdc                    0x200000e0   0x14  Data  Lc  cdc_enumerate.o [1]
ptr                     0x20000210    0x4  Data  Gb  sam_ba_monitor.o [1]
ptr_data                0x2000020c    0x4  Data  Gb  sam_ba_monitor.o [1]
ptr_monitor_if          0x200001f8    0x4  Data  Gb  sam_ba_monitor.o [1]
read_job                0x20000262    0x1  Data  Lc  cdc_enumerate.o [1]
sam_ba_monitor_init     0x00000dbd   0x20  Code  Gb  sam_ba_monitor.o [1]
sam_ba_monitor_run      0x00000e8d  0x2b4  Code  Gb  sam_ba_monitor.o [1]
sam_ba_putdata_term     0x00000e15   0x74  Code  Gb  sam_ba_monitor.o [1]
size_of_data            0x20000260    0x2  Data  Gb  usart_sam_ba.o [1]
sp                      0x200001fc    0x4  Data  Gb  sam_ba_monitor.o [1]
strlen                  0x00001175   0x10  Code  Gb  strlen.o [4]
system_init             0x00001185  0x108  Code  Gb  main.o [1]
u32tmp                  0x20000214    0x4  Data  Gb  sam_ba_monitor.o [1]
uart_basic_init         0x00000d07   0x5e  Code  Gb  uart_driver.o [1]
uart_drv_error_flag     0x20000264    0x1  Data  Gb  uart_driver.o [1]
uart_get_sercom_index   0x00000cd1   0x36  Code  Gb  uart_driver.o [1]
uart_if                 0x00000ddc   0x1c  Data  Gb  sam_ba_monitor.o [1]
uart_read_byte          0x00000d71   0x2a  Code  Gb  uart_driver.o [1]
uart_write_byte         0x00000d65    0xc  Code  Gb  uart_driver.o [1]
udd_ep_in_cache_buffer  0x200000f4   0x80  Data  Gb  cdc_enumerate.o [1]
udd_ep_out_cache_buffer
                        0x20000174   0x80  Data  Gb  cdc_enumerate.o [1]
usart_getc              0x0000093b   0x10  Code  Gb  usart_sam_ba.o [1]
usart_getdata           0x00000997   0x16  Code  Gb  usart_sam_ba.o [1]
usart_getdata_xmd       0x00000c2d   0x98  Code  Gb  usart_sam_ba.o [1]
usart_is_rx_ready       0x0000096b    0xa  Code  Gb  usart_sam_ba.o [1]
usart_open              0x00000895   0x94  Code  Gb  usart_sam_ba.o [1]
usart_putc              0x0000092d    0xe  Code  Gb  usart_sam_ba.o [1]
usart_putdata           0x00000975   0x22  Code  Gb  usart_sam_ba.o [1]
usart_putdata_xmd       0x00000ad5  0x14c  Code  Gb  usart_sam_ba.o [1]
usart_sharp_received    0x0000094b   0x20  Code  Gb  usart_sam_ba.o [1]
usb_endpoint_table      0x20000060   0x80  Data  Gb  cdc_enumerate.o [1]
usb_init                0x00000695   0x18  Code  Gb  cdc_enumerate.o [1]
usbcdc_if               0x00000df8   0x1c  Data  Gb  sam_ba_monitor.o [1]


[1] = E:\Arduino 2014\ArduinoZero\hardware\arduino\samd\bootloaders\zero\Release\Obj
[2] = command line
[3] = dl6M_tln.a
[4] = rt6M_tl.a

  5 036 bytes of readonly  code memory
    308 bytes of readonly  data memory
  1 125 bytes of readwrite data memory

Errors: none
Warnings: none
