Archive member included because of file (symbol)

c:/gnu tools arm embedded_4.8 2014q1/bin/../lib/gcc/arm-none-eabi/4.8.3/armv6-m\libgcc.a(_udivsi3.o)
                              debug_arduino_zero/itoa.o (__aeabi_uidiv)
c:/gnu tools arm embedded_4.8 2014q1/bin/../lib/gcc/arm-none-eabi/4.8.3/armv6-m\libgcc.a(_divsi3.o)
                              debug_arduino_zero/WMath.o (__aeabi_idiv)
c:/gnu tools arm embedded_4.8 2014q1/bin/../lib/gcc/arm-none-eabi/4.8.3/armv6-m\libgcc.a(_dvmd_tls.o)
                              c:/gnu tools arm embedded_4.8 2014q1/bin/../lib/gcc/arm-none-eabi/4.8.3/armv6-m\libgcc.a(_udivsi3.o) (__aeabi_idiv0)
c:/gnu tools arm embedded_4.8 2014q1/bin/../lib/gcc/arm-none-eabi/4.8.3/armv6-m\libgcc.a(_arm_cmpdf2.o)
                              debug_arduino_zero/Print.o (__aeabi_dcmplt)
c:/gnu tools arm embedded_4.8 2014q1/bin/../lib/gcc/arm-none-eabi/4.8.3/armv6-m\libgcc.a(_fixunsdfsi.o)
                              debug_arduino_zero/Print.o (__aeabi_d2uiz)
c:/gnu tools arm embedded_4.8 2014q1/bin/../lib/gcc/arm-none-eabi/4.8.3/armv6-m\libgcc.a(mulsf3.o)
                              debug_arduino_zero/Stream.o (__aeabi_fmul)
c:/gnu tools arm embedded_4.8 2014q1/bin/../lib/gcc/arm-none-eabi/4.8.3/armv6-m\libgcc.a(floatsisf.o)
                              debug_arduino_zero/Stream.o (__aeabi_i2f)
c:/gnu tools arm embedded_4.8 2014q1/bin/../lib/gcc/arm-none-eabi/4.8.3/armv6-m\libgcc.a(adddf3.o)
                              debug_arduino_zero/Print.o (__aeabi_dadd)
c:/gnu tools arm embedded_4.8 2014q1/bin/../lib/gcc/arm-none-eabi/4.8.3/armv6-m\libgcc.a(divdf3.o)
                              debug_arduino_zero/Print.o (__aeabi_ddiv)
c:/gnu tools arm embedded_4.8 2014q1/bin/../lib/gcc/arm-none-eabi/4.8.3/armv6-m\libgcc.a(eqdf2.o)
                              c:/gnu tools arm embedded_4.8 2014q1/bin/../lib/gcc/arm-none-eabi/4.8.3/armv6-m\libgcc.a(_arm_cmpdf2.o) (__eqdf2)
c:/gnu tools arm embedded_4.8 2014q1/bin/../lib/gcc/arm-none-eabi/4.8.3/armv6-m\libgcc.a(gedf2.o)
                              c:/gnu tools arm embedded_4.8 2014q1/bin/../lib/gcc/arm-none-eabi/4.8.3/armv6-m\libgcc.a(_arm_cmpdf2.o) (__gedf2)
c:/gnu tools arm embedded_4.8 2014q1/bin/../lib/gcc/arm-none-eabi/4.8.3/armv6-m\libgcc.a(ledf2.o)
                              c:/gnu tools arm embedded_4.8 2014q1/bin/../lib/gcc/arm-none-eabi/4.8.3/armv6-m\libgcc.a(_arm_cmpdf2.o) (__ledf2)
c:/gnu tools arm embedded_4.8 2014q1/bin/../lib/gcc/arm-none-eabi/4.8.3/armv6-m\libgcc.a(muldf3.o)
                              debug_arduino_zero/Print.o (__aeabi_dmul)
c:/gnu tools arm embedded_4.8 2014q1/bin/../lib/gcc/arm-none-eabi/4.8.3/armv6-m\libgcc.a(subdf3.o)
                              debug_arduino_zero/Print.o (__aeabi_dsub)
c:/gnu tools arm embedded_4.8 2014q1/bin/../lib/gcc/arm-none-eabi/4.8.3/armv6-m\libgcc.a(fixdfsi.o)
                              debug_arduino_zero/Print.o (__aeabi_d2iz)
c:/gnu tools arm embedded_4.8 2014q1/bin/../lib/gcc/arm-none-eabi/4.8.3/armv6-m\libgcc.a(floatsidf.o)
                              debug_arduino_zero/Print.o (__aeabi_i2d)
c:/gnu tools arm embedded_4.8 2014q1/bin/../lib/gcc/arm-none-eabi/4.8.3/armv6-m\libgcc.a(floatunsidf.o)
                              debug_arduino_zero/Print.o (__aeabi_ui2d)
c:/gnu tools arm embedded_4.8 2014q1/bin/../lib/gcc/arm-none-eabi/4.8.3/armv6-m\libgcc.a(extendsfdf2.o)
                              debug_arduino_zero/Stream.o (__aeabi_f2d)
c:/gnu tools arm embedded_4.8 2014q1/bin/../lib/gcc/arm-none-eabi/4.8.3/armv6-m\libgcc.a(truncdfsf2.o)
                              debug_arduino_zero/Stream.o (__aeabi_d2f)
c:/gnu tools arm embedded_4.8 2014q1/bin/../lib/gcc/arm-none-eabi/4.8.3/armv6-m\libgcc.a(unwind-arm.o)
                              debug_arduino_zero/test.o (__aeabi_unwind_cpp_pr0)
c:/gnu tools arm embedded_4.8 2014q1/bin/../lib/gcc/arm-none-eabi/4.8.3/armv6-m\libgcc.a(libunwind.o)
                              c:/gnu tools arm embedded_4.8 2014q1/bin/../lib/gcc/arm-none-eabi/4.8.3/armv6-m\libgcc.a(unwind-arm.o) (restore_core_regs)
c:/gnu tools arm embedded_4.8 2014q1/bin/../lib/gcc/arm-none-eabi/4.8.3/armv6-m\libgcc.a(pr-support.o)
                              c:/gnu tools arm embedded_4.8 2014q1/bin/../lib/gcc/arm-none-eabi/4.8.3/armv6-m\libgcc.a(unwind-arm.o) (__gnu_unwind_execute)
c:/gnu tools arm embedded_4.8 2014q1/bin/../lib/gcc/arm-none-eabi/4.8.3/armv6-m\libgcc.a(_clzsi2.o)
                              c:/gnu tools arm embedded_4.8 2014q1/bin/../lib/gcc/arm-none-eabi/4.8.3/armv6-m\libgcc.a(mulsf3.o) (__clzsi2)
c:/gnu tools arm embedded_4.8 2014q1/bin/../lib/gcc/arm-none-eabi/4.8.3/../../../../arm-none-eabi/lib/armv6-m\libc.a(lib_a-abort.o)
                              c:/gnu tools arm embedded_4.8 2014q1/bin/../lib/gcc/arm-none-eabi/4.8.3/armv6-m\libgcc.a(unwind-arm.o) (abort)
c:/gnu tools arm embedded_4.8 2014q1/bin/../lib/gcc/arm-none-eabi/4.8.3/../../../../arm-none-eabi/lib/armv6-m\libc.a(lib_a-atof.o)
[...]
Memory Configuration

Name             Origin             Length             Attributes
FLASH            0x00000000         0x00040000         xr
RAM              0x20000000         0x00008000         xrw
*default*        0x00000000         0xffffffff

Linker script and memory map

LOAD c:/gnu tools arm embedded_4.8 2014q1/bin/../lib/gcc/arm-none-eabi/4.8.3/armv6-m/crti.o
LOAD c:/gnu tools arm embedded_4.8 2014q1/bin/../lib/gcc/arm-none-eabi/4.8.3/armv6-m/crtbegin.o
LOAD c:/gnu tools arm embedded_4.8 2014q1/bin/../lib/gcc/arm-none-eabi/4.8.3/../../../../arm-none-eabi/lib/armv6-m/crt0.o
LOAD debug_arduino_zero/delay.o
LOAD debug_arduino_zero/hooks.o
LOAD debug_arduino_zero/itoa.o
LOAD debug_arduino_zero/startup.o
LOAD debug_arduino_zero/syscalls.o
LOAD debug_arduino_zero/wiring.o
LOAD debug_arduino_zero/wiring_digital.o
LOAD debug_arduino_zero/wiring_shift.o
LOAD debug_arduino_zero/test.o
LOAD debug_arduino_zero/IPAddress.o
LOAD debug_arduino_zero/main.o
LOAD debug_arduino_zero/Print.o
LOAD debug_arduino_zero/Reset.o
LOAD debug_arduino_zero/RingBuffer.o
LOAD debug_arduino_zero/Stream.o
LOAD debug_arduino_zero/WMath.o
LOAD debug_arduino_zero/WString.o
LOAD debug_arduino_zero/variant.o
START GROUP
LOAD c:/gnu tools arm embedded_4.8 2014q1/bin/../lib/gcc/arm-none-eabi/4.8.3/armv6-m\libgcc.a
LOAD c:/gnu tools arm embedded_4.8 2014q1/bin/../lib/gcc/arm-none-eabi/4.8.3/../../../../arm-none-eabi/lib/armv6-m\libc.a
LOAD c:/gnu tools arm embedded_4.8 2014q1/bin/../lib/gcc/arm-none-eabi/4.8.3/../../../../arm-none-eabi/lib/armv6-m\libstdc++.a
END GROUP
START GROUP
LOAD c:/gnu tools arm embedded_4.8 2014q1/bin/../lib/gcc/arm-none-eabi/4.8.3/armv6-m\libgcc.a
LOAD c:/gnu tools arm embedded_4.8 2014q1/bin/../lib/gcc/arm-none-eabi/4.8.3/../../../../arm-none-eabi/lib/armv6-m\libc.a
END GROUP
LOAD c:/gnu tools arm embedded_4.8 2014q1/bin/../lib/gcc/arm-none-eabi/4.8.3/armv6-m/crtend.o
LOAD c:/gnu tools arm embedded_4.8 2014q1/bin/../lib/gcc/arm-none-eabi/4.8.3/armv6-m/crtn.o

.text           0x00000000    0x12a94
 *(.isr_vector)
 *(.text*)
 .text          0x00000000       0x60 c:/gnu tools arm embedded_4.8 2014q1/bin/../lib/gcc/arm-none-eabi/4.8.3/armv6-m/crtbegin.o
 .text.delay    0x00000060       0x10 debug_arduino_zero/delay.o
                0x00000060                delay
 .text.SystemInit
                0x00000070      0x190 debug_arduino_zero/startup.o
                0x00000070                SystemInit
 .text.Reset_Handler
                0x00000200       0x8c debug_arduino_zero/startup.o
                0x00000200                Reset_Handler
 .text._sbrk    0x0000028c       0x54 debug_arduino_zero/syscalls.o
                0x0000028c                _sbrk
 .text._close   0x000002e0       0x14 debug_arduino_zero/syscalls.o
                0x000002e0                _close
 .text._fstat   0x000002f4       0x1c debug_arduino_zero/syscalls.o
                0x000002f4                _fstat
 .text._isatty  0x00000310       0x14 debug_arduino_zero/syscalls.o
                0x00000310                _isatty
 .text._lseek   0x00000324       0x18 debug_arduino_zero/syscalls.o
                0x00000324                _lseek
 .text._read    0x0000033c       0x18 debug_arduino_zero/syscalls.o
                0x0000033c                _read
 .text._write   0x00000354       0x34 debug_arduino_zero/syscalls.o
                0x00000354                _write
 .text._exit    0x00000388       0x20 debug_arduino_zero/syscalls.o
                0x00000388                _exit
 .text._kill    0x000003a8       0x14 debug_arduino_zero/syscalls.o
                0x000003a8                _kill
 .text._getpid  0x000003bc       0x10 debug_arduino_zero/syscalls.o
                0x000003bc                _getpid
 .text.NVIC_SetPriority
                0x000003cc       0xe0 debug_arduino_zero/wiring.o
 .text.SysTick_Config
                0x000004ac       0x4c debug_arduino_zero/wiring.o
 .text.init     0x000004f8       0x68 debug_arduino_zero/wiring.o
                0x000004f8                init
 .text.pinMode  0x00000560      0x1a4 debug_arduino_zero/wiring_digital.o
                0x00000560                pinMode
 .text.digitalWrite
                0x00000704       0xd0 debug_arduino_zero/wiring_digital.o
                0x00000704                digitalWrite
 .text.setup    0x000007d4       0x30 debug_arduino_zero/test.o
                0x000007d4                setup
 .text._ZL9led_step1v
                0x00000804       0x1c debug_arduino_zero/test.o
 .text._ZL9led_step2v
                0x00000820       0x1c debug_arduino_zero/test.o
 .text.loop     0x0000083c       0x30 debug_arduino_zero/test.o
                0x0000083c                loop
 .text._ZN9PrintableC2Ev
                0x0000086c       0x1c debug_arduino_zero/IPAddress.o
                0x0000086c                Printable::Printable()
                0x0000086c                Printable::Printable()
 .text._ZN9IPAddressC2Ehhhh
                0x00000888       0x5c debug_arduino_zero/IPAddress.o
                0x00000888                IPAddress::IPAddress(unsigned char, unsigned char, unsigned char, unsigned char)
                0x00000888                IPAddress::IPAddress(unsigned char, unsigned char, unsigned char, unsigned char)
 .text._ZNK9IPAddress7printToER5Print
                0x000008e4       0x78 debug_arduino_zero/IPAddress.o
                0x000008e4                IPAddress::printTo(Print&) const
 .text._Z41__static_initialization_and_destruction_0ii
                0x0000095c       0x3c debug_arduino_zero/IPAddress.o
 .text._GLOBAL__sub_I__ZN9IPAddressC2Ev
                0x00000998       0x1c debug_arduino_zero/IPAddress.o
 .text.main     0x000009b4       0x38 debug_arduino_zero/main.o
                0x000009b4                main
 .text._ZN5Print5writeEPKc
                0x000009ec       0x40 debug_arduino_zero/Print.o
                0x000009ec                Print::write(char const*)
 .text._ZN5Print5printEc
                0x00000a2c       0x2c debug_arduino_zero/Print.o
                0x00000a2c                Print::print(char)
 .text._ZN5Print5printEhi
                0x00000a58       0x34 debug_arduino_zero/Print.o
                0x00000a58                Print::print(unsigned char, int)
 .text._ZN5Print5printEmi
                0x00000a8c       0x48 debug_arduino_zero/Print.o
                0x00000a8c                Print::print(unsigned long, int)
 .text._ZN5Print11printNumberEmh
                0x00000ad4       0xb0 debug_arduino_zero/Print.o
                0x00000ad4                Print::printNumber(unsigned long, unsigned char)
 .text          0x00000b84       0x9c c:/gnu tools arm embedded_4.8 2014q1/bin/../lib/gcc/arm-none-eabi/4.8.3/armv6-m\libgcc.a(_udivsi3.o)
                0x00000b84                __aeabi_uidiv
                0x00000b84                __udivsi3
                0x00000c0c                __aeabi_uidivmod
 .text          0x00000c20       0xc0 c:/gnu tools arm embedded_4.8 2014q1/bin/../lib/gcc/arm-none-eabi/4.8.3/armv6-m\libgcc.a(_divsi3.o)
                0x00000c20                __divsi3
                0x00000c20                __aeabi_idiv
                0x00000ccc                __aeabi_idivmod
 .text          0x00000ce0        0x4 c:/gnu tools arm embedded_4.8 2014q1/bin/../lib/gcc/arm-none-eabi/4.8.3/armv6-m\libgcc.a(_dvmd_tls.o)
                0x00000ce0                __aeabi_idiv0
                0x00000ce0                __aeabi_ldiv0
 .text          0x00000ce4       0x7c c:/gnu tools arm embedded_4.8 2014q1/bin/../lib/gcc/arm-none-eabi/4.8.3/armv6-m\libgcc.a(_arm_cmpdf2.o)
                0x00000ce4                __aeabi_cdrcmple
                0x00000cf4                __aeabi_cdcmple
                0x00000cf4                __aeabi_cdcmpeq
                0x00000d04                __aeabi_dcmpeq
                0x00000d10                __aeabi_dcmplt
                0x00000d24                __aeabi_dcmple
                0x00000d38                __aeabi_dcmpgt
                0x00000d4c                __aeabi_dcmpge
 .text          0x00000d60      0x638 c:/gnu tools arm embedded_4.8 2014q1/bin/../lib/gcc/arm-none-eabi/4.8.3/armv6-m\libgcc.a(adddf3.o)
                0x00000d60                __aeabi_dadd
 .text          0x00001398      0x648 c:/gnu tools arm embedded_4.8 2014q1/bin/../lib/gcc/arm-none-eabi/4.8.3/armv6-m\libgcc.a(divdf3.o)
                0x00001398                __aeabi_ddiv
 .text          0x000019e0       0x94 c:/gnu tools arm embedded_4.8 2014q1/bin/../lib/gcc/arm-none-eabi/4.8.3/armv6-m\libgcc.a(eqdf2.o)
                0x000019e0                __nedf2
                0x000019e0                __eqdf2
 .text          0x00001a74       0xfc c:/gnu tools arm embedded_4.8 2014q1/bin/../lib/gcc/arm-none-eabi/4.8.3/armv6-m\libgcc.a(gedf2.o)
                0x00001a74                __gedf2
                0x00001a74                __gtdf2
 .text          0x00001b70       0xfc c:/gnu tools arm embedded_4.8 2014q1/bin/../lib/gcc/arm-none-eabi/4.8.3/armv6-m\libgcc.a(ledf2.o)
                0x00001b70                __ledf2
                0x00001b70                __ltdf2
 .text          0x00001c6c      0x520 c:/gnu tools arm embedded_4.8 2014q1/bin/../lib/gcc/arm-none-eabi/4.8.3/armv6-m\libgcc.a(muldf3.o)
                0x00001c6c                __aeabi_dmul
 .text          0x0000218c      0x654 c:/gnu tools arm embedded_4.8 2014q1/bin/../lib/gcc/arm-none-eabi/4.8.3/armv6-m\libgcc.a(subdf3.o)
                0x0000218c                __aeabi_dsub
 .text          0x000027e0       0x68 c:/gnu tools arm embedded_4.8 2014q1/bin/../lib/gcc/arm-none-eabi/4.8.3/armv6-m\libgcc.a(fixdfsi.o)
                0x000027e0                __aeabi_d2iz
 .text          0x00002848       0x7c c:/gnu tools arm embedded_4.8 2014q1/bin/../lib/gcc/arm-none-eabi/4.8.3/armv6-m\libgcc.a(floatsidf.o)
                0x00002848                __aeabi_i2d
 .text          0x000028c4       0x68 c:/gnu tools arm embedded_4.8 2014q1/bin/../lib/gcc/arm-none-eabi/4.8.3/armv6-m\libgcc.a(floatunsidf.o)
                0x000028c4                __aeabi_ui2d
 .text          0x0000292c      0xa34 c:/gnu tools arm embedded_4.8 2014q1/bin/../lib/gcc/arm-none-eabi/4.8.3/armv6-m\libgcc.a(unwind-arm.o)
                0x00002c04                _Unwind_GetCFA
                0x00002c08                __gnu_Unwind_RaiseException
                0x00002c58                __gnu_Unwind_ForcedUnwind
                0x00002c6c                __gnu_Unwind_Resume
                0x00002cb4                __gnu_Unwind_Resume_or_Rethrow
                0x00002cd0                _Unwind_Complete
                0x00002cd4                _Unwind_DeleteException
                0x00002ce4                _Unwind_VRS_Get
                0x00002d30                _Unwind_VRS_Set
                0x00002d80                __gnu_Unwind_Backtrace
                0x000030d8                __aeabi_unwind_cpp_pr0
                0x000030e4                __aeabi_unwind_cpp_pr1
                0x000030f0                __aeabi_unwind_cpp_pr2
                0x000030fc                _Unwind_VRS_Pop
 .text          0x00003360      0x144 c:/gnu tools arm embedded_4.8 2014q1/bin/../lib/gcc/arm-none-eabi/4.8.3/armv6-m\libgcc.a(libunwind.o)
                0x00003360                __restore_core_regs
                0x00003360                restore_core_regs
                0x0000338c                __gnu_Unwind_Restore_VFP
                0x00003390                __gnu_Unwind_Save_VFP
                0x00003394                __gnu_Unwind_Restore_VFP_D
                0x00003398                __gnu_Unwind_Save_VFP_D
                0x0000339c                __gnu_Unwind_Restore_VFP_D_16_to_31
                0x000033a0                __gnu_Unwind_Save_VFP_D_16_to_31
                0x000033a4                __gnu_Unwind_Restore_WMMXD
                0x000033a8                __gnu_Unwind_Save_WMMXD
                0x000033ac                __gnu_Unwind_Restore_WMMXC
                0x000033b0                __gnu_Unwind_Save_WMMXC
                0x000033b4                ___Unwind_RaiseException
                0x000033b4                _Unwind_RaiseException
                0x000033e4                _Unwind_Resume
                0x000033e4                ___Unwind_Resume
                0x00003414                _Unwind_Resume_or_Rethrow
                0x00003414                ___Unwind_Resume_or_Rethrow
                0x00003444                _Unwind_ForcedUnwind
                0x00003444                ___Unwind_ForcedUnwind
                0x00003474                ___Unwind_Backtrace
                0x00003474                _Unwind_Backtrace
 .text          0x000034a4      0x3a4 c:/gnu tools arm embedded_4.8 2014q1/bin/../lib/gcc/arm-none-eabi/4.8.3/armv6-m\libgcc.a(pr-support.o)
                0x000034f8                __gnu_unwind_execute
                0x000037f0                __gnu_unwind_frame
                0x00003818                _Unwind_GetRegionStart
                0x00003824                _Unwind_GetLanguageSpecificData
                0x00003838                _Unwind_GetDataRelBase
                0x00003840                _Unwind_GetTextRelBase
 .text          0x00003848       0x3c c:/gnu tools arm embedded_4.8 2014q1/bin/../lib/gcc/arm-none-eabi/4.8.3/armv6-m\libgcc.a(_clzsi2.o)
                0x00003848                __clzsi2
 .text.abort    0x00003884       0x10 c:/gnu tools arm embedded_4.8 2014q1/bin/../lib/gcc/arm-none-eabi/4.8.3/../../../../arm-none-eabi/lib/armv6-m\libc.a(lib_a-abort.o)
                0x00003884                abort
 .text.iprintf  0x00003894       0x24 c:/gnu tools arm embedded_4.8 2014q1/bin/../lib/gcc/arm-none-eabi/4.8.3/../../../../arm-none-eabi/lib/armv6-m\libc.a(lib_a-iprintf.o)
                0x00003894                iprintf
 .text.malloc   0x000038b8       0x14 c:/gnu tools arm embedded_4.8 2014q1/bin/../lib/gcc/arm-none-eabi/4.8.3/../../../../arm-none-eabi/lib/armv6-m\libc.a(lib_a-malloc.o)
                0x000038b8                malloc
 .text.free     0x000038cc       0x14 c:/gnu tools arm embedded_4.8 2014q1/bin/../lib/gcc/arm-none-eabi/4.8.3/../../../../arm-none-eabi/lib/armv6-m\libc.a(lib_a-malloc.o)
                0x000038cc                free
 .text._malloc_r
                0x000038e0      0x50c c:/gnu tools arm embedded_4.8 2014q1/bin/../lib/gcc/arm-none-eabi/4.8.3/../../../../arm-none-eabi/lib/armv6-m\libc.a(lib_a-mallocr.o)
                0x000038e0                _malloc_r
 .text.memcmp   0x00003dec       0x4c c:/gnu tools arm embedded_4.8 2014q1/bin/../lib/gcc/arm-none-eabi/4.8.3/../../../../arm-none-eabi/lib/armv6-m\libc.a(lib_a-memcmp.o)
                0x00003dec                memcmp
 .text.memcpy   0x00003e38       0x84 c:/gnu tools arm embedded_4.8 2014q1/bin/../lib/gcc/arm-none-eabi/4.8.3/../../../../arm-none-eabi/lib/armv6-m\libc.a(lib_a-memcpy-stub.o)
                0x00003e38                memcpy
 .text.memmove  0x00003ebc       0xa4 c:/gnu tools arm embedded_4.8 2014q1/bin/../lib/gcc/arm-none-eabi/4.8.3/../../../../arm-none-eabi/lib/armv6-m\libc.a(lib_a-memmove.o)
                0x00003ebc                memmove
 .text.memset   0x00003f60       0x9c c:/gnu tools arm embedded_4.8 2014q1/bin/../lib/gcc/arm-none-eabi/4.8.3/../../../../arm-none-eabi/lib/armv6-m\libc.a(lib_a-memset.o)
                0x00003f60                memset
 .text.__malloc_lock
                0x00003ffc        0x4 c:/gnu tools arm embedded_4.8 2014q1/bin/../lib/gcc/arm-none-eabi/4.8.3/../../../../arm-none-eabi/lib/armv6-m\libc.a(lib_a-mlock.o)
                0x00003ffc                __malloc_lock
 .text.__malloc_unlock
                0x00004000        0x4 c:/gnu tools arm embedded_4.8 2014q1/bin/../lib/gcc/arm-none-eabi/4.8.3/../../../../arm-none-eabi/lib/armv6-m\libc.a(lib_a-mlock.o)
                0x00004000                __malloc_unlock
 .text.realloc  0x00004004       0x18 c:/gnu tools arm embedded_4.8 2014q1/bin/../lib/gcc/arm-none-eabi/4.8.3/../../../../arm-none-eabi/lib/armv6-m\libc.a(lib_a-realloc.o)
                0x00004004                realloc
 .text._realloc_r
                0x0000401c      0x360 c:/gnu tools arm embedded_4.8 2014q1/bin/../lib/gcc/arm-none-eabi/4.8.3/../../../../arm-none-eabi/lib/armv6-m\libc.a(lib_a-reallocr.o)
                0x0000401c                _realloc_r
 .text.__fpclassifyd
                0x0000437c       0x60 c:/gnu tools arm embedded_4.8 2014q1/bin/../lib/gcc/arm-none-eabi/4.8.3/../../../../arm-none-eabi/lib/armv6-m\libc.a(lib_a-s_fpclassify.o)
                0x0000437c                __fpclassifyd
 .text._sbrk_r  0x000043dc       0x24 c:/gnu tools arm embedded_4.8 2014q1/bin/../lib/gcc/arm-none-eabi/4.8.3/../../../../arm-none-eabi/lib/armv6-m\libc.a(lib_a-sbrkr.o)
                0x000043dc                _sbrk_r
 .text._raise_r
                0x00004400       0x5c c:/gnu tools arm embedded_4.8 2014q1/bin/../lib/gcc/arm-none-eabi/4.8.3/../../../../arm-none-eabi/lib/armv6-m\libc.a(lib_a-signal.o)
                0x00004400                _raise_r
 .text.raise    0x0000445c       0x14 c:/gnu tools arm embedded_4.8 2014q1/bin/../lib/gcc/arm-none-eabi/4.8.3/../../../../arm-none-eabi/lib/armv6-m\libc.a(lib_a-signal.o)
                0x0000445c                raise
 .text._kill_r  0x00004470       0x28 c:/gnu tools arm embedded_4.8 2014q1/bin/../lib/gcc/arm-none-eabi/4.8.3/../../../../arm-none-eabi/lib/armv6-m\libc.a(lib_a-signalr.o)
                0x00004470                _kill_r
 .text._getpid_r
                0x00004498        0x8 c:/gnu tools arm embedded_4.8 2014q1/bin/../lib/gcc/arm-none-eabi/4.8.3/../../../../arm-none-eabi/lib/armv6-m\libc.a(lib_a-signalr.o)
                0x00004498                _getpid_r
 .text          0x000044a0       0x14 c:/gnu tools arm embedded_4.8 2014q1/bin/../lib/gcc/arm-none-eabi/4.8.3/../../../../arm-none-eabi/lib/armv6-m\libc.a(lib_a-strcmp.o)
                0x000044a0                strcmp
 .text.strlen   0x000044b4       0x10 c:/gnu tools arm embedded_4.8 2014q1/bin/../lib/gcc/arm-none-eabi/4.8.3/../../../../arm-none-eabi/lib/armv6-m\libc.a(lib_a-strlen.o)
                0x000044b4                strlen
 .text.strncmp  0x000044c4       0xb8 c:/gnu tools arm embedded_4.8 2014q1/bin/../lib/gcc/arm-none-eabi/4.8.3/../../../../arm-none-eabi/lib/armv6-m\libc.a(lib_a-strncmp.o)
                0x000044c4                strncmp
 .text.__sprint_r.part.0
                0x0000457c       0x7c c:/gnu tools arm embedded_4.8 2014q1/bin/../lib/gcc/arm-none-eabi/4.8.3/../../../../arm-none-eabi/lib/armv6-m\libc.a(lib_a-vfiprintf.o)
 .text._vfiprintf_r
                0x000045f8      0xbc8 c:/gnu tools arm embedded_4.8 2014q1/bin/../lib/gcc/arm-none-eabi/4.8.3/../../../../arm-none-eabi/lib/armv6-m\libc.a(lib_a-vfiprintf.o)
                0x000045f8                _vfiprintf_r
 .text.__sbprintf
                0x000051c0       0x74 c:/gnu tools arm embedded_4.8 2014q1/bin/../lib/gcc/arm-none-eabi/4.8.3/../../../../arm-none-eabi/lib/armv6-m\libc.a(lib_a-vfiprintf.o)
 .text.__swsetup_r
                0x00005234       0xd0 c:/gnu tools arm embedded_4.8 2014q1/bin/../lib/gcc/arm-none-eabi/4.8.3/../../../../arm-none-eabi/lib/armv6-m\libc.a(lib_a-wsetup.o)
                0x00005234                __swsetup_r
 .text.startup.register_fini
                0x00005304       0x18 c:/gnu tools arm embedded_4.8 2014q1/bin/../lib/gcc/arm-none-eabi/4.8.3/../../../../arm-none-eabi/lib/armv6-m\libc.a(lib_a-__call_atexit.o)
 .text.atexit   0x0000531c       0x10 c:/gnu tools arm embedded_4.8 2014q1/bin/../lib/gcc/arm-none-eabi/4.8.3/../../../../arm-none-eabi/lib/armv6-m\libc.a(lib_a-atexit.o)
                0x0000531c                atexit
 .text.__sflush_r
                0x0000532c      0x154 c:/gnu tools arm embedded_4.8 2014q1/bin/../lib/gcc/arm-none-eabi/4.8.3/../../../../arm-none-eabi/lib/armv6-m\libc.a(lib_a-fflush.o)
                0x0000532c                __sflush_r
 .text._fflush_r
                0x00005480       0x2c c:/gnu tools arm embedded_4.8 2014q1/bin/../lib/gcc/arm-none-eabi/4.8.3/../../../../arm-none-eabi/lib/armv6-m\libc.a(lib_a-fflush.o)
                0x00005480                _fflush_r
 .text._cleanup_r
                0x000054ac       0x10 c:/gnu tools arm embedded_4.8 2014q1/bin/../lib/gcc/arm-none-eabi/4.8.3/../../../../arm-none-eabi/lib/armv6-m\libc.a(lib_a-findfp.o)
                0x000054ac                _cleanup_r
 .text.__sinit  0x000054bc       0xfc c:/gnu tools arm embedded_4.8 2014q1/bin/../lib/gcc/arm-none-eabi/4.8.3/../../../../arm-none-eabi/lib/armv6-m\libc.a(lib_a-findfp.o)
                0x000054bc                __sinit
 .text.__sfp_lock_acquire
                0x000055b8        0x4 c:/gnu tools arm embedded_4.8 2014q1/bin/../lib/gcc/arm-none-eabi/4.8.3/../../../../arm-none-eabi/lib/armv6-m\libc.a(lib_a-findfp.o)
                0x000055b8                __sfp_lock_acquire
 .text.__sfp_lock_release
                0x000055bc        0x4 c:/gnu tools arm embedded_4.8 2014q1/bin/../lib/gcc/arm-none-eabi/4.8.3/../../../../arm-none-eabi/lib/armv6-m\libc.a(lib_a-findfp.o)
                0x000055bc                __sfp_lock_release
 .text.__libc_fini_array
                0x000055c0       0x30 c:/gnu tools arm embedded_4.8 2014q1/bin/../lib/gcc/arm-none-eabi/4.8.3/../../../../arm-none-eabi/lib/armv6-m\libc.a(lib_a-fini.o)
                0x000055c0                __libc_fini_array
 .text._fputwc_r
                0x000055f0       0xc4 c:/gnu tools arm embedded_4.8 2014q1/bin/../lib/gcc/arm-none-eabi/4.8.3/../../../../arm-none-eabi/lib/armv6-m\libc.a(lib_a-fputwc.o)
                0x000055f0                _fputwc_r
 .text._malloc_trim_r
                0x000056b4       0xa0 c:/gnu tools arm embedded_4.8 2014q1/bin/../lib/gcc/arm-none-eabi/4.8.3/../../../../arm-none-eabi/lib/armv6-m\libc.a(lib_a-freer.o)
                0x000056b4                _malloc_trim_r
 .text._free_r  0x00005754      0x190 c:/gnu tools arm embedded_4.8 2014q1/bin/../lib/gcc/arm-none-eabi/4.8.3/../../../../arm-none-eabi/lib/armv6-m\libc.a(lib_a-freer.o)
                0x00005754                _free_r
 .text.__sfvwrite_r
                0x000058e4      0x318 c:/gnu tools arm embedded_4.8 2014q1/bin/../lib/gcc/arm-none-eabi/4.8.3/../../../../arm-none-eabi/lib/armv6-m\libc.a(lib_a-fvwrite.o)
                0x000058e4                __sfvwrite_r
 .text._fwalk   0x00005bfc       0x44 c:/gnu tools arm embedded_4.8 2014q1/bin/../lib/gcc/arm-none-eabi/4.8.3/../../../../arm-none-eabi/lib/armv6-m\libc.a(lib_a-fwalk.o)
                0x00005bfc                _fwalk
 .text.__locale_charset
                0x00005c40        0x8 c:/gnu tools arm embedded_4.8 2014q1/bin/../lib/gcc/arm-none-eabi/4.8.3/../../../../arm-none-eabi/lib/armv6-m\libc.a(lib_a-locale.o)
                0x00005c40                __locale_charset
 .text.__locale_mb_cur_max
                0x00005c48        0xc c:/gnu tools arm embedded_4.8 2014q1/bin/../lib/gcc/arm-none-eabi/4.8.3/../../../../arm-none-eabi/lib/armv6-m\libc.a(lib_a-locale.o)
                0x00005c48                __locale_mb_cur_max
 .text._localeconv_r
                0x00005c54        0x8 c:/gnu tools arm embedded_4.8 2014q1/bin/../lib/gcc/arm-none-eabi/4.8.3/../../../../arm-none-eabi/lib/armv6-m\libc.a(lib_a-locale.o)
                0x00005c54                _localeconv_r
 .text.__smakebuf_r
                0x00005c5c       0xe0 c:/gnu tools arm embedded_4.8 2014q1/bin/../lib/gcc/arm-none-eabi/4.8.3/../../../../arm-none-eabi/lib/armv6-m\libc.a(lib_a-makebuf.o)
                0x00005c5c                __smakebuf_r
 .text.memchr   0x00005d3c       0x84 c:/gnu tools arm embedded_4.8 2014q1/bin/../lib/gcc/arm-none-eabi/4.8.3/../../../../arm-none-eabi/lib/armv6-m\libc.a(lib_a-memchr-stub.o)
                0x00005d3c                memchr
 .text._Balloc  0x00005dc0       0x50 c:/gnu tools arm embedded_4.8 2014q1/bin/../lib/gcc/arm-none-eabi/4.8.3/../../../../arm-none-eabi/lib/armv6-m\libc.a(lib_a-mprec.o)
                0x00005dc0                _Balloc
 .text._Bfree   0x00005e10       0x14 c:/gnu tools arm embedded_4.8 2014q1/bin/../lib/gcc/arm-none-eabi/4.8.3/../../../../arm-none-eabi/lib/armv6-m\libc.a(lib_a-mprec.o)
                0x00005e10                _Bfree
 .text.__multadd
                0x00005e24       0xa8 c:/gnu tools arm embedded_4.8 2014q1/bin/../lib/gcc/arm-none-eabi/4.8.3/../../../../arm-none-eabi/lib/armv6-m\libc.a(lib_a-mprec.o)
                0x00005e24                __multadd
 .text.__hi0bits
                0x00005ecc       0x3c c:/gnu tools arm embedded_4.8 2014q1/bin/../lib/gcc/arm-none-eabi/4.8.3/../../../../arm-none-eabi/lib/armv6-m\libc.a(lib_a-mprec.o)
                0x00005ecc                __hi0bits
 .text.__lo0bits
                0x00005f08       0x5c c:/gnu tools arm embedded_4.8 2014q1/bin/../lib/gcc/arm-none-eabi/4.8.3/../../../../arm-none-eabi/lib/armv6-m\libc.a(lib_a-mprec.o)
                0x00005f08                __lo0bits
 .text.__i2b    0x00005f64       0x14 c:/gnu tools arm embedded_4.8 2014q1/bin/../lib/gcc/arm-none-eabi/4.8.3/../../../../arm-none-eabi/lib/armv6-m\libc.a(lib_a-mprec.o)
                0x00005f64                __i2b
 .text.__multiply
                0x00005f78      0x144 c:/gnu tools arm embedded_4.8 2014q1/bin/../lib/gcc/arm-none-eabi/4.8.3/../../../../arm-none-eabi/lib/armv6-m\libc.a(lib_a-mprec.o)
                0x00005f78                __multiply
 .text.__pow5mult
                0x000060bc       0xb8 c:/gnu tools arm embedded_4.8 2014q1/bin/../lib/gcc/arm-none-eabi/4.8.3/../../../../arm-none-eabi/lib/armv6-m\libc.a(lib_a-mprec.o)
                0x000060bc                __pow5mult
 .text.__lshift
                0x00006174       0xc0 c:/gnu tools arm embedded_4.8 2014q1/bin/../lib/gcc/arm-none-eabi/4.8.3/../../../../arm-none-eabi/lib/armv6-m\libc.a(lib_a-mprec.o)
                0x00006174                __lshift
 .text.__mcmp   0x00006234       0x38 c:/gnu tools arm embedded_4.8 2014q1/bin/../lib/gcc/arm-none-eabi/4.8.3/../../../../arm-none-eabi/lib/armv6-m\libc.a(lib_a-mprec.o)
                0x00006234                __mcmp
 .text.__mdiff  0x0000626c       0xe8 c:/gnu tools arm embedded_4.8 2014q1/bin/../lib/gcc/arm-none-eabi/4.8.3/../../../../arm-none-eabi/lib/armv6-m\libc.a(lib_a-mprec.o)
                0x0000626c                __mdiff
 .text.__d2b    0x00006354       0xbc c:/gnu tools arm embedded_4.8 2014q1/bin/../lib/gcc/arm-none-eabi/4.8.3/../../../../arm-none-eabi/lib/armv6-m\libc.a(lib_a-mprec.o)
                0x00006354                __d2b
 .text.__sread  0x00006410       0x28 c:/gnu tools arm embedded_4.8 2014q1/bin/../lib/gcc/arm-none-eabi/4.8.3/../../../../arm-none-eabi/lib/armv6-m\libc.a(lib_a-stdio.o)
                0x00006410                __sread
 .text.__swrite
                0x00006438       0x38 c:/gnu tools arm embedded_4.8 2014q1/bin/../lib/gcc/arm-none-eabi/4.8.3/../../../../arm-none-eabi/lib/armv6-m\libc.a(lib_a-stdio.o)
                0x00006438                __swrite
 .text.__sseek  0x00006470       0x2c c:/gnu tools arm embedded_4.8 2014q1/bin/../lib/gcc/arm-none-eabi/4.8.3/../../../../arm-none-eabi/lib/armv6-m\libc.a(lib_a-stdio.o)
                0x00006470                __sseek
 .text.__sclose
                0x0000649c        0xc c:/gnu tools arm embedded_4.8 2014q1/bin/../lib/gcc/arm-none-eabi/4.8.3/../../../../arm-none-eabi/lib/armv6-m\libc.a(lib_a-stdio.o)
                0x0000649c                __sclose
 .text.__swbuf_r
                0x000064a8       0xb8 c:/gnu tools arm embedded_4.8 2014q1/bin/../lib/gcc/arm-none-eabi/4.8.3/../../../../arm-none-eabi/lib/armv6-m\libc.a(lib_a-wbuf.o)
                0x000064a8                __swbuf_r
 .text._wcrtomb_r
                0x00006560       0x58 c:/gnu tools arm embedded_4.8 2014q1/bin/../lib/gcc/arm-none-eabi/4.8.3/../../../../arm-none-eabi/lib/armv6-m\libc.a(lib_a-wcrtomb.o)
                0x00006560                _wcrtomb_r
 .text.__ascii_wctomb
                0x000065b8       0x1c c:/gnu tools arm embedded_4.8 2014q1/bin/../lib/gcc/arm-none-eabi/4.8.3/../../../../arm-none-eabi/lib/armv6-m\libc.a(lib_a-wctomb_r.o)
                0x000065b8                __ascii_wctomb
 .text._write_r
                0x000065d4       0x28 c:/gnu tools arm embedded_4.8 2014q1/bin/../lib/gcc/arm-none-eabi/4.8.3/../../../../arm-none-eabi/lib/armv6-m\libc.a(lib_a-writer.o)
                0x000065d4                _write_r
 .text.__register_exitproc
                0x000065fc       0xc0 c:/gnu tools arm embedded_4.8 2014q1/bin/../lib/gcc/arm-none-eabi/4.8.3/../../../../arm-none-eabi/lib/armv6-m\libc.a(lib_a-__atexit.o)
                0x000065fc                __register_exitproc
 .text._calloc_r
                0x000066bc       0x60 c:/gnu tools arm embedded_4.8 2014q1/bin/../lib/gcc/arm-none-eabi/4.8.3/../../../../arm-none-eabi/lib/armv6-m\libc.a(lib_a-callocr.o)
                0x000066bc                _calloc_r
 .text._close_r
                0x0000671c       0x24 c:/gnu tools arm embedded_4.8 2014q1/bin/../lib/gcc/arm-none-eabi/4.8.3/../../../../arm-none-eabi/lib/armv6-m\libc.a(lib_a-closer.o)
                0x0000671c                _close_r
 .text._fclose_r
                0x00006740       0x8c c:/gnu tools arm embedded_4.8 2014q1/bin/../lib/gcc/arm-none-eabi/4.8.3/../../../../arm-none-eabi/lib/armv6-m\libc.a(lib_a-fclose.o)
                0x00006740                _fclose_r
 .text.fclose   0x000067cc       0x14 c:/gnu tools arm embedded_4.8 2014q1/bin/../lib/gcc/arm-none-eabi/4.8.3/../../../../arm-none-eabi/lib/armv6-m\libc.a(lib_a-fclose.o)
                0x000067cc                fclose
 .text._fstat_r
                0x000067e0       0x28 c:/gnu tools arm embedded_4.8 2014q1/bin/../lib/gcc/arm-none-eabi/4.8.3/../../../../arm-none-eabi/lib/armv6-m\libc.a(lib_a-fstatr.o)
                0x000067e0                _fstat_r
 .text._isatty_r
                0x00006808       0x24 c:/gnu tools arm embedded_4.8 2014q1/bin/../lib/gcc/arm-none-eabi/4.8.3/../../../../arm-none-eabi/lib/armv6-m\libc.a(lib_a-isattyr.o)
                0x00006808                _isatty_r
 .text._lseek_r
                0x0000682c       0x28 c:/gnu tools arm embedded_4.8 2014q1/bin/../lib/gcc/arm-none-eabi/4.8.3/../../../../arm-none-eabi/lib/armv6-m\libc.a(lib_a-lseekr.o)
                0x0000682c                _lseek_r
 .text._read_r  0x00006854       0x28 c:/gnu tools arm embedded_4.8 2014q1/bin/../lib/gcc/arm-none-eabi/4.8.3/../../../../arm-none-eabi/lib/armv6-m\libc.a(lib_a-readr.o)
                0x00006854                _read_r
 .text.__cxa_pure_virtual
                0x0000687c       0x14 c:/gnu tools arm embedded_4.8 2014q1/bin/../lib/gcc/arm-none-eabi/4.8.3/../../../../arm-none-eabi/lib/armv6-m\libstdc++.a(pure.o)
                0x0000687c                __cxa_pure_virtual
 .text.__cxa_end_cleanup
                0x00006890        0xc c:/gnu tools arm embedded_4.8 2014q1/bin/../lib/gcc/arm-none-eabi/4.8.3/../../../../arm-none-eabi/lib/armv6-m\libstdc++.a(eh_arm.o)
                0x00006890                __cxa_end_cleanup
 .text.__cxa_type_match
                0x0000689c       0xb8 c:/gnu tools arm embedded_4.8 2014q1/bin/../lib/gcc/arm-none-eabi/4.8.3/../../../../arm-none-eabi/lib/armv6-m\libstdc++.a(eh_arm.o)
                0x0000689c                __cxa_type_match
 .text.__cxa_begin_cleanup
                0x00006954       0x60 c:/gnu tools arm embedded_4.8 2014q1/bin/../lib/gcc/arm-none-eabi/4.8.3/../../../../arm-none-eabi/lib/armv6-m\libstdc++.a(eh_arm.o)
                0x00006954                __cxa_begin_cleanup
 .text.__gnu_end_cleanup
                0x000069b4       0x70 c:/gnu tools arm embedded_4.8 2014q1/bin/../lib/gcc/arm-none-eabi/4.8.3/../../../../arm-none-eabi/lib/armv6-m\libstdc++.a(eh_arm.o)
                0x000069b4                __gnu_end_cleanup
 .text._ZNK10__cxxabiv117__class_type_info11__do_upcastEPKS0_PPv
                0x00006a24       0x38 c:/gnu tools arm embedded_4.8 2014q1/bin/../lib/gcc/arm-none-eabi/4.8.3/../../../../arm-none-eabi/lib/armv6-m\libstdc++.a(class_type_info.o)
                0x00006a24                __cxxabiv1::__class_type_info::__do_upcast(__cxxabiv1::__class_type_info const*, void**) const
 .text._ZNK10__cxxabiv117__class_type_info20__do_find_public_srcEiPKvPKS0_S2_
                0x00006a5c       0x10 c:/gnu tools arm embedded_4.8 2014q1/bin/../lib/gcc/arm-none-eabi/4.8.3/../../../../arm-none-eabi/lib/armv6-m\libstdc++.a(class_type_info.o)
                0x00006a5c                __cxxabiv1::__class_type_info::__do_find_public_src(int, void const*, __cxxabiv1::__class_type_info const*, void const*) const
 .text._ZN10__cxxabiv117__class_type_infoD2Ev
                0x00006a6c       0x18 c:/gnu tools arm embedded_4.8 2014q1/bin/../lib/gcc/arm-none-eabi/4.8.3/../../../../arm-none-eabi/lib/armv6-m\libstdc++.a(class_type_info.o)
                0x00006a6c                __cxxabiv1::__class_type_info::~__class_type_info()
                0x00006a6c                __cxxabiv1::__class_type_info::~__class_type_info()
 .text._ZN10__cxxabiv117__class_type_infoD0Ev
                0x00006a84       0x1c c:/gnu tools arm embedded_4.8 2014q1/bin/../lib/gcc/arm-none-eabi/4.8.3/../../../../arm-none-eabi/lib/armv6-m\libstdc++.a(class_type_info.o)
                0x00006a84                __cxxabiv1::__class_type_info::~__class_type_info()
 .text._ZNK10__cxxabiv117__class_type_info11__do_upcastEPKS0_PKvRNS0_15__upcast_resultE
                0x00006aa0       0x1c c:/gnu tools arm embedded_4.8 2014q1/bin/../lib/gcc/arm-none-eabi/4.8.3/../../../../arm-none-eabi/lib/armv6-m\libstdc++.a(class_type_info.o)
                0x00006aa0                __cxxabiv1::__class_type_info::__do_upcast(__cxxabiv1::__class_type_info const*, void const*, __cxxabiv1::__class_type_info::__upcast_result&) const
 .text._ZNK10__cxxabiv117__class_type_info10__do_catchEPKSt9type_infoPPvj
                0x00006abc       0x28 c:/gnu tools arm embedded_4.8 2014q1/bin/../lib/gcc/arm-none-eabi/4.8.3/../../../../arm-none-eabi/lib/armv6-m\libstdc++.a(class_type_info.o)
                0x00006abc                __cxxabiv1::__class_type_info::__do_catch(std::type_info const*, void**, unsigned int) const
 .text._ZNK10__cxxabiv117__class_type_info12__do_dyncastEiNS0_10__sub_kindEPKS0_PKvS3_S5_RNS0_16__dyncast_resultE
                0x00006ae4       0x40 c:/gnu tools arm embedded_4.8 2014q1/bin/../lib/gcc/arm-none-eabi/4.8.3/../../../../arm-none-eabi/lib/armv6-m\libstdc++.a(class_type_info.o)
                0x00006ae4                __cxxabiv1::__class_type_info::__do_dyncast(int, __cxxabiv1::__class_type_info::__sub_kind, __cxxabiv1::__class_type_info const*, void const*, __cxxabiv1::__class_type_info const*, void const*, __cxxabiv1::__class_type_info::__dyncast_result&) const
 .text._ZN10__cxxabiv120__si_class_type_infoD2Ev
                0x00006b24       0x18 c:/gnu tools arm embedded_4.8 2014q1/bin/../lib/gcc/arm-none-eabi/4.8.3/../../../../arm-none-eabi/lib/armv6-m\libstdc++.a(si_class_type_info.o)
                0x00006b24                __cxxabiv1::__si_class_type_info::~__si_class_type_info()
                0x00006b24                __cxxabiv1::__si_class_type_info::~__si_class_type_info()
 .text._ZN10__cxxabiv120__si_class_type_infoD0Ev
                0x00006b3c       0x1c c:/gnu tools arm embedded_4.8 2014q1/bin/../lib/gcc/arm-none-eabi/4.8.3/../../../../arm-none-eabi/lib/armv6-m\libstdc++.a(si_class_type_info.o)
                0x00006b3c                __cxxabiv1::__si_class_type_info::~__si_class_type_info()
 .text._ZNK10__cxxabiv120__si_class_type_info20__do_find_public_srcEiPKvPKNS_17__class_type_infoES2_
                0x00006b58       0x38 c:/gnu tools arm embedded_4.8 2014q1/bin/../lib/gcc/arm-none-eabi/4.8.3/../../../../arm-none-eabi/lib/armv6-m\libstdc++.a(si_class_type_info.o)
                0x00006b58                __cxxabiv1::__si_class_type_info::__do_find_public_src(int, void const*, __cxxabiv1::__class_type_info const*, void const*) const
 .text._ZNK10__cxxabiv120__si_class_type_info12__do_dyncastEiNS_17__class_type_info10__sub_kindEPKS1_PKvS4_S6_RNS1_16__dyncast_resultE
                0x00006b90       0x94 c:/gnu tools arm embedded_4.8 2014q1/bin/../lib/gcc/arm-none-eabi/4.8.3/../../../../arm-none-eabi/lib/armv6-m\libstdc++.a(si_class_type_info.o)
                0x00006b90                __cxxabiv1::__si_class_type_info::__do_dyncast(int, __cxxabiv1::__class_type_info::__sub_kind, __cxxabiv1::__class_type_info const*, void const*, __cxxabiv1::__class_type_info const*, void const*, __cxxabiv1::__class_type_info::__dyncast_result&) const
 .text._ZNK10__cxxabiv120__si_class_type_info11__do_upcastEPKNS_17__class_type_infoEPKvRNS1_15__upcast_resultE
                0x00006c24       0x24 c:/gnu tools arm embedded_4.8 2014q1/bin/../lib/gcc/arm-none-eabi/4.8.3/../../../../arm-none-eabi/lib/armv6-m\libstdc++.a(si_class_type_info.o)
                0x00006c24                __cxxabiv1::__si_class_type_info::__do_upcast(__cxxabiv1::__class_type_info const*, void const*, __cxxabiv1::__class_type_info::__upcast_result&) const
 .text._ZL12read_sleb128PKhPl
                0x00006c48       0x34 c:/gnu tools arm embedded_4.8 2014q1/bin/../lib/gcc/arm-none-eabi/4.8.3/../../../../arm-none-eabi/lib/armv6-m\libstdc++.a(eh_personality.o)
 .text._ZL28read_encoded_value_with_basehjPKhPj
                0x00006c7c       0xe0 c:/gnu tools arm embedded_4.8 2014q1/bin/../lib/gcc/arm-none-eabi/4.8.3/../../../../arm-none-eabi/lib/armv6-m\libstdc++.a(eh_personality.o)
 .text._ZL21base_of_encoded_valuehP15_Unwind_Context
                0x00006d5c       0x44 c:/gnu tools arm embedded_4.8 2014q1/bin/../lib/gcc/arm-none-eabi/4.8.3/../../../../arm-none-eabi/lib/armv6-m\libstdc++.a(eh_personality.o)
 .text._ZL17parse_lsda_headerP15_Unwind_ContextPKhP16lsda_header_info
                0x00006da0       0x9c c:/gnu tools arm embedded_4.8 2014q1/bin/../lib/gcc/arm-none-eabi/4.8.3/../../../../arm-none-eabi/lib/armv6-m\libstdc++.a(eh_personality.o)
 .text.__gxx_personality_v0
                0x00006e3c      0x3f8 c:/gnu tools arm embedded_4.8 2014q1/bin/../lib/gcc/arm-none-eabi/4.8.3/../../../../arm-none-eabi/lib/armv6-m\libstdc++.a(eh_personality.o)
                0x00006e3c                __gxx_personality_v0
 .text._ZN10__cxxabiv111__terminateEPFvvE
                0x00007234       0x28 c:/gnu tools arm embedded_4.8 2014q1/bin/../lib/gcc/arm-none-eabi/4.8.3/../../../../arm-none-eabi/lib/armv6-m\libstdc++.a(eh_terminate.o)
                0x00007234                __cxxabiv1::__terminate(void (*)())
 .text._ZSt9terminatev
                0x0000725c       0x10 c:/gnu tools arm embedded_4.8 2014q1/bin/../lib/gcc/arm-none-eabi/4.8.3/../../../../arm-none-eabi/lib/armv6-m\libstdc++.a(eh_terminate.o)
                0x0000725c                std::terminate()
 .text._ZN10__cxxabiv112__unexpectedEPFvvE
                0x0000726c        0x8 c:/gnu tools arm embedded_4.8 2014q1/bin/../lib/gcc/arm-none-eabi/4.8.3/../../../../arm-none-eabi/lib/armv6-m\libstdc++.a(eh_terminate.o)
                0x0000726c                __cxxabiv1::__unexpected(void (*)())
 .text._ZSt10unexpectedv
                0x00007274       0x10 c:/gnu tools arm embedded_4.8 2014q1/bin/../lib/gcc/arm-none-eabi/4.8.3/../../../../arm-none-eabi/lib/armv6-m\libstdc++.a(eh_terminate.o)
                0x00007274                std::unexpected()
 .text.__cxa_get_globals_fast
                0x00007284        0x8 c:/gnu tools arm embedded_4.8 2014q1/bin/../lib/gcc/arm-none-eabi/4.8.3/../../../../arm-none-eabi/lib/armv6-m\libstdc++.a(eh_globals.o)
                0x00007284                __cxa_get_globals_fast
 .text.__cxa_get_globals
                0x0000728c        0x8 c:/gnu tools arm embedded_4.8 2014q1/bin/../lib/gcc/arm-none-eabi/4.8.3/../../../../arm-none-eabi/lib/armv6-m\libstdc++.a(eh_globals.o)
                0x0000728c                __cxa_get_globals
 .text.__cxa_begin_catch
                0x00007294       0x84 c:/gnu tools arm embedded_4.8 2014q1/bin/../lib/gcc/arm-none-eabi/4.8.3/../../../../arm-none-eabi/lib/armv6-m\libstdc++.a(eh_catch.o)
                0x00007294                __cxa_begin_catch
 .text.__cxa_end_catch
                0x00007318       0x90 c:/gnu tools arm embedded_4.8 2014q1/bin/../lib/gcc/arm-none-eabi/4.8.3/../../../../arm-none-eabi/lib/armv6-m\libstdc++.a(eh_catch.o)
                0x00007318                __cxa_end_catch
 .text._ZNSt9type_infoD2Ev
                0x000073a8        0xc c:/gnu tools arm embedded_4.8 2014q1/bin/../lib/gcc/arm-none-eabi/4.8.3/../../../../arm-none-eabi/lib/armv6-m\libstdc++.a(tinfo.o)
                0x000073a8                std::type_info::~type_info()
                0x000073a8                std::type_info::~type_info()
 .text._ZNKSt9type_info14__is_pointer_pEv
                0x000073b4        0x4 c:/gnu tools arm embedded_4.8 2014q1/bin/../lib/gcc/arm-none-eabi/4.8.3/../../../../arm-none-eabi/lib/armv6-m\libstdc++.a(tinfo.o)
                0x000073b4                std::type_info::__is_pointer_p() const
 .text._ZNKSt9type_info15__is_function_pEv
                0x000073b8        0x4 c:/gnu tools arm embedded_4.8 2014q1/bin/../lib/gcc/arm-none-eabi/4.8.3/../../../../arm-none-eabi/lib/armv6-m\libstdc++.a(tinfo.o)
                0x000073b8                std::type_info::__is_function_p() const
 .text._ZNKSt9type_info11__do_upcastEPKN10__cxxabiv117__class_type_infoEPPv
                0x000073bc        0x4 c:/gnu tools arm embedded_4.8 2014q1/bin/../lib/gcc/arm-none-eabi/4.8.3/../../../../arm-none-eabi/lib/armv6-m\libstdc++.a(tinfo.o)
                0x000073bc                std::type_info::__do_upcast(__cxxabiv1::__class_type_info const*, void**) const
 .text._ZNSt9type_infoD0Ev
                0x000073c0       0x18 c:/gnu tools arm embedded_4.8 2014q1/bin/../lib/gcc/arm-none-eabi/4.8.3/../../../../arm-none-eabi/lib/armv6-m\libstdc++.a(tinfo.o)
                0x000073c0                std::type_info::~type_info()
 .text._ZNKSt9type_infoeqERKS_
                0x000073d8       0x30 c:/gnu tools arm embedded_4.8 2014q1/bin/../lib/gcc/arm-none-eabi/4.8.3/../../../../arm-none-eabi/lib/armv6-m\libstdc++.a(tinfo.o)
                0x000073d8                std::type_info::operator==(std::type_info const&) const
 .text._ZNKSt9type_info10__do_catchEPKS_PPvj
                0x00007408        0x8 c:/gnu tools arm embedded_4.8 2014q1/bin/../lib/gcc/arm-none-eabi/4.8.3/../../../../arm-none-eabi/lib/armv6-m\libstdc++.a(tinfo.o)
                0x00007408                std::type_info::__do_catch(std::type_info const*, void**, unsigned int) const
 .text._ZNSt9exceptionD2Ev
                0x00007410        0xc c:/gnu tools arm embedded_4.8 2014q1/bin/../lib/gcc/arm-none-eabi/4.8.3/../../../../arm-none-eabi/lib/armv6-m\libstdc++.a(eh_exception.o)
                0x00007410                std::exception::~exception()
                0x00007410                std::exception::~exception()
 .text._ZNSt13bad_exceptionD2Ev
                0x0000741c        0xc c:/gnu tools arm embedded_4.8 2014q1/bin/../lib/gcc/arm-none-eabi/4.8.3/../../../../arm-none-eabi/lib/armv6-m\libstdc++.a(eh_exception.o)
                0x0000741c                std::bad_exception::~bad_exception()
                0x0000741c                std::bad_exception::~bad_exception()
 .text._ZNKSt9exception4whatEv
                0x00007428        0x8 c:/gnu tools arm embedded_4.8 2014q1/bin/../lib/gcc/arm-none-eabi/4.8.3/../../../../arm-none-eabi/lib/armv6-m\libstdc++.a(eh_exception.o)
                0x00007428                std::exception::what() const
 .text._ZNKSt13bad_exception4whatEv
                0x00007430        0x8 c:/gnu tools arm embedded_4.8 2014q1/bin/../lib/gcc/arm-none-eabi/4.8.3/../../../../arm-none-eabi/lib/armv6-m\libstdc++.a(eh_exception.o)
                0x00007430                std::bad_exception::what() const
 .text._ZNSt9exceptionD0Ev
                0x00007438       0x18 c:/gnu tools arm embedded_4.8 2014q1/bin/../lib/gcc/arm-none-eabi/4.8.3/../../../../arm-none-eabi/lib/armv6-m\libstdc++.a(eh_exception.o)
                0x00007438                std::exception::~exception()
 .text._ZNSt13bad_exceptionD0Ev
                0x00007450       0x18 c:/gnu tools arm embedded_4.8 2014q1/bin/../lib/gcc/arm-none-eabi/4.8.3/../../../../arm-none-eabi/lib/armv6-m\libstdc++.a(eh_exception.o)
                0x00007450                std::bad_exception::~bad_exception()
 .text._ZdlPv   0x00007468        0xc c:/gnu tools arm embedded_4.8 2014q1/bin/../lib/gcc/arm-none-eabi/4.8.3/../../../../arm-none-eabi/lib/armv6-m\libstdc++.a(del_op.o)
                0x00007468                operator delete(void*)
 .text._ZN10__cxxabiv1L24__is_gxx_exception_classEPc
                0x00007474       0x3c c:/gnu tools arm embedded_4.8 2014q1/bin/../lib/gcc/arm-none-eabi/4.8.3/../../../../arm-none-eabi/lib/armv6-m\libstdc++.a(eh_call.o)
 .text.__cxa_call_terminate
                0x000074b0       0x20 c:/gnu tools arm embedded_4.8 2014q1/bin/../lib/gcc/arm-none-eabi/4.8.3/../../../../arm-none-eabi/lib/armv6-m\libstdc++.a(eh_call.o)
                0x000074b0                __cxa_call_terminate
 .text.__cxa_call_unexpected
                0x000074d0       0xf4 c:/gnu tools arm embedded_4.8 2014q1/bin/../lib/gcc/arm-none-eabi/4.8.3/../../../../arm-none-eabi/lib/armv6-m\libstdc++.a(eh_call.o)
                0x000074d0                __cxa_call_unexpected
 .text._ZN9__gnu_cxx27__verbose_terminate_handlerEv
                0x000075c4      0x114 c:/gnu tools arm embedded_4.8 2014q1/bin/../lib/gcc/arm-none-eabi/4.8.3/../../../../arm-none-eabi/lib/armv6-m\libstdc++.a(vterminate.o)
                0x000075c4                __gnu_cxx::__verbose_terminate_handler()
 .text._ZL23__gxx_exception_cleanup19_Unwind_Reason_CodeP21_Unwind_Control_Block
                0x000076d8       0x28 c:/gnu tools arm embedded_4.8 2014q1/bin/../lib/gcc/arm-none-eabi/4.8.3/../../../../arm-none-eabi/lib/armv6-m\libstdc++.a(eh_throw.o)
 .text.__cxa_throw
                0x00007700       0x74 c:/gnu tools arm embedded_4.8 2014q1/bin/../lib/gcc/arm-none-eabi/4.8.3/../../../../arm-none-eabi/lib/armv6-m\libstdc++.a(eh_throw.o)
                0x00007700                __cxa_throw
 .text.__cxa_rethrow
                0x00007774       0x74 c:/gnu tools arm embedded_4.8 2014q1/bin/../lib/gcc/arm-none-eabi/4.8.3/../../../../arm-none-eabi/lib/armv6-m\libstdc++.a(eh_throw.o)
                0x00007774                __cxa_rethrow
 .text.__cxa_current_exception_type
                0x000077e8       0x24 c:/gnu tools arm embedded_4.8 2014q1/bin/../lib/gcc/arm-none-eabi/4.8.3/../../../../arm-none-eabi/lib/armv6-m\libstdc++.a(eh_type.o)
                0x000077e8                __cxa_current_exception_type
 .text.__cxa_allocate_exception
                0x0000780c       0x58 c:/gnu tools arm embedded_4.8 2014q1/bin/../lib/gcc/arm-none-eabi/4.8.3/../../../../arm-none-eabi/lib/armv6-m\libstdc++.a(eh_alloc.o)
                0x0000780c                __cxa_allocate_exception
 .text.__cxa_free_exception
                0x00007864       0x34 c:/gnu tools arm embedded_4.8 2014q1/bin/../lib/gcc/arm-none-eabi/4.8.3/../../../../arm-none-eabi/lib/armv6-m\libstdc++.a(eh_alloc.o)
                0x00007864                __cxa_free_exception
 .text          0x00007898     0x5d44 c:/gnu tools arm embedded_4.8 2014q1/bin/../lib/gcc/arm-none-eabi/4.8.3/../../../../arm-none-eabi/lib/armv6-m\libstdc++.a(cp-demangle.o)
                0x0000d4f4                __cxa_demangle
                0x0000d5b8                __gcclibcxx_demangle_callback
 .text          0x0000d5dc       0x40 c:/gnu tools arm embedded_4.8 2014q1/bin/../lib/gcc/arm-none-eabi/4.8.3/armv6-m\libgcc.a(_aeabi_uldivmod.o)
                0x0000d5dc                __aeabi_uldivmod
 .text          0x0000d61c       0x44 c:/gnu tools arm embedded_4.8 2014q1/bin/../lib/gcc/arm-none-eabi/4.8.3/armv6-m\libgcc.a(_muldi3.o)
                0x0000d61c                __muldi3
                0x0000d61c                __aeabi_lmul
 .text          0x0000d660       0x6c c:/gnu tools arm embedded_4.8 2014q1/bin/../lib/gcc/arm-none-eabi/4.8.3/armv6-m\libgcc.a(bpabi.o)
                0x0000d660                __gnu_ldivmod_helper
                0x0000d698                __gnu_uldivmod_helper
 .text          0x0000d6cc      0x3b8 c:/gnu tools arm embedded_4.8 2014q1/bin/../lib/gcc/arm-none-eabi/4.8.3/armv6-m\libgcc.a(_divdi3.o)
                0x0000d6cc                __divdi3
 .text          0x0000da84      0x384 c:/gnu tools arm embedded_4.8 2014q1/bin/../lib/gcc/arm-none-eabi/4.8.3/armv6-m\libgcc.a(_udivdi3.o)
                0x0000da84                __udivdi3
 .text.fputc    0x0000de08       0x2c c:/gnu tools arm embedded_4.8 2014q1/bin/../lib/gcc/arm-none-eabi/4.8.3/../../../../arm-none-eabi/lib/armv6-m\libc.a(lib_a-fputc.o)
                0x0000de08                fputc
 .text._fputs_r
                0x0000de34       0x58 c:/gnu tools arm embedded_4.8 2014q1/bin/../lib/gcc/arm-none-eabi/4.8.3/../../../../arm-none-eabi/lib/armv6-m\libc.a(lib_a-fputs.o)
                0x0000de34                _fputs_r
 .text.fputs    0x0000de8c       0x18 c:/gnu tools arm embedded_4.8 2014q1/bin/../lib/gcc/arm-none-eabi/4.8.3/../../../../arm-none-eabi/lib/armv6-m\libc.a(lib_a-fputs.o)
                0x0000de8c                fputs
 .text._fwrite_r
                0x0000dea4       0x70 c:/gnu tools arm embedded_4.8 2014q1/bin/../lib/gcc/arm-none-eabi/4.8.3/../../../../arm-none-eabi/lib/armv6-m\libc.a(lib_a-fwrite.o)
                0x0000dea4                _fwrite_r
 .text.fwrite   0x0000df14       0x24 c:/gnu tools arm embedded_4.8 2014q1/bin/../lib/gcc/arm-none-eabi/4.8.3/../../../../arm-none-eabi/lib/armv6-m\libc.a(lib_a-fwrite.o)
                0x0000df14                fwrite
 .text._putc_r  0x0000df38       0x5c c:/gnu tools arm embedded_4.8 2014q1/bin/../lib/gcc/arm-none-eabi/4.8.3/../../../../arm-none-eabi/lib/armv6-m\libc.a(lib_a-putc.o)
                0x0000df38                _putc_r
 .text.sprintf  0x0000df94       0x44 c:/gnu tools arm embedded_4.8 2014q1/bin/../lib/gcc/arm-none-eabi/4.8.3/../../../../arm-none-eabi/lib/armv6-m\libc.a(lib_a-sprintf.o)
                0x0000df94                sprintf
 .text._svfprintf_r
                0x0000dfd8     0x15c8 c:/gnu tools arm embedded_4.8 2014q1/bin/../lib/gcc/arm-none-eabi/4.8.3/../../../../arm-none-eabi/lib/armv6-m\libc.a(lib_a-svfprintf.o)
                0x0000dfd8                _svfprintf_r
 .text.write    0x0000f5a0       0x1c c:/gnu tools arm embedded_4.8 2014q1/bin/../lib/gcc/arm-none-eabi/4.8.3/../../../../arm-none-eabi/lib/armv6-m\libc.a(lib_a-syswrite.o)
                0x0000f5a0                write
 .text.quorem   0x0000f5bc      0x150 c:/gnu tools arm embedded_4.8 2014q1/bin/../lib/gcc/arm-none-eabi/4.8.3/../../../../arm-none-eabi/lib/armv6-m\libc.a(lib_a-dtoa.o)
 *fill*         0x0000f70c        0x4 
 .text._dtoa_r  0x0000f710      0xf38 c:/gnu tools arm embedded_4.8 2014q1/bin/../lib/gcc/arm-none-eabi/4.8.3/../../../../arm-none-eabi/lib/armv6-m\libc.a(lib_a-dtoa.o)
                0x0000f710                _dtoa_r
 .text.__ssprint_r
                0x00010648      0x12c c:/gnu tools arm embedded_4.8 2014q1/bin/../lib/gcc/arm-none-eabi/4.8.3/../../../../arm-none-eabi/lib/armv6-m\libc.a(lib_a-svfiprintf.o)
                0x00010648                __ssprint_r
 *(.init)
 .init          0x00010774        0x4 c:/gnu tools arm embedded_4.8 2014q1/bin/../lib/gcc/arm-none-eabi/4.8.3/armv6-m/crti.o
                0x00010774                _init
 .init          0x00010778        0x8 c:/gnu tools arm embedded_4.8 2014q1/bin/../lib/gcc/arm-none-eabi/4.8.3/armv6-m/crtn.o
 *(.fini)
 .fini          0x00010780        0x4 c:/gnu tools arm embedded_4.8 2014q1/bin/../lib/gcc/arm-none-eabi/4.8.3/armv6-m/crti.o
                0x00010780                _fini
 .fini          0x00010784        0x8 c:/gnu tools arm embedded_4.8 2014q1/bin/../lib/gcc/arm-none-eabi/4.8.3/armv6-m/crtn.o
 *crtbegin.o(.ctors)
 *crtbegin?.o(.ctors)
 *(EXCLUDE_FILE(*crtend.o *crtend?.o) .ctors)
 *(SORT(.ctors.*))
 *(.ctors)
 *crtbegin.o(.dtors)
 *crtbegin?.o(.dtors)
 *(EXCLUDE_FILE(*crtend.o *crtend?.o) .dtors)
 *(SORT(.dtors.*))
 *(.dtors)
 *(.rodata*)
 .rodata        0x0001078c       0x1c debug_arduino_zero/syscalls.o
 .rodata._ZTV9IPAddress
                0x000107a8       0x10 debug_arduino_zero/IPAddress.o
                0x000107a8                vtable for IPAddress
 .rodata._ZTV9Printable
                0x000107b8       0x10 debug_arduino_zero/IPAddress.o
                0x000107b8                vtable for Printable
 .rodata._ZTI9IPAddress
                0x000107c8        0xc debug_arduino_zero/IPAddress.o
                0x000107c8                typeinfo for IPAddress
 .rodata._ZTS9IPAddress
                0x000107d4        0xc debug_arduino_zero/IPAddress.o
                0x000107d4                typeinfo name for IPAddress
 .rodata._ZTS9Printable
                0x000107e0        0xc debug_arduino_zero/IPAddress.o
                0x000107e0                typeinfo name for Printable
 .rodata._ZTI9Printable
                0x000107ec        0x8 debug_arduino_zero/IPAddress.o
                0x000107ec                typeinfo for Printable
 .rodata.g_APinDescription
                0x000107f4      0x2bc debug_arduino_zero/variant.o
                0x000107f4                g_APinDescription
 .rodata        0x00010ab0       0x40 c:/gnu tools arm embedded_4.8 2014q1/bin/../lib/gcc/arm-none-eabi/4.8.3/armv6-m\libgcc.a(divdf3.o)
 .rodata        0x00010af0       0x40 c:/gnu tools arm embedded_4.8 2014q1/bin/../lib/gcc/arm-none-eabi/4.8.3/armv6-m\libgcc.a(muldf3.o)
 .rodata.str1.4
                0x00010b30        0x2 c:/gnu tools arm embedded_4.8 2014q1/bin/../lib/gcc/arm-none-eabi/4.8.3/../../../../arm-none-eabi/lib/armv6-m\libc.a(lib_a-impure.o)
                                  0x4 (size before relaxing)
 *fill*         0x00010b32        0x2 
 .rodata._global_impure_ptr
                0x00010b34        0x4 c:/gnu tools arm embedded_4.8 2014q1/bin/../lib/gcc/arm-none-eabi/4.8.3/../../../../arm-none-eabi/lib/armv6-m\libc.a(lib_a-impure.o)
                0x00010b34                _global_impure_ptr
 .rodata._vfiprintf_r
                0x00010b38      0x164 c:/gnu tools arm embedded_4.8 2014q1/bin/../lib/gcc/arm-none-eabi/4.8.3/../../../../arm-none-eabi/lib/armv6-m\libc.a(lib_a-vfiprintf.o)
 .rodata.blanks.6717
                0x00010c9c       0x10 c:/gnu tools arm embedded_4.8 2014q1/bin/../lib/gcc/arm-none-eabi/4.8.3/../../../../arm-none-eabi/lib/armv6-m\libc.a(lib_a-vfiprintf.o)
 .rodata.str1.4
                0x00010cac       0x2f c:/gnu tools arm embedded_4.8 2014q1/bin/../lib/gcc/arm-none-eabi/4.8.3/../../../../arm-none-eabi/lib/armv6-m\libc.a(lib_a-vfiprintf.o)
                                 0x30 (size before relaxing)
 *fill*         0x00010cdb        0x1 
 .rodata.zeroes.6718
                0x00010cdc       0x10 c:/gnu tools arm embedded_4.8 2014q1/bin/../lib/gcc/arm-none-eabi/4.8.3/../../../../arm-none-eabi/lib/armv6-m\libc.a(lib_a-vfiprintf.o)
 .rodata.str1.4
                0x00010cec        0xa c:/gnu tools arm embedded_4.8 2014q1/bin/../lib/gcc/arm-none-eabi/4.8.3/../../../../arm-none-eabi/lib/armv6-m\libc.a(lib_a-locale.o)
                                 0x14 (size before relaxing)
 *fill*         0x00010cf6        0x2 
 .rodata.__mprec_tens
                0x00010cf8       0xc8 c:/gnu tools arm embedded_4.8 2014q1/bin/../lib/gcc/arm-none-eabi/4.8.3/../../../../arm-none-eabi/lib/armv6-m\libc.a(lib_a-mprec.o)
                0x00010cf8                __mprec_tens
 .rodata.__mprec_bigtens
                0x00010dc0       0x28 c:/gnu tools arm embedded_4.8 2014q1/bin/../lib/gcc/arm-none-eabi/4.8.3/../../../../arm-none-eabi/lib/armv6-m\libc.a(lib_a-mprec.o)
                0x00010dc0                __mprec_bigtens
 .rodata.p05.5266
                0x00010de8        0xc c:/gnu tools arm embedded_4.8 2014q1/bin/../lib/gcc/arm-none-eabi/4.8.3/../../../../arm-none-eabi/lib/armv6-m\libc.a(lib_a-mprec.o)
 .rodata.str1.4
                0x00010df4       0x3b c:/gnu tools arm embedded_4.8 2014q1/bin/../lib/gcc/arm-none-eabi/4.8.3/../../../../arm-none-eabi/lib/armv6-m\libstdc++.a(pure.o)
                                 0x3c (size before relaxing)
 *fill*         0x00010e2f        0x1 
 .rodata._ZTVN10__cxxabiv117__class_type_infoE
                0x00010e30       0x30 c:/gnu tools arm embedded_4.8 2014q1/bin/../lib/gcc/arm-none-eabi/4.8.3/../../../../arm-none-eabi/lib/armv6-m\libstdc++.a(class_type_info.o)
                0x00010e30                vtable for __cxxabiv1::__class_type_info
 .rodata._ZTIN10__cxxabiv117__class_type_infoE
                0x00010e60        0xc c:/gnu tools arm embedded_4.8 2014q1/bin/../lib/gcc/arm-none-eabi/4.8.3/../../../../arm-none-eabi/lib/armv6-m\libstdc++.a(class_type_info.o)
                0x00010e60                typeinfo for __cxxabiv1::__class_type_info
 .rodata._ZTSN10__cxxabiv117__class_type_infoE
                0x00010e6c       0x24 c:/gnu tools arm embedded_4.8 2014q1/bin/../lib/gcc/arm-none-eabi/4.8.3/../../../../arm-none-eabi/lib/armv6-m\libstdc++.a(class_type_info.o)
                0x00010e6c                typeinfo name for __cxxabiv1::__class_type_info
 .rodata._ZTVN10__cxxabiv120__si_class_type_infoE
                0x00010e90       0x30 c:/gnu tools arm embedded_4.8 2014q1/bin/../lib/gcc/arm-none-eabi/4.8.3/../../../../arm-none-eabi/lib/armv6-m\libstdc++.a(si_class_type_info.o)
                0x00010e90                vtable for __cxxabiv1::__si_class_type_info
 .rodata._ZTIN10__cxxabiv120__si_class_type_infoE
                0x00010ec0        0xc c:/gnu tools arm embedded_4.8 2014q1/bin/../lib/gcc/arm-none-eabi/4.8.3/../../../../arm-none-eabi/lib/armv6-m\libstdc++.a(si_class_type_info.o)
                0x00010ec0                typeinfo for __cxxabiv1::__si_class_type_info
 .rodata._ZTSN10__cxxabiv120__si_class_type_infoE
                0x00010ecc       0x28 c:/gnu tools arm embedded_4.8 2014q1/bin/../lib/gcc/arm-none-eabi/4.8.3/../../../../arm-none-eabi/lib/armv6-m\libstdc++.a(si_class_type_info.o)
                0x00010ecc                typeinfo name for __cxxabiv1::__si_class_type_info
 .rodata._ZL28read_encoded_value_with_basehjPKhPj
                0x00010ef4       0x34 c:/gnu tools arm embedded_4.8 2014q1/bin/../lib/gcc/arm-none-eabi/4.8.3/../../../../arm-none-eabi/lib/armv6-m\libstdc++.a(eh_personality.o)
 .rodata._ZTISt9type_info
                0x00010f28        0x8 c:/gnu tools arm embedded_4.8 2014q1/bin/../lib/gcc/arm-none-eabi/4.8.3/../../../../arm-none-eabi/lib/armv6-m\libstdc++.a(tinfo.o)
                0x00010f28                typeinfo for std::type_info
 .rodata._ZTSSt9type_info
                0x00010f30       0x10 c:/gnu tools arm embedded_4.8 2014q1/bin/../lib/gcc/arm-none-eabi/4.8.3/../../../../arm-none-eabi/lib/armv6-m\libstdc++.a(tinfo.o)
                0x00010f30                typeinfo name for std::type_info
 .rodata._ZTVSt9type_info
                0x00010f40       0x20 c:/gnu tools arm embedded_4.8 2014q1/bin/../lib/gcc/arm-none-eabi/4.8.3/../../../../arm-none-eabi/lib/armv6-m\libstdc++.a(tinfo.o)
                0x00010f40                vtable for std::type_info
 .rodata._ZTVSt9exception
                0x00010f60       0x18 c:/gnu tools arm embedded_4.8 2014q1/bin/../lib/gcc/arm-none-eabi/4.8.3/../../../../arm-none-eabi/lib/armv6-m\libstdc++.a(eh_exception.o)
                0x00010f60                vtable for std::exception
 .rodata._ZTIN10__cxxabiv115__forced_unwindE
                0x00010f78        0x8 c:/gnu tools arm embedded_4.8 2014q1/bin/../lib/gcc/arm-none-eabi/4.8.3/../../../../arm-none-eabi/lib/armv6-m\libstdc++.a(eh_exception.o)
                0x00010f78                typeinfo for __cxxabiv1::__forced_unwind
 .rodata._ZTISt9exception
                0x00010f80        0x8 c:/gnu tools arm embedded_4.8 2014q1/bin/../lib/gcc/arm-none-eabi/4.8.3/../../../../arm-none-eabi/lib/armv6-m\libstdc++.a(eh_exception.o)
                0x00010f80                typeinfo for std::exception
 .rodata._ZTSSt13bad_exception
                0x00010f88       0x14 c:/gnu tools arm embedded_4.8 2014q1/bin/../lib/gcc/arm-none-eabi/4.8.3/../../../../arm-none-eabi/lib/armv6-m\libstdc++.a(eh_exception.o)
                0x00010f88                typeinfo name for std::bad_exception
 .rodata.str1.4
                0x00010f9c       0x23 c:/gnu tools arm embedded_4.8 2014q1/bin/../lib/gcc/arm-none-eabi/4.8.3/../../../../arm-none-eabi/lib/armv6-m\libstdc++.a(eh_exception.o)
                                 0x24 (size before relaxing)
 *fill*         0x00010fbf        0x1 
 .rodata._ZTSN10__cxxabiv119__foreign_exceptionE
                0x00010fc0       0x24 c:/gnu tools arm embedded_4.8 2014q1/bin/../lib/gcc/arm-none-eabi/4.8.3/../../../../arm-none-eabi/lib/armv6-m\libstdc++.a(eh_exception.o)
                0x00010fc0                typeinfo name for __cxxabiv1::__foreign_exception
 .rodata._ZTIN10__cxxabiv119__foreign_exceptionE
                0x00010fe4        0x8 c:/gnu tools arm embedded_4.8 2014q1/bin/../lib/gcc/arm-none-eabi/4.8.3/../../../../arm-none-eabi/lib/armv6-m\libstdc++.a(eh_exception.o)
                0x00010fe4                typeinfo for __cxxabiv1::__foreign_exception
 *fill*         0x00010fec        0x4 
 .rodata._ZTVSt13bad_exception
                0x00010ff0       0x18 c:/gnu tools arm embedded_4.8 2014q1/bin/../lib/gcc/arm-none-eabi/4.8.3/../../../../arm-none-eabi/lib/armv6-m\libstdc++.a(eh_exception.o)
                0x00010ff0                vtable for std::bad_exception
 .rodata._ZTSSt9exception
                0x00011008       0x10 c:/gnu tools arm embedded_4.8 2014q1/bin/../lib/gcc/arm-none-eabi/4.8.3/../../../../arm-none-eabi/lib/armv6-m\libstdc++.a(eh_exception.o)
                0x00011008                typeinfo name for std::exception
 .rodata._ZTSN10__cxxabiv115__forced_unwindE
                0x00011018       0x20 c:/gnu tools arm embedded_4.8 2014q1/bin/../lib/gcc/arm-none-eabi/4.8.3/../../../../arm-none-eabi/lib/armv6-m\libstdc++.a(eh_exception.o)
                0x00011018                typeinfo name for __cxxabiv1::__forced_unwind
 .rodata._ZTISt13bad_exception
                0x00011038        0xc c:/gnu tools arm embedded_4.8 2014q1/bin/../lib/gcc/arm-none-eabi/4.8.3/../../../../arm-none-eabi/lib/armv6-m\libstdc++.a(eh_exception.o)
                0x00011038                typeinfo for std::bad_exception
 .rodata.str1.4
                0x00011044       0x94 c:/gnu tools arm embedded_4.8 2014q1/bin/../lib/gcc/arm-none-eabi/4.8.3/../../../../arm-none-eabi/lib/armv6-m\libstdc++.a(vterminate.o)
 .rodata        0x000110d8     0x1020 c:/gnu tools arm embedded_4.8 2014q1/bin/../lib/gcc/arm-none-eabi/4.8.3/../../../../arm-none-eabi/lib/armv6-m\libstdc++.a(cp-demangle.o)
 .rodata.str1.4
                0x000120f8      0x7ee c:/gnu tools arm embedded_4.8 2014q1/bin/../lib/gcc/arm-none-eabi/4.8.3/../../../../arm-none-eabi/lib/armv6-m\libstdc++.a(cp-demangle.o)
                                0x840 (size before relaxing)
 *fill*         0x000128e6        0x2 
 .rodata._svfprintf_r
                0x000128e8      0x164 c:/gnu tools arm embedded_4.8 2014q1/bin/../lib/gcc/arm-none-eabi/4.8.3/../../../../arm-none-eabi/lib/armv6-m\libc.a(lib_a-svfprintf.o)
 .rodata.zeroes.6760
                0x00012a4c       0x10 c:/gnu tools arm embedded_4.8 2014q1/bin/../lib/gcc/arm-none-eabi/4.8.3/../../../../arm-none-eabi/lib/armv6-m\libc.a(lib_a-svfprintf.o)
 .rodata.str1.4
                0x00012a5c       0x12 c:/gnu tools arm embedded_4.8 2014q1/bin/../lib/gcc/arm-none-eabi/4.8.3/../../../../arm-none-eabi/lib/armv6-m\libc.a(lib_a-svfprintf.o)
                                 0x44 (size before relaxing)
 *fill*         0x00012a6e        0x2 
 .rodata.blanks.6759
                0x00012a70       0x10 c:/gnu tools arm embedded_4.8 2014q1/bin/../lib/gcc/arm-none-eabi/4.8.3/../../../../arm-none-eabi/lib/armv6-m\libc.a(lib_a-svfprintf.o)
 .rodata.str1.4
                0x00012a80       0x10 c:/gnu tools arm embedded_4.8 2014q1/bin/../lib/gcc/arm-none-eabi/4.8.3/../../../../arm-none-eabi/lib/armv6-m\libc.a(lib_a-dtoa.o)
                                 0x14 (size before relaxing)
 *(.eh_frame*)
 .eh_frame      0x00012a90        0x0 c:/gnu tools arm embedded_4.8 2014q1/bin/../lib/gcc/arm-none-eabi/4.8.3/armv6-m/crtbegin.o
 .eh_frame      0x00012a90        0x4 c:/gnu tools arm embedded_4.8 2014q1/bin/../lib/gcc/arm-none-eabi/4.8.3/armv6-m/crtend.o

.glue_7         0x00012a94        0x0
 .glue_7        0x00000000        0x0 linker stubs

.glue_7t        0x00012a94        0x0
 .glue_7t       0x00000000        0x0 linker stubs

.vfp11_veneer   0x00012a94        0x0
 .vfp11_veneer  0x00000000        0x0 linker stubs

.v4_bx          0x00012a94        0x0
 .v4_bx         0x00000000        0x0 linker stubs

.iplt           0x00012a94        0x0
 .iplt          0x00000000        0x0 c:/gnu tools arm embedded_4.8 2014q1/bin/../lib/gcc/arm-none-eabi/4.8.3/armv6-m/crtbegin.o

.ARM.extab      0x00012a94      0x204
 *(.ARM.extab* .gnu.linkonce.armextab.*)
 .ARM.extab.text._ZN9PrintableC2Ev
                0x00012a94        0x0 debug_arduino_zero/IPAddress.o
 .ARM.extab.text._ZNK9IPAddress7printToER5Print
                0x00012a94        0xc debug_arduino_zero/IPAddress.o
 .ARM.extab.text._ZN5Print5writeEPKc
                0x00012aa0        0xc debug_arduino_zero/Print.o
 .ARM.extab.text._ZN5Print5printEc
                0x00012aac        0xc debug_arduino_zero/Print.o
 .ARM.extab.text._ZN5Print5printEhi
                0x00012ab8        0xc debug_arduino_zero/Print.o
 .ARM.extab.text._ZN5Print5printEmi
                0x00012ac4        0xc debug_arduino_zero/Print.o
 .ARM.extab.text._ZN5Print11printNumberEmh
                0x00012ad0        0xc debug_arduino_zero/Print.o
 .ARM.extab     0x00012adc       0x6c c:/gnu tools arm embedded_4.8 2014q1/bin/../lib/gcc/arm-none-eabi/4.8.3/armv6-m\libgcc.a(unwind-arm.o)
 .ARM.extab     0x00012b48       0x30 c:/gnu tools arm embedded_4.8 2014q1/bin/../lib/gcc/arm-none-eabi/4.8.3/armv6-m\libgcc.a(pr-support.o)
 .ARM.extab.text.__cxa_pure_virtual
                0x00012b78        0xc c:/gnu tools arm embedded_4.8 2014q1/bin/../lib/gcc/arm-none-eabi/4.8.3/../../../../arm-none-eabi/lib/armv6-m\libstdc++.a(pure.o)
 .ARM.extab.text._ZNK10__cxxabiv120__si_class_type_info12__do_dyncastEiNS_17__class_type_info10__sub_kindEPKS1_PKvS4_S6_RNS1_16__dyncast_resultE
                0x00012b84        0xc c:/gnu tools arm embedded_4.8 2014q1/bin/../lib/gcc/arm-none-eabi/4.8.3/../../../../arm-none-eabi/lib/armv6-m\libstdc++.a(si_class_type_info.o)
 .ARM.extab.text._ZL28read_encoded_value_with_basehjPKhPj
                0x00012b90        0xc c:/gnu tools arm embedded_4.8 2014q1/bin/../lib/gcc/arm-none-eabi/4.8.3/../../../../arm-none-eabi/lib/armv6-m\libstdc++.a(eh_personality.o)
 .ARM.extab.text._ZL21base_of_encoded_valuehP15_Unwind_Context
                0x00012b9c        0xc c:/gnu tools arm embedded_4.8 2014q1/bin/../lib/gcc/arm-none-eabi/4.8.3/../../../../arm-none-eabi/lib/armv6-m\libstdc++.a(eh_personality.o)
 .ARM.extab.text.__gxx_personality_v0
                0x00012ba8       0x24 c:/gnu tools arm embedded_4.8 2014q1/bin/../lib/gcc/arm-none-eabi/4.8.3/../../../../arm-none-eabi/lib/armv6-m\libstdc++.a(eh_personality.o)
 .ARM.extab.text._ZN10__cxxabiv111__terminateEPFvvE
                0x00012bcc       0x28 c:/gnu tools arm embedded_4.8 2014q1/bin/../lib/gcc/arm-none-eabi/4.8.3/../../../../arm-none-eabi/lib/armv6-m\libstdc++.a(eh_terminate.o)
 .ARM.extab.text._ZN10__cxxabiv112__unexpectedEPFvvE
                0x00012bf4        0xc c:/gnu tools arm embedded_4.8 2014q1/bin/../lib/gcc/arm-none-eabi/4.8.3/../../../../arm-none-eabi/lib/armv6-m\libstdc++.a(eh_terminate.o)
 .ARM.extab.text._ZSt10unexpectedv
                0x00012c00        0xc c:/gnu tools arm embedded_4.8 2014q1/bin/../lib/gcc/arm-none-eabi/4.8.3/../../../../arm-none-eabi/lib/armv6-m\libstdc++.a(eh_terminate.o)
 .ARM.extab.text.__cxa_begin_catch
                0x00012c0c       0x1c c:/gnu tools arm embedded_4.8 2014q1/bin/../lib/gcc/arm-none-eabi/4.8.3/../../../../arm-none-eabi/lib/armv6-m\libstdc++.a(eh_catch.o)
 .ARM.extab.text.__cxa_end_catch
                0x00012c28        0xc c:/gnu tools arm embedded_4.8 2014q1/bin/../lib/gcc/arm-none-eabi/4.8.3/../../../../arm-none-eabi/lib/armv6-m\libstdc++.a(eh_catch.o)
 .ARM.extab.text.__cxa_call_unexpected
                0x00012c34       0x30 c:/gnu tools arm embedded_4.8 2014q1/bin/../lib/gcc/arm-none-eabi/4.8.3/../../../../arm-none-eabi/lib/armv6-m\libstdc++.a(eh_call.o)
 .ARM.extab.text._ZN9__gnu_cxx27__verbose_terminate_handlerEv
                0x00012c64       0x34 c:/gnu tools arm embedded_4.8 2014q1/bin/../lib/gcc/arm-none-eabi/4.8.3/../../../../arm-none-eabi/lib/armv6-m\libstdc++.a(vterminate.o)
                0x00012c98                __exidx_start = .

.ARM.exidx      0x00012c98      0x238
 *(.ARM.exidx* .gnu.linkonce.armexidx.*)
 .ARM.exidx.text.setup
                0x00012c98        0x8 debug_arduino_zero/test.o
 .ARM.exidx.text._ZL9led_step1v
                0x00012ca0        0x0 debug_arduino_zero/test.o
                                  0x8 (size before relaxing)
 .ARM.exidx.text._ZL9led_step2v
                0x00012ca0        0x0 debug_arduino_zero/test.o
                                  0x8 (size before relaxing)
 .ARM.exidx.text.loop
                0x00012ca0        0x0 debug_arduino_zero/test.o
                                  0x8 (size before relaxing)
 .ARM.exidx.text._ZN9PrintableC2Ev
                0x00012ca0        0x8 debug_arduino_zero/IPAddress.o
 .ARM.exidx.text._ZN9IPAddressC2Ehhhh
                0x00012ca8        0x0 debug_arduino_zero/IPAddress.o
                                  0x8 (size before relaxing)
 .ARM.exidx.text._ZNK9IPAddress7printToER5Print
                0x00012ca8        0x8 debug_arduino_zero/IPAddress.o
 .ARM.exidx.text._Z41__static_initialization_and_destruction_0ii
                0x00012cb0        0x8 debug_arduino_zero/IPAddress.o
 .ARM.exidx.text._GLOBAL__sub_I__ZN9IPAddressC2Ev
                0x00012cb8        0x0 debug_arduino_zero/IPAddress.o
                                  0x8 (size before relaxing)
 .ARM.exidx.text.main
                0x00012cb8        0x8 debug_arduino_zero/main.o
 .ARM.exidx.text._ZN5Print5writeEPKc
                0x00012cc0        0x8 debug_arduino_zero/Print.o
 .ARM.exidx.text._ZN5Print5printEc
                0x00012cc8        0x8 debug_arduino_zero/Print.o
 .ARM.exidx.text._ZN5Print5printEhi
                0x00012cd0        0x8 debug_arduino_zero/Print.o
 .ARM.exidx.text._ZN5Print5printEmi
                0x00012cd8        0x8 debug_arduino_zero/Print.o
 .ARM.exidx.text._ZN5Print11printNumberEmh
                0x00012ce0       0x10 debug_arduino_zero/Print.o
                                  0x8 (size before relaxing)
 .ARM.exidx     0x00012cf0       0xa0 c:/gnu tools arm embedded_4.8 2014q1/bin/../lib/gcc/arm-none-eabi/4.8.3/armv6-m\libgcc.a(unwind-arm.o)
                                 0xd8 (size before relaxing)
 .ARM.exidx     0x00012d90       0x38 c:/gnu tools arm embedded_4.8 2014q1/bin/../lib/gcc/arm-none-eabi/4.8.3/armv6-m\libgcc.a(pr-support.o)
                                 0x48 (size before relaxing)
 .ARM.exidx.text.__cxa_pure_virtual
                0x00012dc8       0x10 c:/gnu tools arm embedded_4.8 2014q1/bin/../lib/gcc/arm-none-eabi/4.8.3/../../../../arm-none-eabi/lib/armv6-m\libstdc++.a(pure.o)
                                  0x8 (size before relaxing)
 .ARM.exidx.text.__cxa_type_match
                0x00012dd8        0x8 c:/gnu tools arm embedded_4.8 2014q1/bin/../lib/gcc/arm-none-eabi/4.8.3/../../../../arm-none-eabi/lib/armv6-m\libstdc++.a(eh_arm.o)
 .ARM.exidx.text.__cxa_begin_cleanup
                0x00012de0        0x8 c:/gnu tools arm embedded_4.8 2014q1/bin/../lib/gcc/arm-none-eabi/4.8.3/../../../../arm-none-eabi/lib/armv6-m\libstdc++.a(eh_arm.o)
 .ARM.exidx.text.__gnu_end_cleanup
                0x00012de8        0x0 c:/gnu tools arm embedded_4.8 2014q1/bin/../lib/gcc/arm-none-eabi/4.8.3/../../../../arm-none-eabi/lib/armv6-m\libstdc++.a(eh_arm.o)
                                  0x8 (size before relaxing)
 .ARM.exidx.text._ZNK10__cxxabiv117__class_type_info11__do_upcastEPKS0_PPv
                0x00012de8        0x8 c:/gnu tools arm embedded_4.8 2014q1/bin/../lib/gcc/arm-none-eabi/4.8.3/../../../../arm-none-eabi/lib/armv6-m\libstdc++.a(class_type_info.o)
 .ARM.exidx.text._ZNK10__cxxabiv117__class_type_info20__do_find_public_srcEiPKvPKS0_S2_
                0x00012df0        0x8 c:/gnu tools arm embedded_4.8 2014q1/bin/../lib/gcc/arm-none-eabi/4.8.3/../../../../arm-none-eabi/lib/armv6-m\libstdc++.a(class_type_info.o)
 .ARM.exidx.text._ZN10__cxxabiv117__class_type_infoD2Ev
                0x00012df8        0x8 c:/gnu tools arm embedded_4.8 2014q1/bin/../lib/gcc/arm-none-eabi/4.8.3/../../../../arm-none-eabi/lib/armv6-m\libstdc++.a(class_type_info.o)
 .ARM.exidx.text._ZN10__cxxabiv117__class_type_infoD0Ev
                0x00012e00        0x0 c:/gnu tools arm embedded_4.8 2014q1/bin/../lib/gcc/arm-none-eabi/4.8.3/../../../../arm-none-eabi/lib/armv6-m\libstdc++.a(class_type_info.o)
                                  0x8 (size before relaxing)
 .ARM.exidx.text._ZNK10__cxxabiv117__class_type_info11__do_upcastEPKS0_PKvRNS0_15__upcast_resultE
                0x00012e00        0x8 c:/gnu tools arm embedded_4.8 2014q1/bin/../lib/gcc/arm-none-eabi/4.8.3/../../../../arm-none-eabi/lib/armv6-m\libstdc++.a(class_type_info.o)
 .ARM.exidx.text._ZNK10__cxxabiv117__class_type_info10__do_catchEPKSt9type_infoPPvj
                0x00012e08        0x8 c:/gnu tools arm embedded_4.8 2014q1/bin/../lib/gcc/arm-none-eabi/4.8.3/../../../../arm-none-eabi/lib/armv6-m\libstdc++.a(class_type_info.o)
 .ARM.exidx.text._ZNK10__cxxabiv117__class_type_info12__do_dyncastEiNS0_10__sub_kindEPKS0_PKvS3_S5_RNS0_16__dyncast_resultE
                0x00012e10        0x8 c:/gnu tools arm embedded_4.8 2014q1/bin/../lib/gcc/arm-none-eabi/4.8.3/../../../../arm-none-eabi/lib/armv6-m\libstdc++.a(class_type_info.o)
 .ARM.exidx.text._ZN10__cxxabiv120__si_class_type_infoD2Ev
                0x00012e18        0x8 c:/gnu tools arm embedded_4.8 2014q1/bin/../lib/gcc/arm-none-eabi/4.8.3/../../../../arm-none-eabi/lib/armv6-m\libstdc++.a(si_class_type_info.o)
 .ARM.exidx.text._ZN10__cxxabiv120__si_class_type_infoD0Ev
                0x00012e20        0x0 c:/gnu tools arm embedded_4.8 2014q1/bin/../lib/gcc/arm-none-eabi/4.8.3/../../../../arm-none-eabi/lib/armv6-m\libstdc++.a(si_class_type_info.o)
                                  0x8 (size before relaxing)
 .ARM.exidx.text._ZNK10__cxxabiv120__si_class_type_info20__do_find_public_srcEiPKvPKNS_17__class_type_infoES2_
                0x00012e20        0x8 c:/gnu tools arm embedded_4.8 2014q1/bin/../lib/gcc/arm-none-eabi/4.8.3/../../../../arm-none-eabi/lib/armv6-m\libstdc++.a(si_class_type_info.o)
 .ARM.exidx.text._ZNK10__cxxabiv120__si_class_type_info12__do_dyncastEiNS_17__class_type_info10__sub_kindEPKS1_PKvS4_S6_RNS1_16__dyncast_resultE
                0x00012e28        0x8 c:/gnu tools arm embedded_4.8 2014q1/bin/../lib/gcc/arm-none-eabi/4.8.3/../../../../arm-none-eabi/lib/armv6-m\libstdc++.a(si_class_type_info.o)
 .ARM.exidx.text._ZNK10__cxxabiv120__si_class_type_info11__do_upcastEPKNS_17__class_type_infoEPKvRNS1_15__upcast_resultE
                0x00012e30        0x8 c:/gnu tools arm embedded_4.8 2014q1/bin/../lib/gcc/arm-none-eabi/4.8.3/../../../../arm-none-eabi/lib/armv6-m\libstdc++.a(si_class_type_info.o)
 .ARM.exidx.text._ZL12read_sleb128PKhPl
                0x00012e38        0x8 c:/gnu tools arm embedded_4.8 2014q1/bin/../lib/gcc/arm-none-eabi/4.8.3/../../../../arm-none-eabi/lib/armv6-m\libstdc++.a(eh_personality.o)
 .ARM.exidx.text._ZL28read_encoded_value_with_basehjPKhPj
                0x00012e40        0x8 c:/gnu tools arm embedded_4.8 2014q1/bin/../lib/gcc/arm-none-eabi/4.8.3/../../../../arm-none-eabi/lib/armv6-m\libstdc++.a(eh_personality.o)
 .ARM.exidx.text._ZL21base_of_encoded_valuehP15_Unwind_Context
                0x00012e48        0x8 c:/gnu tools arm embedded_4.8 2014q1/bin/../lib/gcc/arm-none-eabi/4.8.3/../../../../arm-none-eabi/lib/armv6-m\libstdc++.a(eh_personality.o)
 .ARM.exidx.text._ZL17parse_lsda_headerP15_Unwind_ContextPKhP16lsda_header_info
                0x00012e50        0x8 c:/gnu tools arm embedded_4.8 2014q1/bin/../lib/gcc/arm-none-eabi/4.8.3/../../../../arm-none-eabi/lib/armv6-m\libstdc++.a(eh_personality.o)
 .ARM.exidx.text.__gxx_personality_v0
                0x00012e58        0x8 c:/gnu tools arm embedded_4.8 2014q1/bin/../lib/gcc/arm-none-eabi/4.8.3/../../../../arm-none-eabi/lib/armv6-m\libstdc++.a(eh_personality.o)
 .ARM.exidx.text._ZN10__cxxabiv111__terminateEPFvvE
                0x00012e60        0x8 c:/gnu tools arm embedded_4.8 2014q1/bin/../lib/gcc/arm-none-eabi/4.8.3/../../../../arm-none-eabi/lib/armv6-m\libstdc++.a(eh_terminate.o)
 .ARM.exidx.text._ZSt9terminatev
                0x00012e68        0x8 c:/gnu tools arm embedded_4.8 2014q1/bin/../lib/gcc/arm-none-eabi/4.8.3/../../../../arm-none-eabi/lib/armv6-m\libstdc++.a(eh_terminate.o)
 .ARM.exidx.text._ZN10__cxxabiv112__unexpectedEPFvvE
                0x00012e70        0x8 c:/gnu tools arm embedded_4.8 2014q1/bin/../lib/gcc/arm-none-eabi/4.8.3/../../../../arm-none-eabi/lib/armv6-m\libstdc++.a(eh_terminate.o)
 .ARM.exidx.text._ZSt10unexpectedv
                0x00012e78        0x8 c:/gnu tools arm embedded_4.8 2014q1/bin/../lib/gcc/arm-none-eabi/4.8.3/../../../../arm-none-eabi/lib/armv6-m\libstdc++.a(eh_terminate.o)
 .ARM.exidx.text.__cxa_get_globals_fast
                0x00012e80        0x8 c:/gnu tools arm embedded_4.8 2014q1/bin/../lib/gcc/arm-none-eabi/4.8.3/../../../../arm-none-eabi/lib/armv6-m\libstdc++.a(eh_globals.o)
 .ARM.exidx.text.__cxa_get_globals
                0x00012e88        0x0 c:/gnu tools arm embedded_4.8 2014q1/bin/../lib/gcc/arm-none-eabi/4.8.3/../../../../arm-none-eabi/lib/armv6-m\libstdc++.a(eh_globals.o)
                                  0x8 (size before relaxing)
 .ARM.exidx.text.__cxa_begin_catch
                0x00012e88        0x8 c:/gnu tools arm embedded_4.8 2014q1/bin/../lib/gcc/arm-none-eabi/4.8.3/../../../../arm-none-eabi/lib/armv6-m\libstdc++.a(eh_catch.o)
 .ARM.exidx.text.__cxa_end_catch
                0x00012e90        0x8 c:/gnu tools arm embedded_4.8 2014q1/bin/../lib/gcc/arm-none-eabi/4.8.3/../../../../arm-none-eabi/lib/armv6-m\libstdc++.a(eh_catch.o)
 .ARM.exidx.text._ZNSt9type_infoD2Ev
                0x00012e98        0x8 c:/gnu tools arm embedded_4.8 2014q1/bin/../lib/gcc/arm-none-eabi/4.8.3/../../../../arm-none-eabi/lib/armv6-m\libstdc++.a(tinfo.o)
 .ARM.exidx.text._ZNKSt9type_info14__is_pointer_pEv
                0x00012ea0        0x0 c:/gnu tools arm embedded_4.8 2014q1/bin/../lib/gcc/arm-none-eabi/4.8.3/../../../../arm-none-eabi/lib/armv6-m\libstdc++.a(tinfo.o)
                                  0x8 (size before relaxing)
 .ARM.exidx.text._ZNKSt9type_info15__is_function_pEv
                0x00012ea0        0x0 c:/gnu tools arm embedded_4.8 2014q1/bin/../lib/gcc/arm-none-eabi/4.8.3/../../../../arm-none-eabi/lib/armv6-m\libstdc++.a(tinfo.o)
                                  0x8 (size before relaxing)
 .ARM.exidx.text._ZNKSt9type_info11__do_upcastEPKN10__cxxabiv117__class_type_infoEPPv
                0x00012ea0        0x0 c:/gnu tools arm embedded_4.8 2014q1/bin/../lib/gcc/arm-none-eabi/4.8.3/../../../../arm-none-eabi/lib/armv6-m\libstdc++.a(tinfo.o)
                                  0x8 (size before relaxing)
 .ARM.exidx.text._ZNSt9type_infoD0Ev
                0x00012ea0        0x0 c:/gnu tools arm embedded_4.8 2014q1/bin/../lib/gcc/arm-none-eabi/4.8.3/../../../../arm-none-eabi/lib/armv6-m\libstdc++.a(tinfo.o)
                                  0x8 (size before relaxing)
 .ARM.exidx.text._ZNKSt9type_infoeqERKS_
                0x00012ea0        0x0 c:/gnu tools arm embedded_4.8 2014q1/bin/../lib/gcc/arm-none-eabi/4.8.3/../../../../arm-none-eabi/lib/armv6-m\libstdc++.a(tinfo.o)
                                  0x8 (size before relaxing)
 .ARM.exidx.text._ZNKSt9type_info10__do_catchEPKS_PPvj
                0x00012ea0        0x0 c:/gnu tools arm embedded_4.8 2014q1/bin/../lib/gcc/arm-none-eabi/4.8.3/../../../../arm-none-eabi/lib/armv6-m\libstdc++.a(tinfo.o)
                                  0x8 (size before relaxing)
 .ARM.exidx.text._ZNSt9exceptionD2Ev
                0x00012ea0        0x0 c:/gnu tools arm embedded_4.8 2014q1/bin/../lib/gcc/arm-none-eabi/4.8.3/../../../../arm-none-eabi/lib/armv6-m\libstdc++.a(eh_exception.o)
                                  0x8 (size before relaxing)
 .ARM.exidx.text._ZNSt13bad_exceptionD2Ev
                0x00012ea0        0x0 c:/gnu tools arm embedded_4.8 2014q1/bin/../lib/gcc/arm-none-eabi/4.8.3/../../../../arm-none-eabi/lib/armv6-m\libstdc++.a(eh_exception.o)
                                  0x8 (size before relaxing)
 .ARM.exidx.text._ZNKSt9exception4whatEv
                0x00012ea0        0x0 c:/gnu tools arm embedded_4.8 2014q1/bin/../lib/gcc/arm-none-eabi/4.8.3/../../../../arm-none-eabi/lib/armv6-m\libstdc++.a(eh_exception.o)
                                  0x8 (size before relaxing)
 .ARM.exidx.text._ZNKSt13bad_exception4whatEv
                0x00012ea0        0x0 c:/gnu tools arm embedded_4.8 2014q1/bin/../lib/gcc/arm-none-eabi/4.8.3/../../../../arm-none-eabi/lib/armv6-m\libstdc++.a(eh_exception.o)
                                  0x8 (size before relaxing)
 .ARM.exidx.text._ZNSt9exceptionD0Ev
                0x00012ea0        0x0 c:/gnu tools arm embedded_4.8 2014q1/bin/../lib/gcc/arm-none-eabi/4.8.3/../../../../arm-none-eabi/lib/armv6-m\libstdc++.a(eh_exception.o)
                                  0x8 (size before relaxing)
 .ARM.exidx.text._ZNSt13bad_exceptionD0Ev
                0x00012ea0        0x0 c:/gnu tools arm embedded_4.8 2014q1/bin/../lib/gcc/arm-none-eabi/4.8.3/../../../../arm-none-eabi/lib/armv6-m\libstdc++.a(eh_exception.o)
                                  0x8 (size before relaxing)
 .ARM.exidx.text._ZdlPv
                0x00012ea0        0x0 c:/gnu tools arm embedded_4.8 2014q1/bin/../lib/gcc/arm-none-eabi/4.8.3/../../../../arm-none-eabi/lib/armv6-m\libstdc++.a(del_op.o)
                                  0x8 (size before relaxing)
 .ARM.exidx.text._ZN10__cxxabiv1L24__is_gxx_exception_classEPc
                0x00012ea0        0x0 c:/gnu tools arm embedded_4.8 2014q1/bin/../lib/gcc/arm-none-eabi/4.8.3/../../../../arm-none-eabi/lib/armv6-m\libstdc++.a(eh_call.o)
                                  0x8 (size before relaxing)
 .ARM.exidx.text.__cxa_call_terminate
                0x00012ea0        0x0 c:/gnu tools arm embedded_4.8 2014q1/bin/../lib/gcc/arm-none-eabi/4.8.3/../../../../arm-none-eabi/lib/armv6-m\libstdc++.a(eh_call.o)
                                  0x8 (size before relaxing)
 .ARM.exidx.text.__cxa_call_unexpected
                0x00012ea0        0x8 c:/gnu tools arm embedded_4.8 2014q1/bin/../lib/gcc/arm-none-eabi/4.8.3/../../../../arm-none-eabi/lib/armv6-m\libstdc++.a(eh_call.o)
 .ARM.exidx.text._ZN9__gnu_cxx27__verbose_terminate_handlerEv
                0x00012ea8        0x8 c:/gnu tools arm embedded_4.8 2014q1/bin/../lib/gcc/arm-none-eabi/4.8.3/../../../../arm-none-eabi/lib/armv6-m\libstdc++.a(vterminate.o)
 .ARM.exidx.text._ZL23__gxx_exception_cleanup19_Unwind_Reason_CodeP21_Unwind_Control_Block
                0x00012eb0        0x8 c:/gnu tools arm embedded_4.8 2014q1/bin/../lib/gcc/arm-none-eabi/4.8.3/../../../../arm-none-eabi/lib/armv6-m\libstdc++.a(eh_throw.o)
 .ARM.exidx.text.__cxa_throw
                0x00012eb8        0x8 c:/gnu tools arm embedded_4.8 2014q1/bin/../lib/gcc/arm-none-eabi/4.8.3/../../../../arm-none-eabi/lib/armv6-m\libstdc++.a(eh_throw.o)
 .ARM.exidx.text.__cxa_rethrow
                0x00012ec0        0x8 c:/gnu tools arm embedded_4.8 2014q1/bin/../lib/gcc/arm-none-eabi/4.8.3/../../../../arm-none-eabi/lib/armv6-m\libstdc++.a(eh_throw.o)
 .ARM.exidx.text.__cxa_current_exception_type
                0x00012ec8        0x8 c:/gnu tools arm embedded_4.8 2014q1/bin/../lib/gcc/arm-none-eabi/4.8.3/../../../../arm-none-eabi/lib/armv6-m\libstdc++.a(eh_type.o)
 .ARM.exidx.text.__cxa_allocate_exception
                0x00012ed0        0x0 c:/gnu tools arm embedded_4.8 2014q1/bin/../lib/gcc/arm-none-eabi/4.8.3/../../../../arm-none-eabi/lib/armv6-m\libstdc++.a(eh_alloc.o)
                                  0x8 (size before relaxing)
 .ARM.exidx.text.__cxa_free_exception
                0x00012ed0        0x0 c:/gnu tools arm embedded_4.8 2014q1/bin/../lib/gcc/arm-none-eabi/4.8.3/../../../../arm-none-eabi/lib/armv6-m\libstdc++.a(eh_alloc.o)
                                  0x8 (size before relaxing)
 .ARM.exidx     0x00012ed0        0x0 c:/gnu tools arm embedded_4.8 2014q1/bin/../lib/gcc/arm-none-eabi/4.8.3/armv6-m\libgcc.a(_divdi3.o)
                                  0x8 (size before relaxing)
 .ARM.exidx     0x00012ed0        0x0 c:/gnu tools arm embedded_4.8 2014q1/bin/../lib/gcc/arm-none-eabi/4.8.3/armv6-m\libgcc.a(_udivdi3.o)
                                  0x8 (size before relaxing)
                0x00012ed0                __exidx_end = .
                0x00012ed0                __etext = .

.rel.dyn        0x00012ed0        0x0
 .rel.iplt      0x00000000        0x0 c:/gnu tools arm embedded_4.8 2014q1/bin/../lib/gcc/arm-none-eabi/4.8.3/armv6-m/crtbegin.o

.data           0x20000000      0x8c0 load address 0x00012ed0
                0x20000000                __data_start__ = .
 *(vtable)
 *(.data*)
 .data          0x20000000        0x4 debug_arduino_zero/wiring.o
                0x20000000                SystemCoreClock
 *fill*         0x20000004        0x4 
 .data.impure_data
                0x20000008      0x428 c:/gnu tools arm embedded_4.8 2014q1/bin/../lib/gcc/arm-none-eabi/4.8.3/../../../../arm-none-eabi/lib/armv6-m\libc.a(lib_a-impure.o)
 .data._impure_ptr
                0x20000430        0x4 c:/gnu tools arm embedded_4.8 2014q1/bin/../lib/gcc/arm-none-eabi/4.8.3/../../../../arm-none-eabi/lib/armv6-m\libc.a(lib_a-impure.o)
                0x20000430                _impure_ptr
 .data.__malloc_av_
                0x20000434      0x408 c:/gnu tools arm embedded_4.8 2014q1/bin/../lib/gcc/arm-none-eabi/4.8.3/../../../../arm-none-eabi/lib/armv6-m\libc.a(lib_a-mallocr.o)
                0x20000434                __malloc_av_
 .data.__malloc_trim_threshold
                0x2000083c        0x4 c:/gnu tools arm embedded_4.8 2014q1/bin/../lib/gcc/arm-none-eabi/4.8.3/../../../../arm-none-eabi/lib/armv6-m\libc.a(lib_a-mallocr.o)
                0x2000083c                __malloc_trim_threshold
 .data.__malloc_sbrk_base
                0x20000840        0x4 c:/gnu tools arm embedded_4.8 2014q1/bin/../lib/gcc/arm-none-eabi/4.8.3/../../../../arm-none-eabi/lib/armv6-m\libc.a(lib_a-mallocr.o)
                0x20000840                __malloc_sbrk_base
 .data.lconv    0x20000844       0x38 c:/gnu tools arm embedded_4.8 2014q1/bin/../lib/gcc/arm-none-eabi/4.8.3/../../../../arm-none-eabi/lib/armv6-m\libc.a(lib_a-locale.o)
 .data.lc_ctype_charset
                0x2000087c       0x20 c:/gnu tools arm embedded_4.8 2014q1/bin/../lib/gcc/arm-none-eabi/4.8.3/../../../../arm-none-eabi/lib/armv6-m\libc.a(lib_a-locale.o)
 .data.__mb_cur_max
                0x2000089c        0x4 c:/gnu tools arm embedded_4.8 2014q1/bin/../lib/gcc/arm-none-eabi/4.8.3/../../../../arm-none-eabi/lib/armv6-m\libc.a(lib_a-locale.o)
                0x2000089c                __mb_cur_max
 .data.__wctomb
                0x200008a0        0x4 c:/gnu tools arm embedded_4.8 2014q1/bin/../lib/gcc/arm-none-eabi/4.8.3/../../../../arm-none-eabi/lib/armv6-m\libc.a(lib_a-wctomb_r.o)
                0x200008a0                __wctomb
 .data._ZN10__cxxabiv120__unexpected_handlerE
                0x200008a4        0x4 c:/gnu tools arm embedded_4.8 2014q1/bin/../lib/gcc/arm-none-eabi/4.8.3/../../../../arm-none-eabi/lib/armv6-m\libstdc++.a(eh_unex_handler.o)
                0x200008a4                __cxxabiv1::__unexpected_handler
 .data._ZN10__cxxabiv119__terminate_handlerE
                0x200008a8        0x4 c:/gnu tools arm embedded_4.8 2014q1/bin/../lib/gcc/arm-none-eabi/4.8.3/../../../../arm-none-eabi/lib/armv6-m\libstdc++.a(eh_term_handler.o)
                0x200008a8                __cxxabiv1::__terminate_handler
                0x200008ac                . = ALIGN (0x4)
                0x200008ac                PROVIDE (__preinit_array_start, .)
 *(.preinit_array)
                0x200008ac                PROVIDE (__preinit_array_end, .)
                0x200008ac                . = ALIGN (0x4)
                0x200008ac                PROVIDE (__init_array_start, .)
 *(SORT(.init_array.*))
 .init_array.00000
                0x200008ac        0x4 c:/gnu tools arm embedded_4.8 2014q1/bin/../lib/gcc/arm-none-eabi/4.8.3/../../../../arm-none-eabi/lib/armv6-m\libc.a(lib_a-__call_atexit.o)
 *(.init_array)
 .init_array    0x200008b0        0x4 c:/gnu tools arm embedded_4.8 2014q1/bin/../lib/gcc/arm-none-eabi/4.8.3/armv6-m/crtbegin.o
 .init_array    0x200008b4        0x4 debug_arduino_zero/IPAddress.o
                0x200008b8                PROVIDE (__init_array_end, .)
                0x200008b8                . = ALIGN (0x4)
                0x200008b8                PROVIDE (__fini_array_start, .)
 *(SORT(.fini_array.*))
 *(.fini_array)
 .fini_array    0x200008b8        0x4 c:/gnu tools arm embedded_4.8 2014q1/bin/../lib/gcc/arm-none-eabi/4.8.3/armv6-m/crtbegin.o
                0x200008bc                PROVIDE (__fini_array_end, .)
 *(.jcr*)
 .jcr           0x200008bc        0x0 c:/gnu tools arm embedded_4.8 2014q1/bin/../lib/gcc/arm-none-eabi/4.8.3/armv6-m/crtbegin.o
 .jcr           0x200008bc        0x4 c:/gnu tools arm embedded_4.8 2014q1/bin/../lib/gcc/arm-none-eabi/4.8.3/armv6-m/crtend.o
                0x200008c0                . = ALIGN (0x4)
                0x200008c0                __data_end__ = .

.igot.plt       0x200008c0        0x0 load address 0x00013790
 .igot.plt      0x00000000        0x0 c:/gnu tools arm embedded_4.8 2014q1/bin/../lib/gcc/arm-none-eabi/4.8.3/armv6-m/crtbegin.o

.bss            0x200008c0      0x874 load address 0x00013790
                0x200008c0                . = ALIGN (0x4)
                0x200008c0                __bss_start__ = .
 *(.bss*)
 .bss           0x200008c0       0x1c c:/gnu tools arm embedded_4.8 2014q1/bin/../lib/gcc/arm-none-eabi/4.8.3/armv6-m/crtbegin.o
 .bss           0x200008dc        0x4 debug_arduino_zero/syscalls.o
 .bss._ZL11INADDR_NONE
                0x200008e0        0x8 debug_arduino_zero/IPAddress.o
 .bss.__malloc_max_total_mem
                0x200008e8        0x4 c:/gnu tools arm embedded_4.8 2014q1/bin/../lib/gcc/arm-none-eabi/4.8.3/../../../../arm-none-eabi/lib/armv6-m\libc.a(lib_a-mallocr.o)
                0x200008e8                __malloc_max_total_mem
 .bss.__malloc_max_sbrked_mem
                0x200008ec        0x4 c:/gnu tools arm embedded_4.8 2014q1/bin/../lib/gcc/arm-none-eabi/4.8.3/../../../../arm-none-eabi/lib/armv6-m\libc.a(lib_a-mallocr.o)
                0x200008ec                __malloc_max_sbrked_mem
 .bss.__malloc_top_pad
                0x200008f0        0x4 c:/gnu tools arm embedded_4.8 2014q1/bin/../lib/gcc/arm-none-eabi/4.8.3/../../../../arm-none-eabi/lib/armv6-m\libc.a(lib_a-mallocr.o)
                0x200008f0                __malloc_top_pad
 .bss.__malloc_current_mallinfo
                0x200008f4       0x28 c:/gnu tools arm embedded_4.8 2014q1/bin/../lib/gcc/arm-none-eabi/4.8.3/../../../../arm-none-eabi/lib/armv6-m\libc.a(lib_a-mallocr.o)
                0x200008f4                __malloc_current_mallinfo
 .bss._ZL10eh_globals
                0x2000091c        0xc c:/gnu tools arm embedded_4.8 2014q1/bin/../lib/gcc/arm-none-eabi/4.8.3/../../../../arm-none-eabi/lib/armv6-m\libstdc++.a(eh_globals.o)
 .bss._ZZN9__gnu_cxx27__verbose_terminate_handlerEvE11terminating
                0x20000928        0x1 c:/gnu tools arm embedded_4.8 2014q1/bin/../lib/gcc/arm-none-eabi/4.8.3/../../../../arm-none-eabi/lib/armv6-m\libstdc++.a(vterminate.o)
 *fill*         0x20000929        0x3 
 .bss._ZL14emergency_used
                0x2000092c        0x4 c:/gnu tools arm embedded_4.8 2014q1/bin/../lib/gcc/arm-none-eabi/4.8.3/../../../../arm-none-eabi/lib/armv6-m\libstdc++.a(eh_alloc.o)
 .bss._ZL16emergency_buffer
                0x20000930      0x800 c:/gnu tools arm embedded_4.8 2014q1/bin/../lib/gcc/arm-none-eabi/4.8.3/../../../../arm-none-eabi/lib/armv6-m\libstdc++.a(eh_alloc.o)
 *(COMMON)
 COMMON         0x20001130        0x4 c:/gnu tools arm embedded_4.8 2014q1/bin/../lib/gcc/arm-none-eabi/4.8.3/../../../../arm-none-eabi/lib/armv6-m\libc.a(lib_a-reent.o)
                0x20001130                errno
                0x20001134                . = ALIGN (0x4)
                0x20001134                __bss_end__ = .

.heap           0x20001134        0x0
                0x20001134                __end__ = .
                0x20001134                PROVIDE (end, .)
 *(.heap*)
                0x20001134                __HeapLimit = .

.stack_dummy    0x20001134        0x0
 *(.stack*)
                0x20008000                __StackTop = (ORIGIN (RAM) + 0x8000)
                0x20008000                __StackLimit = (__StackTop - SIZEOF (.stack_dummy))
                0x20008000                PROVIDE (__stack, __StackTop)
                0x20007fff                __ram_end__ = ((ORIGIN (RAM) + 0x8000) - 0x1)
                0x00000001                ASSERT ((__StackLimit >= __HeapLimit), region RAM overflowed with stack)
OUTPUT(debug_arduino_zero/test_gcc_dbg.elf elf32-littlearm)

.ARM.attributes
                0x00000000       0x28
 .ARM.attributes
                0x00000000       0x1e c:/gnu tools arm embedded_4.8 2014q1/bin/../lib/gcc/arm-none-eabi/4.8.3/armv6-m/crti.o
 .ARM.attributes
                0x0000001e       0x2c c:/gnu tools arm embedded_4.8 2014q1/bin/../lib/gcc/arm-none-eabi/4.8.3/armv6-m/crtbegin.o
 .ARM.attributes
                0x0000004a       0x32 debug_arduino_zero/delay.o
 .ARM.attributes
                0x0000007c       0x32 debug_arduino_zero/startup.o
 .ARM.attributes
                0x000000ae       0x32 debug_arduino_zero/syscalls.o
 .ARM.attributes
                0x000000e0       0x32 debug_arduino_zero/wiring.o
 .ARM.attributes
                0x00000112       0x32 debug_arduino_zero/wiring_digital.o
 .ARM.attributes